<html>
<body>
<pre>
<h1>µVision Build Log</h1>
<h2>Tool Versions:</h2>
IDE-Version: µVision V5.32.0.0
Copyright (C) 2020 ARM Ltd and ARM Germany GmbH. All rights reserved.
License Information: hamza naeem, taraz, LIC=RC93N-YLIXD-BS4YX-HJRFG-K6DJY-X2QVL
 
Tool Versions:
Toolchain:       MDK-ARM Plus  Version: 5.32.0.0
Toolchain Path:  C:\Keil_v5\ARM\ARMCLANG\Bin
C Compiler:      ArmClang.exe V6.14.1
Assembler:       Armasm.exe V6.14.1
Linker/Locator:  ArmLink.exe V6.14.1
Library Manager: ArmAr.exe V6.14.1
Hex Converter:   FromElf.exe V6.14.1
CPU DLL:         SARMCM3.DLL V5.32.0.0
Dialog DLL:      DCM.DLL V1.17.3.0
Target DLL:      UL2CM3.DLL V1.163.9.0
Dialog DLL:      TCM.DLL V1.46.0.0
 
<h2>Project:</h2>
C:\TarazServer\07 Research and Development\02 PE Modules\03 SPM Power Modules\05 Testing\test project\app\FullBridge.uvprojx
Project File Date:  01/06/2021

<h2>Output:</h2>
*** Using Compiler 'V6.14.1', folder: 'C:\Keil_v5\ARM\ARMCLANG\Bin'
Build target 'Target 1'
compiling pin_mux.c...
compiling system_MKV58F24.c...
compiling clock_config.c...
compiling main.c...
compiling fsl_assert.c...
compiling uart_adapter.c...
compiling fsl_str.c...
compiling fsl_debug_console.c...
compiling generic_list.c...
compiling serial_manager.c...
compiling serial_port_uart.c...
compiling fsl_adc16.c...
compiling fsl_aoi.c...
compiling fsl_cmp.c...
compiling fsl_common.c...
compiling fsl_clock.c...
compiling fsl_crc.c...
compiling fsl_dac.c...
compiling fsl_dmamux.c...
compiling fsl_dspi.c...
compiling fsl_enc.c...
compiling fsl_dspi_edma.c...
compiling fsl_edma.c...
compiling fsl_enet.c...
compiling fsl_ewm.c...
compiling fsl_flexbus.c...
compiling fsl_flexcan.c...
compiling fsl_flexcan_edma.c...
compiling fsl_ftfx_cache.c...
compiling fsl_ftfx_controller.c...
compiling fsl_ftfx_flash.c...
compiling fsl_ftfx_flexnvm.c...
compiling fsl_ftm.c...
compiling fsl_gpio.c...
compiling fsl_hsadc.c...
compiling fsl_llwu.c...
compiling fsl_i2c.c...
compiling fsl_i2c_edma.c...
compiling fsl_lptmr.c...
compiling fsl_pdb.c...
compiling fsl_pmc.c...
compiling fsl_pit.c...
compiling fsl_pwm.c...
compiling fsl_rcm.c...
compiling fsl_sim.c...
compiling fsl_smc.c...
compiling fsl_sysmpu.c...
compiling fsl_trng.c...
compiling fsl_uart_edma.c...
compiling fsl_uart.c...
compiling fsl_wdog.c...
compiling fsl_xbara.c...
compiling fsl_xbarb.c...
linking...
..\devices\MKV58F24\arm\MKV58F1M0xxx24_flash.scf(22): warning: L6314W: No section matches pattern *(NonCacheable.init).
..\devices\MKV58F24\arm\MKV58F1M0xxx24_flash.scf(23): warning: L6314W: No section matches pattern *(*NonCacheable).
..\devices\MKV58F24\arm\MKV58F1M0xxx24_flash.scf(25): warning: L6314W: No section matches pattern *(RamFuction).
Program Size: Code=12956 RO-data=2160 RW-data=20 ZI-data=2344  
Finished: 0 information, 3 warning and 0 error messages.
".\Objects\test project.axf" - 0 Error(s), 3 Warning(s).

<h2>Software Packages used:</h2>

Package Vendor: NXP
                http://mcuxpresso.nxp.com/cmsis_pack/repo/NXP.MKV58F24_DFP.12.1.0.pack
                NXP.MKV58F24_DFP.12.1.0
                Device Family Pack for MKV58F24

<h2>Collection of Component include folders:</h2>
  C:\Users\Taraz Tech1\AppData\Local\Arm\Packs\NXP\MKV58F24_DFP\12.1.0

<h2>Collection of Component Files used:</h2>
Build Time Elapsed:  00:00:07
</pre>
</body>
</html>
