<!doctype html public "-//w3c//dtd html 4.0 transitional//en">
<html><head>
<title>Static Call Graph - [.\Objects\test project.axf]</title></head>
<body><HR>
<H1>Static Call Graph for image .\Objects\test project.axf</H1><HR>
<BR><P>#&#060CALLGRAPH&#062# ARM Linker, 6140101: Last Updated: Wed Jan  6 19:01:26 2021
<BR><P>
<H3>Maximum Stack Usage =        648 bytes + Unknown(Functions without stacksize, Cycles, Untraceable Function Pointers)</H3><H3>
Call chain for Maximum Stack Depth:</H3>
main &rArr; BOARD_InitPins &rArr; GPIO_PinInit &rArr; __aeabi_assert &rArr; DbgConsole_Printf &rArr; StrFormatPrintf &rArr; ConvertRadixNumToString
<P>
<H3>
Functions with no stack information
</H3><UL>
 <LI><a href="#[0]">Reset_Handler</a>
 <LI><a href="#[2f]">ADC0_IRQHandler</a>
 <LI><a href="#[4]">BusFault_Handler</a>
 <LI><a href="#[32]">CMP0_IRQHandler</a>
 <LI><a href="#[33]">CMP1_IRQHandler</a>
 <LI><a href="#[50]">CMP2_IRQHandler</a>
 <LI><a href="#[66]">CMP3_IRQHandler</a>
 <LI><a href="#[42]">DAC0_IRQHandler</a>
 <LI><a href="#[97]">DMA_Error_DriverIRQHandler</a>
 <LI><a href="#[7]">DebugMon_Handler</a>
 <LI><a href="#[83]">DefaultISR</a>
 <LI><a href="#[4c]">ENC_COMPARE_IRQHandler</a>
 <LI><a href="#[4d]">ENC_HOME_IRQHandler</a>
 <LI><a href="#[4f]">ENC_INDEX_IRQHandler</a>
 <LI><a href="#[4e]">ENC_WDOG_SAB_IRQHandler</a>
 <LI><a href="#[ab]">ENET_1588_Timer_DriverIRQHandler</a>
 <LI><a href="#[ae]">ENET_Error_DriverIRQHandler</a>
 <LI><a href="#[ad]">ENET_Receive_DriverIRQHandler</a>
 <LI><a href="#[ac]">ENET_Transmit_DriverIRQHandler</a>
 <LI><a href="#[1c]">FTFE_IRQHandler</a>
 <LI><a href="#[34]">FTM0_IRQHandler</a>
 <LI><a href="#[35]">FTM1_IRQHandler</a>
 <LI><a href="#[3f]">FTM2_IRQHandler</a>
 <LI><a href="#[51]">FTM3_IRQHandler</a>
 <LI><a href="#[31]">HSADC0_CCA_IRQHandler</a>
 <LI><a href="#[53]">HSADC0_CCB_IRQHandler</a>
 <LI><a href="#[54]">HSADC1_CCA_IRQHandler</a>
 <LI><a href="#[67]">HSADC1_CCB_IRQHandler</a>
 <LI><a href="#[30]">HSADC_ERR_IRQHandler</a>
 <LI><a href="#[1f]">LLWU_IRQHandler</a>
 <LI><a href="#[44]">LPTMR0_IRQHandler</a>
 <LI><a href="#[43]">MCG_IRQHandler</a>
 <LI><a href="#[1b]">MCM_IRQHandler</a>
 <LI><a href="#[3]">MemManage_Handler</a>
 <LI><a href="#[3e]">PDB0_IRQHandler</a>
 <LI><a href="#[41]">PDB1_IRQHandler</a>
 <LI><a href="#[3a]">PIT0_IRQHandler</a>
 <LI><a href="#[3b]">PIT1_IRQHandler</a>
 <LI><a href="#[3c]">PIT2_IRQHandler</a>
 <LI><a href="#[3d]">PIT3_IRQHandler</a>
 <LI><a href="#[1e]">PMC_IRQHandler</a>
 <LI><a href="#[45]">PORTA_IRQHandler</a>
 <LI><a href="#[46]">PORTB_IRQHandler</a>
 <LI><a href="#[47]">PORTC_IRQHandler</a>
 <LI><a href="#[48]">PORTD_IRQHandler</a>
 <LI><a href="#[49]">PORTE_IRQHandler</a>
 <LI><a href="#[63]">PWM0_CAP_IRQHandler</a>
 <LI><a href="#[5b]">PWM0_CMP0_IRQHandler</a>
 <LI><a href="#[5d]">PWM0_CMP1_IRQHandler</a>
 <LI><a href="#[5f]">PWM0_CMP2_IRQHandler</a>
 <LI><a href="#[61]">PWM0_CMP3_IRQHandler</a>
 <LI><a href="#[65]">PWM0_FAULT_IRQHandler</a>
 <LI><a href="#[5c]">PWM0_RELOAD0_IRQHandler</a>
 <LI><a href="#[5e]">PWM0_RELOAD1_IRQHandler</a>
 <LI><a href="#[60]">PWM0_RELOAD2_IRQHandler</a>
 <LI><a href="#[62]">PWM0_RELOAD3_IRQHandler</a>
 <LI><a href="#[64]">PWM0_RERR_IRQHandler</a>
 <LI><a href="#[7a]">PWM1_CAP_IRQHandler</a>
 <LI><a href="#[72]">PWM1_CMP0_IRQHandler</a>
 <LI><a href="#[74]">PWM1_CMP1_IRQHandler</a>
 <LI><a href="#[76]">PWM1_CMP2_IRQHandler</a>
 <LI><a href="#[78]">PWM1_CMP3_IRQHandler</a>
 <LI><a href="#[7c]">PWM1_FAULT_IRQHandler</a>
 <LI><a href="#[73]">PWM1_RELOAD0_IRQHandler</a>
 <LI><a href="#[75]">PWM1_RELOAD1_IRQHandler</a>
 <LI><a href="#[77]">PWM1_RELOAD2_IRQHandler</a>
 <LI><a href="#[79]">PWM1_RELOAD3_IRQHandler</a>
 <LI><a href="#[7b]">PWM1_RERR_IRQHandler</a>
 <LI><a href="#[1d]">Read_Collision_IRQHandler</a>
 <LI><a href="#[28]">Reserved46_IRQHandler</a>
 <LI><a href="#[52]">Reserved88_IRQHandler</a>
 <LI><a href="#[4a]">SWI_IRQHandler</a>
 <LI><a href="#[21]">TRNG0_IRQHandler</a>
 <LI><a href="#[9f]">UART0_ERR_DriverIRQHandler</a>
 <LI><a href="#[a1]">UART1_ERR_DriverIRQHandler</a>
 <LI><a href="#[a3]">UART2_ERR_DriverIRQHandler</a>
 <LI><a href="#[a5]">UART3_ERR_DriverIRQHandler</a>
 <LI><a href="#[a7]">UART4_ERR_DriverIRQHandler</a>
 <LI><a href="#[9d]">UART5_ERR_DriverIRQHandler</a>
 <LI><a href="#[5]">UsageFault_Handler</a>
 <LI><a href="#[20]">WDOG_EWM_IRQHandler</a>
 <LI><a href="#[40]">XBARA_IRQHandler</a>
 <LI><a href="#[1]">NMI_Handler</a>
 <LI><a href="#[2]">HardFault_Handler</a>
 <LI><a href="#[6]">SVC_Handler</a>
 <LI><a href="#[8]">PendSV_Handler</a>
 <LI><a href="#[9]">SysTick_Handler</a>
 <LI><a href="#[a]">DMA0_DMA16_IRQHandler</a>
 <LI><a href="#[b]">DMA1_DMA17_IRQHandler</a>
 <LI><a href="#[c]">DMA2_DMA18_IRQHandler</a>
 <LI><a href="#[d]">DMA3_DMA19_IRQHandler</a>
 <LI><a href="#[e]">DMA4_DMA20_IRQHandler</a>
 <LI><a href="#[f]">DMA5_DMA21_IRQHandler</a>
 <LI><a href="#[10]">DMA6_DMA22_IRQHandler</a>
 <LI><a href="#[11]">DMA7_DMA23_IRQHandler</a>
 <LI><a href="#[12]">DMA8_DMA24_IRQHandler</a>
 <LI><a href="#[13]">DMA9_DMA25_IRQHandler</a>
 <LI><a href="#[14]">DMA10_DMA26_IRQHandler</a>
 <LI><a href="#[15]">DMA11_DMA27_IRQHandler</a>
 <LI><a href="#[16]">DMA12_DMA28_IRQHandler</a>
 <LI><a href="#[17]">DMA13_DMA29_IRQHandler</a>
 <LI><a href="#[18]">DMA14_DMA30_IRQHandler</a>
 <LI><a href="#[19]">DMA15_DMA31_IRQHandler</a>
 <LI><a href="#[1a]">DMA_Error_IRQHandler</a>
 <LI><a href="#[22]">I2C0_IRQHandler</a>
 <LI><a href="#[23]">I2C1_IRQHandler</a>
 <LI><a href="#[24]">SPI0_IRQHandler</a>
 <LI><a href="#[25]">SPI1_IRQHandler</a>
 <LI><a href="#[26]">UART5_RX_TX_IRQHandler</a>
 <LI><a href="#[27]">UART5_ERR_IRQHandler</a>
 <LI><a href="#[29]">UART0_RX_TX_IRQHandler</a>
 <LI><a href="#[2a]">UART0_ERR_IRQHandler</a>
 <LI><a href="#[2b]">UART1_RX_TX_IRQHandler</a>
 <LI><a href="#[2c]">UART1_ERR_IRQHandler</a>
 <LI><a href="#[2d]">UART2_RX_TX_IRQHandler</a>
 <LI><a href="#[2e]">UART2_ERR_IRQHandler</a>
 <LI><a href="#[36]">UART3_RX_TX_IRQHandler</a>
 <LI><a href="#[37]">UART3_ERR_IRQHandler</a>
 <LI><a href="#[38]">UART4_RX_TX_IRQHandler</a>
 <LI><a href="#[39]">UART4_ERR_IRQHandler</a>
 <LI><a href="#[4b]">SPI2_IRQHandler</a>
 <LI><a href="#[55]">CAN0_ORed_Message_buffer_IRQHandler</a>
 <LI><a href="#[56]">CAN0_Bus_Off_IRQHandler</a>
 <LI><a href="#[57]">CAN0_Error_IRQHandler</a>
 <LI><a href="#[58]">CAN0_Tx_Warning_IRQHandler</a>
 <LI><a href="#[59]">CAN0_Rx_Warning_IRQHandler</a>
 <LI><a href="#[5a]">CAN0_Wake_Up_IRQHandler</a>
 <LI><a href="#[68]">CAN1_ORed_Message_buffer_IRQHandler</a>
 <LI><a href="#[69]">CAN1_Bus_Off_IRQHandler</a>
 <LI><a href="#[6a]">CAN1_Error_IRQHandler</a>
 <LI><a href="#[6b]">CAN1_Tx_Warning_IRQHandler</a>
 <LI><a href="#[6c]">CAN1_Rx_Warning_IRQHandler</a>
 <LI><a href="#[6d]">CAN1_Wake_Up_IRQHandler</a>
 <LI><a href="#[7d]">CAN2_ORed_Message_buffer_IRQHandler</a>
 <LI><a href="#[7e]">CAN2_Bus_Off_IRQHandler</a>
 <LI><a href="#[7f]">CAN2_Error_IRQHandler</a>
 <LI><a href="#[80]">CAN2_Tx_Warning_IRQHandler</a>
 <LI><a href="#[81]">CAN2_Rx_Warning_IRQHandler</a>
 <LI><a href="#[82]">CAN2_Wake_Up_IRQHandler</a>
</UL>
</UL>
<P>
<H3>
Mutually Recursive functions
</H3> <LI><a href="#[f1]">SerialManager_Write</a>&nbsp;&nbsp;&nbsp;&rArr;&nbsp;&nbsp;&nbsp;<a href="#[c2]">__aeabi_assert</a><BR>
 <LI><a href="#[f0]">Serial_UartWrite</a>&nbsp;&nbsp;&nbsp;&rArr;&nbsp;&nbsp;&nbsp;<a href="#[c2]">__aeabi_assert</a><BR>
 <LI><a href="#[ec]">HAL_UartSendBlocking</a>&nbsp;&nbsp;&nbsp;&rArr;&nbsp;&nbsp;&nbsp;<a href="#[c2]">__aeabi_assert</a><BR>
 <LI><a href="#[de]">DbgConsole_SendDataReliable</a>&nbsp;&nbsp;&nbsp;&rArr;&nbsp;&nbsp;&nbsp;<a href="#[c2]">__aeabi_assert</a><BR>
</UL>
<P>
<H3>
Function Pointers
</H3><UL>
 <LI><a href="#[2f]">ADC0_IRQHandler</a> from startup_mkv58f24.o(.text) referenced from startup_mkv58f24.o(.isr_vector)
 <LI><a href="#[4]">BusFault_Handler</a> from startup_mkv58f24.o(.text) referenced from startup_mkv58f24.o(.isr_vector)
 <LI><a href="#[56]">CAN0_Bus_Off_IRQHandler</a> from startup_mkv58f24.o(.text) referenced from startup_mkv58f24.o(.isr_vector)
 <LI><a href="#[a9]">CAN0_DriverIRQHandler</a> from fsl_flexcan.o(.text.CAN0_DriverIRQHandler) referenced 6 times from startup_mkv58f24.o(.text)
 <LI><a href="#[57]">CAN0_Error_IRQHandler</a> from startup_mkv58f24.o(.text) referenced from startup_mkv58f24.o(.isr_vector)
 <LI><a href="#[55]">CAN0_ORed_Message_buffer_IRQHandler</a> from startup_mkv58f24.o(.text) referenced from startup_mkv58f24.o(.isr_vector)
 <LI><a href="#[59]">CAN0_Rx_Warning_IRQHandler</a> from startup_mkv58f24.o(.text) referenced from startup_mkv58f24.o(.isr_vector)
 <LI><a href="#[58]">CAN0_Tx_Warning_IRQHandler</a> from startup_mkv58f24.o(.text) referenced from startup_mkv58f24.o(.isr_vector)
 <LI><a href="#[5a]">CAN0_Wake_Up_IRQHandler</a> from startup_mkv58f24.o(.text) referenced from startup_mkv58f24.o(.isr_vector)
 <LI><a href="#[69]">CAN1_Bus_Off_IRQHandler</a> from startup_mkv58f24.o(.text) referenced from startup_mkv58f24.o(.isr_vector)
 <LI><a href="#[aa]">CAN1_DriverIRQHandler</a> from fsl_flexcan.o(.text.CAN1_DriverIRQHandler) referenced 6 times from startup_mkv58f24.o(.text)
 <LI><a href="#[6a]">CAN1_Error_IRQHandler</a> from startup_mkv58f24.o(.text) referenced from startup_mkv58f24.o(.isr_vector)
 <LI><a href="#[68]">CAN1_ORed_Message_buffer_IRQHandler</a> from startup_mkv58f24.o(.text) referenced from startup_mkv58f24.o(.isr_vector)
 <LI><a href="#[6c]">CAN1_Rx_Warning_IRQHandler</a> from startup_mkv58f24.o(.text) referenced from startup_mkv58f24.o(.isr_vector)
 <LI><a href="#[6b]">CAN1_Tx_Warning_IRQHandler</a> from startup_mkv58f24.o(.text) referenced from startup_mkv58f24.o(.isr_vector)
 <LI><a href="#[6d]">CAN1_Wake_Up_IRQHandler</a> from startup_mkv58f24.o(.text) referenced from startup_mkv58f24.o(.isr_vector)
 <LI><a href="#[7e]">CAN2_Bus_Off_IRQHandler</a> from startup_mkv58f24.o(.text) referenced from startup_mkv58f24.o(.isr_vector)
 <LI><a href="#[af]">CAN2_DriverIRQHandler</a> from fsl_flexcan.o(.text.CAN2_DriverIRQHandler) referenced 6 times from startup_mkv58f24.o(.text)
 <LI><a href="#[7f]">CAN2_Error_IRQHandler</a> from startup_mkv58f24.o(.text) referenced from startup_mkv58f24.o(.isr_vector)
 <LI><a href="#[7d]">CAN2_ORed_Message_buffer_IRQHandler</a> from startup_mkv58f24.o(.text) referenced from startup_mkv58f24.o(.isr_vector)
 <LI><a href="#[81]">CAN2_Rx_Warning_IRQHandler</a> from startup_mkv58f24.o(.text) referenced from startup_mkv58f24.o(.isr_vector)
 <LI><a href="#[80]">CAN2_Tx_Warning_IRQHandler</a> from startup_mkv58f24.o(.text) referenced from startup_mkv58f24.o(.isr_vector)
 <LI><a href="#[82]">CAN2_Wake_Up_IRQHandler</a> from startup_mkv58f24.o(.text) referenced from startup_mkv58f24.o(.isr_vector)
 <LI><a href="#[32]">CMP0_IRQHandler</a> from startup_mkv58f24.o(.text) referenced from startup_mkv58f24.o(.isr_vector)
 <LI><a href="#[33]">CMP1_IRQHandler</a> from startup_mkv58f24.o(.text) referenced from startup_mkv58f24.o(.isr_vector)
 <LI><a href="#[50]">CMP2_IRQHandler</a> from startup_mkv58f24.o(.text) referenced from startup_mkv58f24.o(.isr_vector)
 <LI><a href="#[66]">CMP3_IRQHandler</a> from startup_mkv58f24.o(.text) referenced from startup_mkv58f24.o(.isr_vector)
 <LI><a href="#[42]">DAC0_IRQHandler</a> from startup_mkv58f24.o(.text) referenced from startup_mkv58f24.o(.isr_vector)
 <LI><a href="#[87]">DMA0_DMA16_DriverIRQHandler</a> from fsl_edma.o(.text.DMA0_DMA16_DriverIRQHandler) referenced from startup_mkv58f24.o(.text)
 <LI><a href="#[a]">DMA0_DMA16_IRQHandler</a> from startup_mkv58f24.o(.text) referenced from startup_mkv58f24.o(.isr_vector)
 <LI><a href="#[91]">DMA10_DMA26_DriverIRQHandler</a> from fsl_edma.o(.text.DMA10_DMA26_DriverIRQHandler) referenced from startup_mkv58f24.o(.text)
 <LI><a href="#[14]">DMA10_DMA26_IRQHandler</a> from startup_mkv58f24.o(.text) referenced from startup_mkv58f24.o(.isr_vector)
 <LI><a href="#[92]">DMA11_DMA27_DriverIRQHandler</a> from fsl_edma.o(.text.DMA11_DMA27_DriverIRQHandler) referenced from startup_mkv58f24.o(.text)
 <LI><a href="#[15]">DMA11_DMA27_IRQHandler</a> from startup_mkv58f24.o(.text) referenced from startup_mkv58f24.o(.isr_vector)
 <LI><a href="#[93]">DMA12_DMA28_DriverIRQHandler</a> from fsl_edma.o(.text.DMA12_DMA28_DriverIRQHandler) referenced from startup_mkv58f24.o(.text)
 <LI><a href="#[16]">DMA12_DMA28_IRQHandler</a> from startup_mkv58f24.o(.text) referenced from startup_mkv58f24.o(.isr_vector)
 <LI><a href="#[94]">DMA13_DMA29_DriverIRQHandler</a> from fsl_edma.o(.text.DMA13_DMA29_DriverIRQHandler) referenced from startup_mkv58f24.o(.text)
 <LI><a href="#[17]">DMA13_DMA29_IRQHandler</a> from startup_mkv58f24.o(.text) referenced from startup_mkv58f24.o(.isr_vector)
 <LI><a href="#[95]">DMA14_DMA30_DriverIRQHandler</a> from fsl_edma.o(.text.DMA14_DMA30_DriverIRQHandler) referenced from startup_mkv58f24.o(.text)
 <LI><a href="#[18]">DMA14_DMA30_IRQHandler</a> from startup_mkv58f24.o(.text) referenced from startup_mkv58f24.o(.isr_vector)
 <LI><a href="#[96]">DMA15_DMA31_DriverIRQHandler</a> from fsl_edma.o(.text.DMA15_DMA31_DriverIRQHandler) referenced from startup_mkv58f24.o(.text)
 <LI><a href="#[19]">DMA15_DMA31_IRQHandler</a> from startup_mkv58f24.o(.text) referenced from startup_mkv58f24.o(.isr_vector)
 <LI><a href="#[88]">DMA1_DMA17_DriverIRQHandler</a> from fsl_edma.o(.text.DMA1_DMA17_DriverIRQHandler) referenced from startup_mkv58f24.o(.text)
 <LI><a href="#[b]">DMA1_DMA17_IRQHandler</a> from startup_mkv58f24.o(.text) referenced from startup_mkv58f24.o(.isr_vector)
 <LI><a href="#[89]">DMA2_DMA18_DriverIRQHandler</a> from fsl_edma.o(.text.DMA2_DMA18_DriverIRQHandler) referenced from startup_mkv58f24.o(.text)
 <LI><a href="#[c]">DMA2_DMA18_IRQHandler</a> from startup_mkv58f24.o(.text) referenced from startup_mkv58f24.o(.isr_vector)
 <LI><a href="#[8a]">DMA3_DMA19_DriverIRQHandler</a> from fsl_edma.o(.text.DMA3_DMA19_DriverIRQHandler) referenced from startup_mkv58f24.o(.text)
 <LI><a href="#[d]">DMA3_DMA19_IRQHandler</a> from startup_mkv58f24.o(.text) referenced from startup_mkv58f24.o(.isr_vector)
 <LI><a href="#[8b]">DMA4_DMA20_DriverIRQHandler</a> from fsl_edma.o(.text.DMA4_DMA20_DriverIRQHandler) referenced from startup_mkv58f24.o(.text)
 <LI><a href="#[e]">DMA4_DMA20_IRQHandler</a> from startup_mkv58f24.o(.text) referenced from startup_mkv58f24.o(.isr_vector)
 <LI><a href="#[8c]">DMA5_DMA21_DriverIRQHandler</a> from fsl_edma.o(.text.DMA5_DMA21_DriverIRQHandler) referenced from startup_mkv58f24.o(.text)
 <LI><a href="#[f]">DMA5_DMA21_IRQHandler</a> from startup_mkv58f24.o(.text) referenced from startup_mkv58f24.o(.isr_vector)
 <LI><a href="#[8d]">DMA6_DMA22_DriverIRQHandler</a> from fsl_edma.o(.text.DMA6_DMA22_DriverIRQHandler) referenced from startup_mkv58f24.o(.text)
 <LI><a href="#[10]">DMA6_DMA22_IRQHandler</a> from startup_mkv58f24.o(.text) referenced from startup_mkv58f24.o(.isr_vector)
 <LI><a href="#[8e]">DMA7_DMA23_DriverIRQHandler</a> from fsl_edma.o(.text.DMA7_DMA23_DriverIRQHandler) referenced from startup_mkv58f24.o(.text)
 <LI><a href="#[11]">DMA7_DMA23_IRQHandler</a> from startup_mkv58f24.o(.text) referenced from startup_mkv58f24.o(.isr_vector)
 <LI><a href="#[8f]">DMA8_DMA24_DriverIRQHandler</a> from fsl_edma.o(.text.DMA8_DMA24_DriverIRQHandler) referenced from startup_mkv58f24.o(.text)
 <LI><a href="#[12]">DMA8_DMA24_IRQHandler</a> from startup_mkv58f24.o(.text) referenced from startup_mkv58f24.o(.isr_vector)
 <LI><a href="#[90]">DMA9_DMA25_DriverIRQHandler</a> from fsl_edma.o(.text.DMA9_DMA25_DriverIRQHandler) referenced from startup_mkv58f24.o(.text)
 <LI><a href="#[13]">DMA9_DMA25_IRQHandler</a> from startup_mkv58f24.o(.text) referenced from startup_mkv58f24.o(.isr_vector)
 <LI><a href="#[97]">DMA_Error_DriverIRQHandler</a> from startup_mkv58f24.o(.text) referenced from startup_mkv58f24.o(.text)
 <LI><a href="#[1a]">DMA_Error_IRQHandler</a> from startup_mkv58f24.o(.text) referenced from startup_mkv58f24.o(.isr_vector)
 <LI><a href="#[b0]">DbgConsole_PrintCallback</a> from fsl_debug_console.o(.text.DbgConsole_PrintCallback) referenced 2 times from fsl_debug_console.o(.text.DbgConsole_Printf)
 <LI><a href="#[7]">DebugMon_Handler</a> from startup_mkv58f24.o(.text) referenced from startup_mkv58f24.o(.isr_vector)
 <LI><a href="#[83]">DefaultISR</a> from startup_mkv58f24.o(.text) referenced from fsl_flexcan.o(.data.s_flexcanIsr)
 <LI><a href="#[83]">DefaultISR</a> from startup_mkv58f24.o(.text) referenced from fsl_uart.o(.data.s_uartIsr)
 <LI><a href="#[83]">DefaultISR</a> from startup_mkv58f24.o(.text) referenced 118 times from startup_mkv58f24.o(.isr_vector)
 <LI><a href="#[4c]">ENC_COMPARE_IRQHandler</a> from startup_mkv58f24.o(.text) referenced from startup_mkv58f24.o(.isr_vector)
 <LI><a href="#[4d]">ENC_HOME_IRQHandler</a> from startup_mkv58f24.o(.text) referenced from startup_mkv58f24.o(.isr_vector)
 <LI><a href="#[4f]">ENC_INDEX_IRQHandler</a> from startup_mkv58f24.o(.text) referenced from startup_mkv58f24.o(.isr_vector)
 <LI><a href="#[4e]">ENC_WDOG_SAB_IRQHandler</a> from startup_mkv58f24.o(.text) referenced from startup_mkv58f24.o(.isr_vector)
 <LI><a href="#[ab]">ENET_1588_Timer_DriverIRQHandler</a> from startup_mkv58f24.o(.text) referenced from startup_mkv58f24.o(.text)
 <LI><a href="#[6e]">ENET_1588_Timer_IRQHandler</a> from fsl_enet.o(.text.ENET_1588_Timer_IRQHandler) referenced from startup_mkv58f24.o(.isr_vector)
 <LI><a href="#[ae]">ENET_Error_DriverIRQHandler</a> from startup_mkv58f24.o(.text) referenced from startup_mkv58f24.o(.text)
 <LI><a href="#[71]">ENET_Error_IRQHandler</a> from fsl_enet.o(.text.ENET_Error_IRQHandler) referenced from startup_mkv58f24.o(.isr_vector)
 <LI><a href="#[ad]">ENET_Receive_DriverIRQHandler</a> from startup_mkv58f24.o(.text) referenced from startup_mkv58f24.o(.text)
 <LI><a href="#[70]">ENET_Receive_IRQHandler</a> from fsl_enet.o(.text.ENET_Receive_IRQHandler) referenced from startup_mkv58f24.o(.isr_vector)
 <LI><a href="#[ac]">ENET_Transmit_DriverIRQHandler</a> from startup_mkv58f24.o(.text) referenced from startup_mkv58f24.o(.text)
 <LI><a href="#[6f]">ENET_Transmit_IRQHandler</a> from fsl_enet.o(.text.ENET_Transmit_IRQHandler) referenced from startup_mkv58f24.o(.isr_vector)
 <LI><a href="#[1c]">FTFE_IRQHandler</a> from startup_mkv58f24.o(.text) referenced from startup_mkv58f24.o(.isr_vector)
 <LI><a href="#[34]">FTM0_IRQHandler</a> from startup_mkv58f24.o(.text) referenced from startup_mkv58f24.o(.isr_vector)
 <LI><a href="#[35]">FTM1_IRQHandler</a> from startup_mkv58f24.o(.text) referenced from startup_mkv58f24.o(.isr_vector)
 <LI><a href="#[3f]">FTM2_IRQHandler</a> from startup_mkv58f24.o(.text) referenced from startup_mkv58f24.o(.isr_vector)
 <LI><a href="#[51]">FTM3_IRQHandler</a> from startup_mkv58f24.o(.text) referenced from startup_mkv58f24.o(.isr_vector)
 <LI><a href="#[31]">HSADC0_CCA_IRQHandler</a> from startup_mkv58f24.o(.text) referenced from startup_mkv58f24.o(.isr_vector)
 <LI><a href="#[53]">HSADC0_CCB_IRQHandler</a> from startup_mkv58f24.o(.text) referenced from startup_mkv58f24.o(.isr_vector)
 <LI><a href="#[54]">HSADC1_CCA_IRQHandler</a> from startup_mkv58f24.o(.text) referenced from startup_mkv58f24.o(.isr_vector)
 <LI><a href="#[67]">HSADC1_CCB_IRQHandler</a> from startup_mkv58f24.o(.text) referenced from startup_mkv58f24.o(.isr_vector)
 <LI><a href="#[30]">HSADC_ERR_IRQHandler</a> from startup_mkv58f24.o(.text) referenced from startup_mkv58f24.o(.isr_vector)
 <LI><a href="#[2]">HardFault_Handler</a> from startup_mkv58f24.o(.text) referenced from startup_mkv58f24.o(.isr_vector)
 <LI><a href="#[2]">HardFault_Handler</a> from startup_mkv58f24.o(.text) referenced from startup_mkv58f24.o(.text)
 <LI><a href="#[98]">I2C0_DriverIRQHandler</a> from fsl_i2c.o(.text.I2C0_DriverIRQHandler) referenced from startup_mkv58f24.o(.text)
 <LI><a href="#[22]">I2C0_IRQHandler</a> from startup_mkv58f24.o(.text) referenced from startup_mkv58f24.o(.isr_vector)
 <LI><a href="#[99]">I2C1_DriverIRQHandler</a> from fsl_i2c.o(.text.I2C1_DriverIRQHandler) referenced from startup_mkv58f24.o(.text)
 <LI><a href="#[23]">I2C1_IRQHandler</a> from startup_mkv58f24.o(.text) referenced from startup_mkv58f24.o(.isr_vector)
 <LI><a href="#[1f]">LLWU_IRQHandler</a> from startup_mkv58f24.o(.text) referenced from startup_mkv58f24.o(.isr_vector)
 <LI><a href="#[44]">LPTMR0_IRQHandler</a> from startup_mkv58f24.o(.text) referenced from startup_mkv58f24.o(.isr_vector)
 <LI><a href="#[43]">MCG_IRQHandler</a> from startup_mkv58f24.o(.text) referenced from startup_mkv58f24.o(.isr_vector)
 <LI><a href="#[1b]">MCM_IRQHandler</a> from startup_mkv58f24.o(.text) referenced from startup_mkv58f24.o(.isr_vector)
 <LI><a href="#[3]">MemManage_Handler</a> from startup_mkv58f24.o(.text) referenced from startup_mkv58f24.o(.isr_vector)
 <LI><a href="#[1]">NMI_Handler</a> from startup_mkv58f24.o(.text) referenced from startup_mkv58f24.o(.isr_vector)
 <LI><a href="#[1]">NMI_Handler</a> from startup_mkv58f24.o(.text) referenced from startup_mkv58f24.o(.text)
 <LI><a href="#[3e]">PDB0_IRQHandler</a> from startup_mkv58f24.o(.text) referenced from startup_mkv58f24.o(.isr_vector)
 <LI><a href="#[41]">PDB1_IRQHandler</a> from startup_mkv58f24.o(.text) referenced from startup_mkv58f24.o(.isr_vector)
 <LI><a href="#[3a]">PIT0_IRQHandler</a> from startup_mkv58f24.o(.text) referenced from startup_mkv58f24.o(.isr_vector)
 <LI><a href="#[3b]">PIT1_IRQHandler</a> from startup_mkv58f24.o(.text) referenced from startup_mkv58f24.o(.isr_vector)
 <LI><a href="#[3c]">PIT2_IRQHandler</a> from startup_mkv58f24.o(.text) referenced from startup_mkv58f24.o(.isr_vector)
 <LI><a href="#[3d]">PIT3_IRQHandler</a> from startup_mkv58f24.o(.text) referenced from startup_mkv58f24.o(.isr_vector)
 <LI><a href="#[1e]">PMC_IRQHandler</a> from startup_mkv58f24.o(.text) referenced from startup_mkv58f24.o(.isr_vector)
 <LI><a href="#[45]">PORTA_IRQHandler</a> from startup_mkv58f24.o(.text) referenced from startup_mkv58f24.o(.isr_vector)
 <LI><a href="#[46]">PORTB_IRQHandler</a> from startup_mkv58f24.o(.text) referenced from startup_mkv58f24.o(.isr_vector)
 <LI><a href="#[47]">PORTC_IRQHandler</a> from startup_mkv58f24.o(.text) referenced from startup_mkv58f24.o(.isr_vector)
 <LI><a href="#[48]">PORTD_IRQHandler</a> from startup_mkv58f24.o(.text) referenced from startup_mkv58f24.o(.isr_vector)
 <LI><a href="#[49]">PORTE_IRQHandler</a> from startup_mkv58f24.o(.text) referenced from startup_mkv58f24.o(.isr_vector)
 <LI><a href="#[63]">PWM0_CAP_IRQHandler</a> from startup_mkv58f24.o(.text) referenced from startup_mkv58f24.o(.isr_vector)
 <LI><a href="#[5b]">PWM0_CMP0_IRQHandler</a> from startup_mkv58f24.o(.text) referenced from startup_mkv58f24.o(.isr_vector)
 <LI><a href="#[5d]">PWM0_CMP1_IRQHandler</a> from startup_mkv58f24.o(.text) referenced from startup_mkv58f24.o(.isr_vector)
 <LI><a href="#[5f]">PWM0_CMP2_IRQHandler</a> from startup_mkv58f24.o(.text) referenced from startup_mkv58f24.o(.isr_vector)
 <LI><a href="#[61]">PWM0_CMP3_IRQHandler</a> from startup_mkv58f24.o(.text) referenced from startup_mkv58f24.o(.isr_vector)
 <LI><a href="#[65]">PWM0_FAULT_IRQHandler</a> from startup_mkv58f24.o(.text) referenced from startup_mkv58f24.o(.isr_vector)
 <LI><a href="#[5c]">PWM0_RELOAD0_IRQHandler</a> from startup_mkv58f24.o(.text) referenced from startup_mkv58f24.o(.isr_vector)
 <LI><a href="#[5e]">PWM0_RELOAD1_IRQHandler</a> from startup_mkv58f24.o(.text) referenced from startup_mkv58f24.o(.isr_vector)
 <LI><a href="#[60]">PWM0_RELOAD2_IRQHandler</a> from startup_mkv58f24.o(.text) referenced from startup_mkv58f24.o(.isr_vector)
 <LI><a href="#[62]">PWM0_RELOAD3_IRQHandler</a> from startup_mkv58f24.o(.text) referenced from startup_mkv58f24.o(.isr_vector)
 <LI><a href="#[64]">PWM0_RERR_IRQHandler</a> from startup_mkv58f24.o(.text) referenced from startup_mkv58f24.o(.isr_vector)
 <LI><a href="#[7a]">PWM1_CAP_IRQHandler</a> from startup_mkv58f24.o(.text) referenced from startup_mkv58f24.o(.isr_vector)
 <LI><a href="#[72]">PWM1_CMP0_IRQHandler</a> from startup_mkv58f24.o(.text) referenced from startup_mkv58f24.o(.isr_vector)
 <LI><a href="#[74]">PWM1_CMP1_IRQHandler</a> from startup_mkv58f24.o(.text) referenced from startup_mkv58f24.o(.isr_vector)
 <LI><a href="#[76]">PWM1_CMP2_IRQHandler</a> from startup_mkv58f24.o(.text) referenced from startup_mkv58f24.o(.isr_vector)
 <LI><a href="#[78]">PWM1_CMP3_IRQHandler</a> from startup_mkv58f24.o(.text) referenced from startup_mkv58f24.o(.isr_vector)
 <LI><a href="#[7c]">PWM1_FAULT_IRQHandler</a> from startup_mkv58f24.o(.text) referenced from startup_mkv58f24.o(.isr_vector)
 <LI><a href="#[73]">PWM1_RELOAD0_IRQHandler</a> from startup_mkv58f24.o(.text) referenced from startup_mkv58f24.o(.isr_vector)
 <LI><a href="#[75]">PWM1_RELOAD1_IRQHandler</a> from startup_mkv58f24.o(.text) referenced from startup_mkv58f24.o(.isr_vector)
 <LI><a href="#[77]">PWM1_RELOAD2_IRQHandler</a> from startup_mkv58f24.o(.text) referenced from startup_mkv58f24.o(.isr_vector)
 <LI><a href="#[79]">PWM1_RELOAD3_IRQHandler</a> from startup_mkv58f24.o(.text) referenced from startup_mkv58f24.o(.isr_vector)
 <LI><a href="#[7b]">PWM1_RERR_IRQHandler</a> from startup_mkv58f24.o(.text) referenced from startup_mkv58f24.o(.isr_vector)
 <LI><a href="#[8]">PendSV_Handler</a> from startup_mkv58f24.o(.text) referenced from startup_mkv58f24.o(.isr_vector)
 <LI><a href="#[8]">PendSV_Handler</a> from startup_mkv58f24.o(.text) referenced from startup_mkv58f24.o(.text)
 <LI><a href="#[1d]">Read_Collision_IRQHandler</a> from startup_mkv58f24.o(.text) referenced from startup_mkv58f24.o(.isr_vector)
 <LI><a href="#[28]">Reserved46_IRQHandler</a> from startup_mkv58f24.o(.text) referenced from startup_mkv58f24.o(.isr_vector)
 <LI><a href="#[52]">Reserved88_IRQHandler</a> from startup_mkv58f24.o(.text) referenced from startup_mkv58f24.o(.isr_vector)
 <LI><a href="#[0]">Reset_Handler</a> from startup_mkv58f24.o(.text) referenced from startup_mkv58f24.o(.isr_vector)
 <LI><a href="#[9a]">SPI0_DriverIRQHandler</a> from fsl_dspi.o(.text.SPI0_DriverIRQHandler) referenced from startup_mkv58f24.o(.text)
 <LI><a href="#[24]">SPI0_IRQHandler</a> from startup_mkv58f24.o(.text) referenced from startup_mkv58f24.o(.isr_vector)
 <LI><a href="#[9b]">SPI1_DriverIRQHandler</a> from fsl_dspi.o(.text.SPI1_DriverIRQHandler) referenced from startup_mkv58f24.o(.text)
 <LI><a href="#[25]">SPI1_IRQHandler</a> from startup_mkv58f24.o(.text) referenced from startup_mkv58f24.o(.isr_vector)
 <LI><a href="#[a8]">SPI2_DriverIRQHandler</a> from fsl_dspi.o(.text.SPI2_DriverIRQHandler) referenced from startup_mkv58f24.o(.text)
 <LI><a href="#[4b]">SPI2_IRQHandler</a> from startup_mkv58f24.o(.text) referenced from startup_mkv58f24.o(.isr_vector)
 <LI><a href="#[6]">SVC_Handler</a> from startup_mkv58f24.o(.text) referenced from startup_mkv58f24.o(.isr_vector)
 <LI><a href="#[6]">SVC_Handler</a> from startup_mkv58f24.o(.text) referenced from startup_mkv58f24.o(.text)
 <LI><a href="#[4a]">SWI_IRQHandler</a> from startup_mkv58f24.o(.text) referenced from startup_mkv58f24.o(.isr_vector)
 <LI><a href="#[9]">SysTick_Handler</a> from startup_mkv58f24.o(.text) referenced from startup_mkv58f24.o(.isr_vector)
 <LI><a href="#[9]">SysTick_Handler</a> from startup_mkv58f24.o(.text) referenced from startup_mkv58f24.o(.text)
 <LI><a href="#[85]">SystemInit</a> from system_mkv58f24.o(.text.SystemInit) referenced from startup_mkv58f24.o(.text)
 <LI><a href="#[21]">TRNG0_IRQHandler</a> from startup_mkv58f24.o(.text) referenced from startup_mkv58f24.o(.isr_vector)
 <LI><a href="#[9f]">UART0_ERR_DriverIRQHandler</a> from startup_mkv58f24.o(.text) referenced from startup_mkv58f24.o(.text)
 <LI><a href="#[2a]">UART0_ERR_IRQHandler</a> from startup_mkv58f24.o(.text) referenced from startup_mkv58f24.o(.isr_vector)
 <LI><a href="#[9e]">UART0_RX_TX_DriverIRQHandler</a> from fsl_uart.o(.text.UART0_RX_TX_DriverIRQHandler) referenced from startup_mkv58f24.o(.text)
 <LI><a href="#[29]">UART0_RX_TX_IRQHandler</a> from startup_mkv58f24.o(.text) referenced from startup_mkv58f24.o(.isr_vector)
 <LI><a href="#[a1]">UART1_ERR_DriverIRQHandler</a> from startup_mkv58f24.o(.text) referenced from startup_mkv58f24.o(.text)
 <LI><a href="#[2c]">UART1_ERR_IRQHandler</a> from startup_mkv58f24.o(.text) referenced from startup_mkv58f24.o(.isr_vector)
 <LI><a href="#[a0]">UART1_RX_TX_DriverIRQHandler</a> from fsl_uart.o(.text.UART1_RX_TX_DriverIRQHandler) referenced from startup_mkv58f24.o(.text)
 <LI><a href="#[2b]">UART1_RX_TX_IRQHandler</a> from startup_mkv58f24.o(.text) referenced from startup_mkv58f24.o(.isr_vector)
 <LI><a href="#[a3]">UART2_ERR_DriverIRQHandler</a> from startup_mkv58f24.o(.text) referenced from startup_mkv58f24.o(.text)
 <LI><a href="#[2e]">UART2_ERR_IRQHandler</a> from startup_mkv58f24.o(.text) referenced from startup_mkv58f24.o(.isr_vector)
 <LI><a href="#[a2]">UART2_RX_TX_DriverIRQHandler</a> from fsl_uart.o(.text.UART2_RX_TX_DriverIRQHandler) referenced from startup_mkv58f24.o(.text)
 <LI><a href="#[2d]">UART2_RX_TX_IRQHandler</a> from startup_mkv58f24.o(.text) referenced from startup_mkv58f24.o(.isr_vector)
 <LI><a href="#[a5]">UART3_ERR_DriverIRQHandler</a> from startup_mkv58f24.o(.text) referenced from startup_mkv58f24.o(.text)
 <LI><a href="#[37]">UART3_ERR_IRQHandler</a> from startup_mkv58f24.o(.text) referenced from startup_mkv58f24.o(.isr_vector)
 <LI><a href="#[a4]">UART3_RX_TX_DriverIRQHandler</a> from fsl_uart.o(.text.UART3_RX_TX_DriverIRQHandler) referenced from startup_mkv58f24.o(.text)
 <LI><a href="#[36]">UART3_RX_TX_IRQHandler</a> from startup_mkv58f24.o(.text) referenced from startup_mkv58f24.o(.isr_vector)
 <LI><a href="#[a7]">UART4_ERR_DriverIRQHandler</a> from startup_mkv58f24.o(.text) referenced from startup_mkv58f24.o(.text)
 <LI><a href="#[39]">UART4_ERR_IRQHandler</a> from startup_mkv58f24.o(.text) referenced from startup_mkv58f24.o(.isr_vector)
 <LI><a href="#[a6]">UART4_RX_TX_DriverIRQHandler</a> from fsl_uart.o(.text.UART4_RX_TX_DriverIRQHandler) referenced from startup_mkv58f24.o(.text)
 <LI><a href="#[38]">UART4_RX_TX_IRQHandler</a> from startup_mkv58f24.o(.text) referenced from startup_mkv58f24.o(.isr_vector)
 <LI><a href="#[9d]">UART5_ERR_DriverIRQHandler</a> from startup_mkv58f24.o(.text) referenced from startup_mkv58f24.o(.text)
 <LI><a href="#[27]">UART5_ERR_IRQHandler</a> from startup_mkv58f24.o(.text) referenced from startup_mkv58f24.o(.isr_vector)
 <LI><a href="#[9c]">UART5_RX_TX_DriverIRQHandler</a> from fsl_uart.o(.text.UART5_RX_TX_DriverIRQHandler) referenced from startup_mkv58f24.o(.text)
 <LI><a href="#[26]">UART5_RX_TX_IRQHandler</a> from startup_mkv58f24.o(.text) referenced from startup_mkv58f24.o(.isr_vector)
 <LI><a href="#[5]">UsageFault_Handler</a> from startup_mkv58f24.o(.text) referenced from startup_mkv58f24.o(.isr_vector)
 <LI><a href="#[20]">WDOG_EWM_IRQHandler</a> from startup_mkv58f24.o(.text) referenced from startup_mkv58f24.o(.isr_vector)
 <LI><a href="#[40]">XBARA_IRQHandler</a> from startup_mkv58f24.o(.text) referenced from startup_mkv58f24.o(.isr_vector)
 <LI><a href="#[86]">__main</a> from entry.o(.ARM.Collect$$$$00000000) referenced from startup_mkv58f24.o(.text)
 <LI><a href="#[84]">main</a> from main.o(.text.main) referenced from entry9a.o(.ARM.Collect$$$$0000000B)
</UL>
<P>
<H3>
Global Symbols
</H3>
<P><STRONG><a name="[86]"></a>__main</STRONG> (Thumb, 0 bytes, Stack size unknown bytes, entry.o(.ARM.Collect$$$$00000000))
<BR>[Address Reference Count : 1]<UL><LI> startup_mkv58f24.o(.text)
</UL>
<P><STRONG><a name="[fc]"></a>_main_stk</STRONG> (Thumb, 0 bytes, Stack size unknown bytes, entry4.o(.ARM.Collect$$$$00000003))

<P><STRONG><a name="[b1]"></a>_main_scatterload</STRONG> (Thumb, 0 bytes, Stack size unknown bytes, entry5.o(.ARM.Collect$$$$00000004))
<BR><BR>[Calls]<UL><LI><a href="#[b2]">&gt;&gt;</a>&nbsp;&nbsp;&nbsp;__scatterload
</UL>

<P><STRONG><a name="[b6]"></a>__main_after_scatterload</STRONG> (Thumb, 0 bytes, Stack size unknown bytes, entry5.o(.ARM.Collect$$$$00000004))
<BR><BR>[Called By]<UL><LI><a href="#[b2]">&gt;&gt;</a>&nbsp;&nbsp;&nbsp;__scatterload
</UL>

<P><STRONG><a name="[fd]"></a>_main_clock</STRONG> (Thumb, 0 bytes, Stack size unknown bytes, entry7b.o(.ARM.Collect$$$$00000008))

<P><STRONG><a name="[fe]"></a>_main_cpp_init</STRONG> (Thumb, 0 bytes, Stack size unknown bytes, entry8b.o(.ARM.Collect$$$$0000000A))

<P><STRONG><a name="[ff]"></a>_main_init</STRONG> (Thumb, 0 bytes, Stack size unknown bytes, entry9a.o(.ARM.Collect$$$$0000000B))

<P><STRONG><a name="[100]"></a>__rt_final_cpp</STRONG> (Thumb, 0 bytes, Stack size unknown bytes, entry10a.o(.ARM.Collect$$$$0000000D))

<P><STRONG><a name="[101]"></a>__rt_final_exit</STRONG> (Thumb, 0 bytes, Stack size unknown bytes, entry11a.o(.ARM.Collect$$$$0000000F))

<P><STRONG><a name="[0]"></a>Reset_Handler</STRONG> (Thumb, 40 bytes, Stack size unknown bytes, startup_mkv58f24.o(.text))
<BR>[Address Reference Count : 1]<UL><LI> startup_mkv58f24.o(.isr_vector)
</UL>
<P><STRONG><a name="[2f]"></a>ADC0_IRQHandler</STRONG> (Thumb, 4 bytes, Stack size unknown bytes, startup_mkv58f24.o(.text))
<BR><BR>[Calls]<UL><LI><a href="#[83]">&gt;&gt;</a>&nbsp;&nbsp;&nbsp;DefaultISR
</UL>
<BR>[Address Reference Count : 1]<UL><LI> startup_mkv58f24.o(.isr_vector)
</UL>
<P><STRONG><a name="[4]"></a>BusFault_Handler</STRONG> (Thumb, 4 bytes, Stack size unknown bytes, startup_mkv58f24.o(.text))
<BR>[Address Reference Count : 1]<UL><LI> startup_mkv58f24.o(.isr_vector)
</UL>
<P><STRONG><a name="[32]"></a>CMP0_IRQHandler</STRONG> (Thumb, 4 bytes, Stack size unknown bytes, startup_mkv58f24.o(.text))
<BR>[Address Reference Count : 1]<UL><LI> startup_mkv58f24.o(.isr_vector)
</UL>
<P><STRONG><a name="[33]"></a>CMP1_IRQHandler</STRONG> (Thumb, 4 bytes, Stack size unknown bytes, startup_mkv58f24.o(.text))
<BR>[Address Reference Count : 1]<UL><LI> startup_mkv58f24.o(.isr_vector)
</UL>
<P><STRONG><a name="[50]"></a>CMP2_IRQHandler</STRONG> (Thumb, 4 bytes, Stack size unknown bytes, startup_mkv58f24.o(.text))
<BR>[Address Reference Count : 1]<UL><LI> startup_mkv58f24.o(.isr_vector)
</UL>
<P><STRONG><a name="[66]"></a>CMP3_IRQHandler</STRONG> (Thumb, 4 bytes, Stack size unknown bytes, startup_mkv58f24.o(.text))
<BR>[Address Reference Count : 1]<UL><LI> startup_mkv58f24.o(.isr_vector)
</UL>
<P><STRONG><a name="[42]"></a>DAC0_IRQHandler</STRONG> (Thumb, 4 bytes, Stack size unknown bytes, startup_mkv58f24.o(.text))
<BR>[Address Reference Count : 1]<UL><LI> startup_mkv58f24.o(.isr_vector)
</UL>
<P><STRONG><a name="[97]"></a>DMA_Error_DriverIRQHandler</STRONG> (Thumb, 4 bytes, Stack size unknown bytes, startup_mkv58f24.o(.text))
<BR>[Address Reference Count : 1]<UL><LI> startup_mkv58f24.o(.text)
</UL>
<P><STRONG><a name="[7]"></a>DebugMon_Handler</STRONG> (Thumb, 4 bytes, Stack size unknown bytes, startup_mkv58f24.o(.text))
<BR>[Address Reference Count : 1]<UL><LI> startup_mkv58f24.o(.isr_vector)
</UL>
<P><STRONG><a name="[83]"></a>DefaultISR</STRONG> (Thumb, 4 bytes, Stack size unknown bytes, startup_mkv58f24.o(.text))
<BR><BR>[Called By]<UL><LI><a href="#[2f]">&gt;&gt;</a>&nbsp;&nbsp;&nbsp;ADC0_IRQHandler
</UL>
<BR>[Address Reference Count : 3]<UL><LI> startup_mkv58f24.o(.isr_vector)
<LI> fsl_flexcan.o(.data.s_flexcanIsr)
<LI> fsl_uart.o(.data.s_uartIsr)
</UL>
<P><STRONG><a name="[4c]"></a>ENC_COMPARE_IRQHandler</STRONG> (Thumb, 4 bytes, Stack size unknown bytes, startup_mkv58f24.o(.text))
<BR>[Address Reference Count : 1]<UL><LI> startup_mkv58f24.o(.isr_vector)
</UL>
<P><STRONG><a name="[4d]"></a>ENC_HOME_IRQHandler</STRONG> (Thumb, 4 bytes, Stack size unknown bytes, startup_mkv58f24.o(.text))
<BR>[Address Reference Count : 1]<UL><LI> startup_mkv58f24.o(.isr_vector)
</UL>
<P><STRONG><a name="[4f]"></a>ENC_INDEX_IRQHandler</STRONG> (Thumb, 4 bytes, Stack size unknown bytes, startup_mkv58f24.o(.text))
<BR>[Address Reference Count : 1]<UL><LI> startup_mkv58f24.o(.isr_vector)
</UL>
<P><STRONG><a name="[4e]"></a>ENC_WDOG_SAB_IRQHandler</STRONG> (Thumb, 4 bytes, Stack size unknown bytes, startup_mkv58f24.o(.text))
<BR>[Address Reference Count : 1]<UL><LI> startup_mkv58f24.o(.isr_vector)
</UL>
<P><STRONG><a name="[ab]"></a>ENET_1588_Timer_DriverIRQHandler</STRONG> (Thumb, 4 bytes, Stack size unknown bytes, startup_mkv58f24.o(.text))
<BR>[Address Reference Count : 1]<UL><LI> startup_mkv58f24.o(.text)
</UL>
<P><STRONG><a name="[ae]"></a>ENET_Error_DriverIRQHandler</STRONG> (Thumb, 4 bytes, Stack size unknown bytes, startup_mkv58f24.o(.text))
<BR>[Address Reference Count : 1]<UL><LI> startup_mkv58f24.o(.text)
</UL>
<P><STRONG><a name="[ad]"></a>ENET_Receive_DriverIRQHandler</STRONG> (Thumb, 4 bytes, Stack size unknown bytes, startup_mkv58f24.o(.text))
<BR>[Address Reference Count : 1]<UL><LI> startup_mkv58f24.o(.text)
</UL>
<P><STRONG><a name="[ac]"></a>ENET_Transmit_DriverIRQHandler</STRONG> (Thumb, 4 bytes, Stack size unknown bytes, startup_mkv58f24.o(.text))
<BR>[Address Reference Count : 1]<UL><LI> startup_mkv58f24.o(.text)
</UL>
<P><STRONG><a name="[1c]"></a>FTFE_IRQHandler</STRONG> (Thumb, 4 bytes, Stack size unknown bytes, startup_mkv58f24.o(.text))
<BR>[Address Reference Count : 1]<UL><LI> startup_mkv58f24.o(.isr_vector)
</UL>
<P><STRONG><a name="[34]"></a>FTM0_IRQHandler</STRONG> (Thumb, 4 bytes, Stack size unknown bytes, startup_mkv58f24.o(.text))
<BR>[Address Reference Count : 1]<UL><LI> startup_mkv58f24.o(.isr_vector)
</UL>
<P><STRONG><a name="[35]"></a>FTM1_IRQHandler</STRONG> (Thumb, 4 bytes, Stack size unknown bytes, startup_mkv58f24.o(.text))
<BR>[Address Reference Count : 1]<UL><LI> startup_mkv58f24.o(.isr_vector)
</UL>
<P><STRONG><a name="[3f]"></a>FTM2_IRQHandler</STRONG> (Thumb, 4 bytes, Stack size unknown bytes, startup_mkv58f24.o(.text))
<BR>[Address Reference Count : 1]<UL><LI> startup_mkv58f24.o(.isr_vector)
</UL>
<P><STRONG><a name="[51]"></a>FTM3_IRQHandler</STRONG> (Thumb, 4 bytes, Stack size unknown bytes, startup_mkv58f24.o(.text))
<BR>[Address Reference Count : 1]<UL><LI> startup_mkv58f24.o(.isr_vector)
</UL>
<P><STRONG><a name="[31]"></a>HSADC0_CCA_IRQHandler</STRONG> (Thumb, 4 bytes, Stack size unknown bytes, startup_mkv58f24.o(.text))
<BR>[Address Reference Count : 1]<UL><LI> startup_mkv58f24.o(.isr_vector)
</UL>
<P><STRONG><a name="[53]"></a>HSADC0_CCB_IRQHandler</STRONG> (Thumb, 4 bytes, Stack size unknown bytes, startup_mkv58f24.o(.text))
<BR>[Address Reference Count : 1]<UL><LI> startup_mkv58f24.o(.isr_vector)
</UL>
<P><STRONG><a name="[54]"></a>HSADC1_CCA_IRQHandler</STRONG> (Thumb, 4 bytes, Stack size unknown bytes, startup_mkv58f24.o(.text))
<BR>[Address Reference Count : 1]<UL><LI> startup_mkv58f24.o(.isr_vector)
</UL>
<P><STRONG><a name="[67]"></a>HSADC1_CCB_IRQHandler</STRONG> (Thumb, 4 bytes, Stack size unknown bytes, startup_mkv58f24.o(.text))
<BR>[Address Reference Count : 1]<UL><LI> startup_mkv58f24.o(.isr_vector)
</UL>
<P><STRONG><a name="[30]"></a>HSADC_ERR_IRQHandler</STRONG> (Thumb, 4 bytes, Stack size unknown bytes, startup_mkv58f24.o(.text))
<BR>[Address Reference Count : 1]<UL><LI> startup_mkv58f24.o(.isr_vector)
</UL>
<P><STRONG><a name="[1f]"></a>LLWU_IRQHandler</STRONG> (Thumb, 4 bytes, Stack size unknown bytes, startup_mkv58f24.o(.text))
<BR>[Address Reference Count : 1]<UL><LI> startup_mkv58f24.o(.isr_vector)
</UL>
<P><STRONG><a name="[44]"></a>LPTMR0_IRQHandler</STRONG> (Thumb, 4 bytes, Stack size unknown bytes, startup_mkv58f24.o(.text))
<BR>[Address Reference Count : 1]<UL><LI> startup_mkv58f24.o(.isr_vector)
</UL>
<P><STRONG><a name="[43]"></a>MCG_IRQHandler</STRONG> (Thumb, 4 bytes, Stack size unknown bytes, startup_mkv58f24.o(.text))
<BR>[Address Reference Count : 1]<UL><LI> startup_mkv58f24.o(.isr_vector)
</UL>
<P><STRONG><a name="[1b]"></a>MCM_IRQHandler</STRONG> (Thumb, 4 bytes, Stack size unknown bytes, startup_mkv58f24.o(.text))
<BR>[Address Reference Count : 1]<UL><LI> startup_mkv58f24.o(.isr_vector)
</UL>
<P><STRONG><a name="[3]"></a>MemManage_Handler</STRONG> (Thumb, 4 bytes, Stack size unknown bytes, startup_mkv58f24.o(.text))
<BR>[Address Reference Count : 1]<UL><LI> startup_mkv58f24.o(.isr_vector)
</UL>
<P><STRONG><a name="[3e]"></a>PDB0_IRQHandler</STRONG> (Thumb, 4 bytes, Stack size unknown bytes, startup_mkv58f24.o(.text))
<BR>[Address Reference Count : 1]<UL><LI> startup_mkv58f24.o(.isr_vector)
</UL>
<P><STRONG><a name="[41]"></a>PDB1_IRQHandler</STRONG> (Thumb, 4 bytes, Stack size unknown bytes, startup_mkv58f24.o(.text))
<BR>[Address Reference Count : 1]<UL><LI> startup_mkv58f24.o(.isr_vector)
</UL>
<P><STRONG><a name="[3a]"></a>PIT0_IRQHandler</STRONG> (Thumb, 4 bytes, Stack size unknown bytes, startup_mkv58f24.o(.text))
<BR>[Address Reference Count : 1]<UL><LI> startup_mkv58f24.o(.isr_vector)
</UL>
<P><STRONG><a name="[3b]"></a>PIT1_IRQHandler</STRONG> (Thumb, 4 bytes, Stack size unknown bytes, startup_mkv58f24.o(.text))
<BR>[Address Reference Count : 1]<UL><LI> startup_mkv58f24.o(.isr_vector)
</UL>
<P><STRONG><a name="[3c]"></a>PIT2_IRQHandler</STRONG> (Thumb, 4 bytes, Stack size unknown bytes, startup_mkv58f24.o(.text))
<BR>[Address Reference Count : 1]<UL><LI> startup_mkv58f24.o(.isr_vector)
</UL>
<P><STRONG><a name="[3d]"></a>PIT3_IRQHandler</STRONG> (Thumb, 4 bytes, Stack size unknown bytes, startup_mkv58f24.o(.text))
<BR>[Address Reference Count : 1]<UL><LI> startup_mkv58f24.o(.isr_vector)
</UL>
<P><STRONG><a name="[1e]"></a>PMC_IRQHandler</STRONG> (Thumb, 4 bytes, Stack size unknown bytes, startup_mkv58f24.o(.text))
<BR>[Address Reference Count : 1]<UL><LI> startup_mkv58f24.o(.isr_vector)
</UL>
<P><STRONG><a name="[45]"></a>PORTA_IRQHandler</STRONG> (Thumb, 4 bytes, Stack size unknown bytes, startup_mkv58f24.o(.text))
<BR>[Address Reference Count : 1]<UL><LI> startup_mkv58f24.o(.isr_vector)
</UL>
<P><STRONG><a name="[46]"></a>PORTB_IRQHandler</STRONG> (Thumb, 4 bytes, Stack size unknown bytes, startup_mkv58f24.o(.text))
<BR>[Address Reference Count : 1]<UL><LI> startup_mkv58f24.o(.isr_vector)
</UL>
<P><STRONG><a name="[47]"></a>PORTC_IRQHandler</STRONG> (Thumb, 4 bytes, Stack size unknown bytes, startup_mkv58f24.o(.text))
<BR>[Address Reference Count : 1]<UL><LI> startup_mkv58f24.o(.isr_vector)
</UL>
<P><STRONG><a name="[48]"></a>PORTD_IRQHandler</STRONG> (Thumb, 4 bytes, Stack size unknown bytes, startup_mkv58f24.o(.text))
<BR>[Address Reference Count : 1]<UL><LI> startup_mkv58f24.o(.isr_vector)
</UL>
<P><STRONG><a name="[49]"></a>PORTE_IRQHandler</STRONG> (Thumb, 4 bytes, Stack size unknown bytes, startup_mkv58f24.o(.text))
<BR>[Address Reference Count : 1]<UL><LI> startup_mkv58f24.o(.isr_vector)
</UL>
<P><STRONG><a name="[63]"></a>PWM0_CAP_IRQHandler</STRONG> (Thumb, 4 bytes, Stack size unknown bytes, startup_mkv58f24.o(.text))
<BR>[Address Reference Count : 1]<UL><LI> startup_mkv58f24.o(.isr_vector)
</UL>
<P><STRONG><a name="[5b]"></a>PWM0_CMP0_IRQHandler</STRONG> (Thumb, 4 bytes, Stack size unknown bytes, startup_mkv58f24.o(.text))
<BR>[Address Reference Count : 1]<UL><LI> startup_mkv58f24.o(.isr_vector)
</UL>
<P><STRONG><a name="[5d]"></a>PWM0_CMP1_IRQHandler</STRONG> (Thumb, 4 bytes, Stack size unknown bytes, startup_mkv58f24.o(.text))
<BR>[Address Reference Count : 1]<UL><LI> startup_mkv58f24.o(.isr_vector)
</UL>
<P><STRONG><a name="[5f]"></a>PWM0_CMP2_IRQHandler</STRONG> (Thumb, 4 bytes, Stack size unknown bytes, startup_mkv58f24.o(.text))
<BR>[Address Reference Count : 1]<UL><LI> startup_mkv58f24.o(.isr_vector)
</UL>
<P><STRONG><a name="[61]"></a>PWM0_CMP3_IRQHandler</STRONG> (Thumb, 4 bytes, Stack size unknown bytes, startup_mkv58f24.o(.text))
<BR>[Address Reference Count : 1]<UL><LI> startup_mkv58f24.o(.isr_vector)
</UL>
<P><STRONG><a name="[65]"></a>PWM0_FAULT_IRQHandler</STRONG> (Thumb, 4 bytes, Stack size unknown bytes, startup_mkv58f24.o(.text))
<BR>[Address Reference Count : 1]<UL><LI> startup_mkv58f24.o(.isr_vector)
</UL>
<P><STRONG><a name="[5c]"></a>PWM0_RELOAD0_IRQHandler</STRONG> (Thumb, 4 bytes, Stack size unknown bytes, startup_mkv58f24.o(.text))
<BR>[Address Reference Count : 1]<UL><LI> startup_mkv58f24.o(.isr_vector)
</UL>
<P><STRONG><a name="[5e]"></a>PWM0_RELOAD1_IRQHandler</STRONG> (Thumb, 4 bytes, Stack size unknown bytes, startup_mkv58f24.o(.text))
<BR>[Address Reference Count : 1]<UL><LI> startup_mkv58f24.o(.isr_vector)
</UL>
<P><STRONG><a name="[60]"></a>PWM0_RELOAD2_IRQHandler</STRONG> (Thumb, 4 bytes, Stack size unknown bytes, startup_mkv58f24.o(.text))
<BR>[Address Reference Count : 1]<UL><LI> startup_mkv58f24.o(.isr_vector)
</UL>
<P><STRONG><a name="[62]"></a>PWM0_RELOAD3_IRQHandler</STRONG> (Thumb, 4 bytes, Stack size unknown bytes, startup_mkv58f24.o(.text))
<BR>[Address Reference Count : 1]<UL><LI> startup_mkv58f24.o(.isr_vector)
</UL>
<P><STRONG><a name="[64]"></a>PWM0_RERR_IRQHandler</STRONG> (Thumb, 4 bytes, Stack size unknown bytes, startup_mkv58f24.o(.text))
<BR>[Address Reference Count : 1]<UL><LI> startup_mkv58f24.o(.isr_vector)
</UL>
<P><STRONG><a name="[7a]"></a>PWM1_CAP_IRQHandler</STRONG> (Thumb, 4 bytes, Stack size unknown bytes, startup_mkv58f24.o(.text))
<BR>[Address Reference Count : 1]<UL><LI> startup_mkv58f24.o(.isr_vector)
</UL>
<P><STRONG><a name="[72]"></a>PWM1_CMP0_IRQHandler</STRONG> (Thumb, 4 bytes, Stack size unknown bytes, startup_mkv58f24.o(.text))
<BR>[Address Reference Count : 1]<UL><LI> startup_mkv58f24.o(.isr_vector)
</UL>
<P><STRONG><a name="[74]"></a>PWM1_CMP1_IRQHandler</STRONG> (Thumb, 4 bytes, Stack size unknown bytes, startup_mkv58f24.o(.text))
<BR>[Address Reference Count : 1]<UL><LI> startup_mkv58f24.o(.isr_vector)
</UL>
<P><STRONG><a name="[76]"></a>PWM1_CMP2_IRQHandler</STRONG> (Thumb, 4 bytes, Stack size unknown bytes, startup_mkv58f24.o(.text))
<BR>[Address Reference Count : 1]<UL><LI> startup_mkv58f24.o(.isr_vector)
</UL>
<P><STRONG><a name="[78]"></a>PWM1_CMP3_IRQHandler</STRONG> (Thumb, 4 bytes, Stack size unknown bytes, startup_mkv58f24.o(.text))
<BR>[Address Reference Count : 1]<UL><LI> startup_mkv58f24.o(.isr_vector)
</UL>
<P><STRONG><a name="[7c]"></a>PWM1_FAULT_IRQHandler</STRONG> (Thumb, 4 bytes, Stack size unknown bytes, startup_mkv58f24.o(.text))
<BR>[Address Reference Count : 1]<UL><LI> startup_mkv58f24.o(.isr_vector)
</UL>
<P><STRONG><a name="[73]"></a>PWM1_RELOAD0_IRQHandler</STRONG> (Thumb, 4 bytes, Stack size unknown bytes, startup_mkv58f24.o(.text))
<BR>[Address Reference Count : 1]<UL><LI> startup_mkv58f24.o(.isr_vector)
</UL>
<P><STRONG><a name="[75]"></a>PWM1_RELOAD1_IRQHandler</STRONG> (Thumb, 4 bytes, Stack size unknown bytes, startup_mkv58f24.o(.text))
<BR>[Address Reference Count : 1]<UL><LI> startup_mkv58f24.o(.isr_vector)
</UL>
<P><STRONG><a name="[77]"></a>PWM1_RELOAD2_IRQHandler</STRONG> (Thumb, 4 bytes, Stack size unknown bytes, startup_mkv58f24.o(.text))
<BR>[Address Reference Count : 1]<UL><LI> startup_mkv58f24.o(.isr_vector)
</UL>
<P><STRONG><a name="[79]"></a>PWM1_RELOAD3_IRQHandler</STRONG> (Thumb, 4 bytes, Stack size unknown bytes, startup_mkv58f24.o(.text))
<BR>[Address Reference Count : 1]<UL><LI> startup_mkv58f24.o(.isr_vector)
</UL>
<P><STRONG><a name="[7b]"></a>PWM1_RERR_IRQHandler</STRONG> (Thumb, 4 bytes, Stack size unknown bytes, startup_mkv58f24.o(.text))
<BR>[Address Reference Count : 1]<UL><LI> startup_mkv58f24.o(.isr_vector)
</UL>
<P><STRONG><a name="[1d]"></a>Read_Collision_IRQHandler</STRONG> (Thumb, 4 bytes, Stack size unknown bytes, startup_mkv58f24.o(.text))
<BR>[Address Reference Count : 1]<UL><LI> startup_mkv58f24.o(.isr_vector)
</UL>
<P><STRONG><a name="[28]"></a>Reserved46_IRQHandler</STRONG> (Thumb, 4 bytes, Stack size unknown bytes, startup_mkv58f24.o(.text))
<BR>[Address Reference Count : 1]<UL><LI> startup_mkv58f24.o(.isr_vector)
</UL>
<P><STRONG><a name="[52]"></a>Reserved88_IRQHandler</STRONG> (Thumb, 4 bytes, Stack size unknown bytes, startup_mkv58f24.o(.text))
<BR>[Address Reference Count : 1]<UL><LI> startup_mkv58f24.o(.isr_vector)
</UL>
<P><STRONG><a name="[4a]"></a>SWI_IRQHandler</STRONG> (Thumb, 4 bytes, Stack size unknown bytes, startup_mkv58f24.o(.text))
<BR>[Address Reference Count : 1]<UL><LI> startup_mkv58f24.o(.isr_vector)
</UL>
<P><STRONG><a name="[21]"></a>TRNG0_IRQHandler</STRONG> (Thumb, 4 bytes, Stack size unknown bytes, startup_mkv58f24.o(.text))
<BR>[Address Reference Count : 1]<UL><LI> startup_mkv58f24.o(.isr_vector)
</UL>
<P><STRONG><a name="[9f]"></a>UART0_ERR_DriverIRQHandler</STRONG> (Thumb, 4 bytes, Stack size unknown bytes, startup_mkv58f24.o(.text))
<BR>[Address Reference Count : 1]<UL><LI> startup_mkv58f24.o(.text)
</UL>
<P><STRONG><a name="[a1]"></a>UART1_ERR_DriverIRQHandler</STRONG> (Thumb, 4 bytes, Stack size unknown bytes, startup_mkv58f24.o(.text))
<BR>[Address Reference Count : 1]<UL><LI> startup_mkv58f24.o(.text)
</UL>
<P><STRONG><a name="[a3]"></a>UART2_ERR_DriverIRQHandler</STRONG> (Thumb, 4 bytes, Stack size unknown bytes, startup_mkv58f24.o(.text))
<BR>[Address Reference Count : 1]<UL><LI> startup_mkv58f24.o(.text)
</UL>
<P><STRONG><a name="[a5]"></a>UART3_ERR_DriverIRQHandler</STRONG> (Thumb, 4 bytes, Stack size unknown bytes, startup_mkv58f24.o(.text))
<BR>[Address Reference Count : 1]<UL><LI> startup_mkv58f24.o(.text)
</UL>
<P><STRONG><a name="[a7]"></a>UART4_ERR_DriverIRQHandler</STRONG> (Thumb, 4 bytes, Stack size unknown bytes, startup_mkv58f24.o(.text))
<BR>[Address Reference Count : 1]<UL><LI> startup_mkv58f24.o(.text)
</UL>
<P><STRONG><a name="[9d]"></a>UART5_ERR_DriverIRQHandler</STRONG> (Thumb, 4 bytes, Stack size unknown bytes, startup_mkv58f24.o(.text))
<BR>[Address Reference Count : 1]<UL><LI> startup_mkv58f24.o(.text)
</UL>
<P><STRONG><a name="[5]"></a>UsageFault_Handler</STRONG> (Thumb, 4 bytes, Stack size unknown bytes, startup_mkv58f24.o(.text))
<BR>[Address Reference Count : 1]<UL><LI> startup_mkv58f24.o(.isr_vector)
</UL>
<P><STRONG><a name="[20]"></a>WDOG_EWM_IRQHandler</STRONG> (Thumb, 4 bytes, Stack size unknown bytes, startup_mkv58f24.o(.text))
<BR>[Address Reference Count : 1]<UL><LI> startup_mkv58f24.o(.isr_vector)
</UL>
<P><STRONG><a name="[40]"></a>XBARA_IRQHandler</STRONG> (Thumb, 4 bytes, Stack size unknown bytes, startup_mkv58f24.o(.text))
<BR>[Address Reference Count : 1]<UL><LI> startup_mkv58f24.o(.isr_vector)
</UL>
<P><STRONG><a name="[1]"></a>NMI_Handler</STRONG> (Thumb, 4 bytes, Stack size unknown bytes, startup_mkv58f24.o(.text))
<BR>[Address Reference Count : 2]<UL><LI> startup_mkv58f24.o(.text)
<LI> startup_mkv58f24.o(.isr_vector)
</UL>
<P><STRONG><a name="[2]"></a>HardFault_Handler</STRONG> (Thumb, 4 bytes, Stack size unknown bytes, startup_mkv58f24.o(.text))
<BR>[Address Reference Count : 2]<UL><LI> startup_mkv58f24.o(.text)
<LI> startup_mkv58f24.o(.isr_vector)
</UL>
<P><STRONG><a name="[6]"></a>SVC_Handler</STRONG> (Thumb, 4 bytes, Stack size unknown bytes, startup_mkv58f24.o(.text))
<BR>[Address Reference Count : 2]<UL><LI> startup_mkv58f24.o(.text)
<LI> startup_mkv58f24.o(.isr_vector)
</UL>
<P><STRONG><a name="[8]"></a>PendSV_Handler</STRONG> (Thumb, 4 bytes, Stack size unknown bytes, startup_mkv58f24.o(.text))
<BR>[Address Reference Count : 2]<UL><LI> startup_mkv58f24.o(.text)
<LI> startup_mkv58f24.o(.isr_vector)
</UL>
<P><STRONG><a name="[9]"></a>SysTick_Handler</STRONG> (Thumb, 4 bytes, Stack size unknown bytes, startup_mkv58f24.o(.text))
<BR>[Address Reference Count : 2]<UL><LI> startup_mkv58f24.o(.text)
<LI> startup_mkv58f24.o(.isr_vector)
</UL>
<P><STRONG><a name="[a]"></a>DMA0_DMA16_IRQHandler</STRONG> (Thumb, 4 bytes, Stack size unknown bytes, startup_mkv58f24.o(.text))
<BR>[Address Reference Count : 1]<UL><LI> startup_mkv58f24.o(.isr_vector)
</UL>
<P><STRONG><a name="[b]"></a>DMA1_DMA17_IRQHandler</STRONG> (Thumb, 4 bytes, Stack size unknown bytes, startup_mkv58f24.o(.text))
<BR>[Address Reference Count : 1]<UL><LI> startup_mkv58f24.o(.isr_vector)
</UL>
<P><STRONG><a name="[c]"></a>DMA2_DMA18_IRQHandler</STRONG> (Thumb, 4 bytes, Stack size unknown bytes, startup_mkv58f24.o(.text))
<BR>[Address Reference Count : 1]<UL><LI> startup_mkv58f24.o(.isr_vector)
</UL>
<P><STRONG><a name="[d]"></a>DMA3_DMA19_IRQHandler</STRONG> (Thumb, 4 bytes, Stack size unknown bytes, startup_mkv58f24.o(.text))
<BR>[Address Reference Count : 1]<UL><LI> startup_mkv58f24.o(.isr_vector)
</UL>
<P><STRONG><a name="[e]"></a>DMA4_DMA20_IRQHandler</STRONG> (Thumb, 4 bytes, Stack size unknown bytes, startup_mkv58f24.o(.text))
<BR>[Address Reference Count : 1]<UL><LI> startup_mkv58f24.o(.isr_vector)
</UL>
<P><STRONG><a name="[f]"></a>DMA5_DMA21_IRQHandler</STRONG> (Thumb, 4 bytes, Stack size unknown bytes, startup_mkv58f24.o(.text))
<BR>[Address Reference Count : 1]<UL><LI> startup_mkv58f24.o(.isr_vector)
</UL>
<P><STRONG><a name="[10]"></a>DMA6_DMA22_IRQHandler</STRONG> (Thumb, 4 bytes, Stack size unknown bytes, startup_mkv58f24.o(.text))
<BR>[Address Reference Count : 1]<UL><LI> startup_mkv58f24.o(.isr_vector)
</UL>
<P><STRONG><a name="[11]"></a>DMA7_DMA23_IRQHandler</STRONG> (Thumb, 4 bytes, Stack size unknown bytes, startup_mkv58f24.o(.text))
<BR>[Address Reference Count : 1]<UL><LI> startup_mkv58f24.o(.isr_vector)
</UL>
<P><STRONG><a name="[12]"></a>DMA8_DMA24_IRQHandler</STRONG> (Thumb, 4 bytes, Stack size unknown bytes, startup_mkv58f24.o(.text))
<BR>[Address Reference Count : 1]<UL><LI> startup_mkv58f24.o(.isr_vector)
</UL>
<P><STRONG><a name="[13]"></a>DMA9_DMA25_IRQHandler</STRONG> (Thumb, 4 bytes, Stack size unknown bytes, startup_mkv58f24.o(.text))
<BR>[Address Reference Count : 1]<UL><LI> startup_mkv58f24.o(.isr_vector)
</UL>
<P><STRONG><a name="[14]"></a>DMA10_DMA26_IRQHandler</STRONG> (Thumb, 4 bytes, Stack size unknown bytes, startup_mkv58f24.o(.text))
<BR>[Address Reference Count : 1]<UL><LI> startup_mkv58f24.o(.isr_vector)
</UL>
<P><STRONG><a name="[15]"></a>DMA11_DMA27_IRQHandler</STRONG> (Thumb, 4 bytes, Stack size unknown bytes, startup_mkv58f24.o(.text))
<BR>[Address Reference Count : 1]<UL><LI> startup_mkv58f24.o(.isr_vector)
</UL>
<P><STRONG><a name="[16]"></a>DMA12_DMA28_IRQHandler</STRONG> (Thumb, 4 bytes, Stack size unknown bytes, startup_mkv58f24.o(.text))
<BR>[Address Reference Count : 1]<UL><LI> startup_mkv58f24.o(.isr_vector)
</UL>
<P><STRONG><a name="[17]"></a>DMA13_DMA29_IRQHandler</STRONG> (Thumb, 4 bytes, Stack size unknown bytes, startup_mkv58f24.o(.text))
<BR>[Address Reference Count : 1]<UL><LI> startup_mkv58f24.o(.isr_vector)
</UL>
<P><STRONG><a name="[18]"></a>DMA14_DMA30_IRQHandler</STRONG> (Thumb, 4 bytes, Stack size unknown bytes, startup_mkv58f24.o(.text))
<BR>[Address Reference Count : 1]<UL><LI> startup_mkv58f24.o(.isr_vector)
</UL>
<P><STRONG><a name="[19]"></a>DMA15_DMA31_IRQHandler</STRONG> (Thumb, 4 bytes, Stack size unknown bytes, startup_mkv58f24.o(.text))
<BR>[Address Reference Count : 1]<UL><LI> startup_mkv58f24.o(.isr_vector)
</UL>
<P><STRONG><a name="[1a]"></a>DMA_Error_IRQHandler</STRONG> (Thumb, 4 bytes, Stack size unknown bytes, startup_mkv58f24.o(.text))
<BR>[Address Reference Count : 1]<UL><LI> startup_mkv58f24.o(.isr_vector)
</UL>
<P><STRONG><a name="[22]"></a>I2C0_IRQHandler</STRONG> (Thumb, 4 bytes, Stack size unknown bytes, startup_mkv58f24.o(.text))
<BR>[Address Reference Count : 1]<UL><LI> startup_mkv58f24.o(.isr_vector)
</UL>
<P><STRONG><a name="[23]"></a>I2C1_IRQHandler</STRONG> (Thumb, 4 bytes, Stack size unknown bytes, startup_mkv58f24.o(.text))
<BR>[Address Reference Count : 1]<UL><LI> startup_mkv58f24.o(.isr_vector)
</UL>
<P><STRONG><a name="[24]"></a>SPI0_IRQHandler</STRONG> (Thumb, 4 bytes, Stack size unknown bytes, startup_mkv58f24.o(.text))
<BR>[Address Reference Count : 1]<UL><LI> startup_mkv58f24.o(.isr_vector)
</UL>
<P><STRONG><a name="[25]"></a>SPI1_IRQHandler</STRONG> (Thumb, 4 bytes, Stack size unknown bytes, startup_mkv58f24.o(.text))
<BR>[Address Reference Count : 1]<UL><LI> startup_mkv58f24.o(.isr_vector)
</UL>
<P><STRONG><a name="[26]"></a>UART5_RX_TX_IRQHandler</STRONG> (Thumb, 4 bytes, Stack size unknown bytes, startup_mkv58f24.o(.text))
<BR>[Address Reference Count : 1]<UL><LI> startup_mkv58f24.o(.isr_vector)
</UL>
<P><STRONG><a name="[27]"></a>UART5_ERR_IRQHandler</STRONG> (Thumb, 4 bytes, Stack size unknown bytes, startup_mkv58f24.o(.text))
<BR>[Address Reference Count : 1]<UL><LI> startup_mkv58f24.o(.isr_vector)
</UL>
<P><STRONG><a name="[29]"></a>UART0_RX_TX_IRQHandler</STRONG> (Thumb, 4 bytes, Stack size unknown bytes, startup_mkv58f24.o(.text))
<BR>[Address Reference Count : 1]<UL><LI> startup_mkv58f24.o(.isr_vector)
</UL>
<P><STRONG><a name="[2a]"></a>UART0_ERR_IRQHandler</STRONG> (Thumb, 4 bytes, Stack size unknown bytes, startup_mkv58f24.o(.text))
<BR>[Address Reference Count : 1]<UL><LI> startup_mkv58f24.o(.isr_vector)
</UL>
<P><STRONG><a name="[2b]"></a>UART1_RX_TX_IRQHandler</STRONG> (Thumb, 4 bytes, Stack size unknown bytes, startup_mkv58f24.o(.text))
<BR>[Address Reference Count : 1]<UL><LI> startup_mkv58f24.o(.isr_vector)
</UL>
<P><STRONG><a name="[2c]"></a>UART1_ERR_IRQHandler</STRONG> (Thumb, 4 bytes, Stack size unknown bytes, startup_mkv58f24.o(.text))
<BR>[Address Reference Count : 1]<UL><LI> startup_mkv58f24.o(.isr_vector)
</UL>
<P><STRONG><a name="[2d]"></a>UART2_RX_TX_IRQHandler</STRONG> (Thumb, 4 bytes, Stack size unknown bytes, startup_mkv58f24.o(.text))
<BR>[Address Reference Count : 1]<UL><LI> startup_mkv58f24.o(.isr_vector)
</UL>
<P><STRONG><a name="[2e]"></a>UART2_ERR_IRQHandler</STRONG> (Thumb, 4 bytes, Stack size unknown bytes, startup_mkv58f24.o(.text))
<BR>[Address Reference Count : 1]<UL><LI> startup_mkv58f24.o(.isr_vector)
</UL>
<P><STRONG><a name="[36]"></a>UART3_RX_TX_IRQHandler</STRONG> (Thumb, 4 bytes, Stack size unknown bytes, startup_mkv58f24.o(.text))
<BR>[Address Reference Count : 1]<UL><LI> startup_mkv58f24.o(.isr_vector)
</UL>
<P><STRONG><a name="[37]"></a>UART3_ERR_IRQHandler</STRONG> (Thumb, 4 bytes, Stack size unknown bytes, startup_mkv58f24.o(.text))
<BR>[Address Reference Count : 1]<UL><LI> startup_mkv58f24.o(.isr_vector)
</UL>
<P><STRONG><a name="[38]"></a>UART4_RX_TX_IRQHandler</STRONG> (Thumb, 4 bytes, Stack size unknown bytes, startup_mkv58f24.o(.text))
<BR>[Address Reference Count : 1]<UL><LI> startup_mkv58f24.o(.isr_vector)
</UL>
<P><STRONG><a name="[39]"></a>UART4_ERR_IRQHandler</STRONG> (Thumb, 4 bytes, Stack size unknown bytes, startup_mkv58f24.o(.text))
<BR>[Address Reference Count : 1]<UL><LI> startup_mkv58f24.o(.isr_vector)
</UL>
<P><STRONG><a name="[4b]"></a>SPI2_IRQHandler</STRONG> (Thumb, 4 bytes, Stack size unknown bytes, startup_mkv58f24.o(.text))
<BR>[Address Reference Count : 1]<UL><LI> startup_mkv58f24.o(.isr_vector)
</UL>
<P><STRONG><a name="[55]"></a>CAN0_ORed_Message_buffer_IRQHandler</STRONG> (Thumb, 4 bytes, Stack size unknown bytes, startup_mkv58f24.o(.text))
<BR>[Address Reference Count : 1]<UL><LI> startup_mkv58f24.o(.isr_vector)
</UL>
<P><STRONG><a name="[56]"></a>CAN0_Bus_Off_IRQHandler</STRONG> (Thumb, 4 bytes, Stack size unknown bytes, startup_mkv58f24.o(.text))
<BR>[Address Reference Count : 1]<UL><LI> startup_mkv58f24.o(.isr_vector)
</UL>
<P><STRONG><a name="[57]"></a>CAN0_Error_IRQHandler</STRONG> (Thumb, 4 bytes, Stack size unknown bytes, startup_mkv58f24.o(.text))
<BR>[Address Reference Count : 1]<UL><LI> startup_mkv58f24.o(.isr_vector)
</UL>
<P><STRONG><a name="[58]"></a>CAN0_Tx_Warning_IRQHandler</STRONG> (Thumb, 4 bytes, Stack size unknown bytes, startup_mkv58f24.o(.text))
<BR>[Address Reference Count : 1]<UL><LI> startup_mkv58f24.o(.isr_vector)
</UL>
<P><STRONG><a name="[59]"></a>CAN0_Rx_Warning_IRQHandler</STRONG> (Thumb, 4 bytes, Stack size unknown bytes, startup_mkv58f24.o(.text))
<BR>[Address Reference Count : 1]<UL><LI> startup_mkv58f24.o(.isr_vector)
</UL>
<P><STRONG><a name="[5a]"></a>CAN0_Wake_Up_IRQHandler</STRONG> (Thumb, 4 bytes, Stack size unknown bytes, startup_mkv58f24.o(.text))
<BR>[Address Reference Count : 1]<UL><LI> startup_mkv58f24.o(.isr_vector)
</UL>
<P><STRONG><a name="[68]"></a>CAN1_ORed_Message_buffer_IRQHandler</STRONG> (Thumb, 4 bytes, Stack size unknown bytes, startup_mkv58f24.o(.text))
<BR>[Address Reference Count : 1]<UL><LI> startup_mkv58f24.o(.isr_vector)
</UL>
<P><STRONG><a name="[69]"></a>CAN1_Bus_Off_IRQHandler</STRONG> (Thumb, 4 bytes, Stack size unknown bytes, startup_mkv58f24.o(.text))
<BR>[Address Reference Count : 1]<UL><LI> startup_mkv58f24.o(.isr_vector)
</UL>
<P><STRONG><a name="[6a]"></a>CAN1_Error_IRQHandler</STRONG> (Thumb, 4 bytes, Stack size unknown bytes, startup_mkv58f24.o(.text))
<BR>[Address Reference Count : 1]<UL><LI> startup_mkv58f24.o(.isr_vector)
</UL>
<P><STRONG><a name="[6b]"></a>CAN1_Tx_Warning_IRQHandler</STRONG> (Thumb, 4 bytes, Stack size unknown bytes, startup_mkv58f24.o(.text))
<BR>[Address Reference Count : 1]<UL><LI> startup_mkv58f24.o(.isr_vector)
</UL>
<P><STRONG><a name="[6c]"></a>CAN1_Rx_Warning_IRQHandler</STRONG> (Thumb, 4 bytes, Stack size unknown bytes, startup_mkv58f24.o(.text))
<BR>[Address Reference Count : 1]<UL><LI> startup_mkv58f24.o(.isr_vector)
</UL>
<P><STRONG><a name="[6d]"></a>CAN1_Wake_Up_IRQHandler</STRONG> (Thumb, 4 bytes, Stack size unknown bytes, startup_mkv58f24.o(.text))
<BR>[Address Reference Count : 1]<UL><LI> startup_mkv58f24.o(.isr_vector)
</UL>
<P><STRONG><a name="[7d]"></a>CAN2_ORed_Message_buffer_IRQHandler</STRONG> (Thumb, 4 bytes, Stack size unknown bytes, startup_mkv58f24.o(.text))
<BR>[Address Reference Count : 1]<UL><LI> startup_mkv58f24.o(.isr_vector)
</UL>
<P><STRONG><a name="[7e]"></a>CAN2_Bus_Off_IRQHandler</STRONG> (Thumb, 4 bytes, Stack size unknown bytes, startup_mkv58f24.o(.text))
<BR>[Address Reference Count : 1]<UL><LI> startup_mkv58f24.o(.isr_vector)
</UL>
<P><STRONG><a name="[7f]"></a>CAN2_Error_IRQHandler</STRONG> (Thumb, 4 bytes, Stack size unknown bytes, startup_mkv58f24.o(.text))
<BR>[Address Reference Count : 1]<UL><LI> startup_mkv58f24.o(.isr_vector)
</UL>
<P><STRONG><a name="[80]"></a>CAN2_Tx_Warning_IRQHandler</STRONG> (Thumb, 4 bytes, Stack size unknown bytes, startup_mkv58f24.o(.text))
<BR>[Address Reference Count : 1]<UL><LI> startup_mkv58f24.o(.isr_vector)
</UL>
<P><STRONG><a name="[81]"></a>CAN2_Rx_Warning_IRQHandler</STRONG> (Thumb, 4 bytes, Stack size unknown bytes, startup_mkv58f24.o(.text))
<BR>[Address Reference Count : 1]<UL><LI> startup_mkv58f24.o(.isr_vector)
</UL>
<P><STRONG><a name="[82]"></a>CAN2_Wake_Up_IRQHandler</STRONG> (Thumb, 4 bytes, Stack size unknown bytes, startup_mkv58f24.o(.text))
<BR>[Address Reference Count : 1]<UL><LI> startup_mkv58f24.o(.isr_vector)
</UL>
<P><STRONG><a name="[b4]"></a>__aeabi_memset</STRONG> (Thumb, 14 bytes, Stack size 0 bytes, memseta.o(.text))
<BR><BR>[Called By]<UL><LI><a href="#[b5]">&gt;&gt;</a>&nbsp;&nbsp;&nbsp;_memset$wrapper
<LI><a href="#[b3]">&gt;&gt;</a>&nbsp;&nbsp;&nbsp;__aeabi_memclr
</UL>

<P><STRONG><a name="[102]"></a>__aeabi_memset4</STRONG> (Thumb, 0 bytes, Stack size 0 bytes, memseta.o(.text), UNUSED)

<P><STRONG><a name="[103]"></a>__aeabi_memset8</STRONG> (Thumb, 0 bytes, Stack size 0 bytes, memseta.o(.text), UNUSED)

<P><STRONG><a name="[b3]"></a>__aeabi_memclr</STRONG> (Thumb, 4 bytes, Stack size 0 bytes, memseta.o(.text))
<BR><BR>[Calls]<UL><LI><a href="#[b4]">&gt;&gt;</a>&nbsp;&nbsp;&nbsp;__aeabi_memset
</UL>
<BR>[Called By]<UL><LI><a href="#[df]">&gt;&gt;</a>&nbsp;&nbsp;&nbsp;DbgConsole_Printf
</UL>

<P><STRONG><a name="[104]"></a>__aeabi_memclr4</STRONG> (Thumb, 0 bytes, Stack size 0 bytes, memseta.o(.text), UNUSED)

<P><STRONG><a name="[105]"></a>__aeabi_memclr8</STRONG> (Thumb, 0 bytes, Stack size 0 bytes, memseta.o(.text), UNUSED)

<P><STRONG><a name="[b5]"></a>_memset$wrapper</STRONG> (Thumb, 18 bytes, Stack size 8 bytes, memseta.o(.text), UNUSED)
<BR><BR>[Calls]<UL><LI><a href="#[b4]">&gt;&gt;</a>&nbsp;&nbsp;&nbsp;__aeabi_memset
</UL>

<P><STRONG><a name="[f3]"></a>strlen</STRONG> (Thumb, 14 bytes, Stack size 0 bytes, strlen.o(.text))
<BR><BR>[Called By]<UL><LI><a href="#[e0]">&gt;&gt;</a>&nbsp;&nbsp;&nbsp;StrFormatPrintf
</UL>

<P><STRONG><a name="[b2]"></a>__scatterload</STRONG> (Thumb, 28 bytes, Stack size 0 bytes, init.o(.text))
<BR><BR>[Calls]<UL><LI><a href="#[b6]">&gt;&gt;</a>&nbsp;&nbsp;&nbsp;__main_after_scatterload
</UL>
<BR>[Called By]<UL><LI><a href="#[b1]">&gt;&gt;</a>&nbsp;&nbsp;&nbsp;_main_scatterload
</UL>

<P><STRONG><a name="[106]"></a>__scatterload_rt2</STRONG> (Thumb, 0 bytes, Stack size 0 bytes, init.o(.text), UNUSED)

<P><STRONG><a name="[b7]"></a>BOARD_BootClockRUN</STRONG> (Thumb, 98 bytes, Stack size 24 bytes, clock_config.o(.text.BOARD_BootClockRUN))
<BR><BR>[Stack]<UL><LI>Max Depth = 480<LI>Call Chain = BOARD_BootClockRUN &rArr; CLOCK_BootToPeeMode &rArr; CLOCK_SetPbeMode &rArr; CLOCK_EnablePll0 &rArr; __aeabi_assert &rArr; DbgConsole_Printf &rArr; StrFormatPrintf &rArr; ConvertRadixNumToString
</UL>
<BR>[Calls]<UL><LI><a href="#[bd]">&gt;&gt;</a>&nbsp;&nbsp;&nbsp;CLOCK_SetSimConfig
<LI><a href="#[b9]">&gt;&gt;</a>&nbsp;&nbsp;&nbsp;CLOCK_InitOsc0
<LI><a href="#[bc]">&gt;&gt;</a>&nbsp;&nbsp;&nbsp;CLOCK_BootToPeeMode
<LI><a href="#[ba]">&gt;&gt;</a>&nbsp;&nbsp;&nbsp;CLOCK_SetXtal0Freq
<LI><a href="#[b8]">&gt;&gt;</a>&nbsp;&nbsp;&nbsp;CLOCK_CONFIG_SetSimSafeDivs
<LI><a href="#[bb]">&gt;&gt;</a>&nbsp;&nbsp;&nbsp;CLOCK_CONFIG_SetFllExtRefDiv
</UL>
<BR>[Called By]<UL><LI><a href="#[84]">&gt;&gt;</a>&nbsp;&nbsp;&nbsp;main
</UL>

<P><STRONG><a name="[be]"></a>BOARD_InitPins</STRONG> (Thumb, 752 bytes, Stack size 144 bytes, pin_mux.o(.text.BOARD_InitPins))
<BR><BR>[Stack]<UL><LI>Max Depth = 576<LI>Call Chain = BOARD_InitPins &rArr; GPIO_PinInit &rArr; __aeabi_assert &rArr; DbgConsole_Printf &rArr; StrFormatPrintf &rArr; ConvertRadixNumToString
</UL>
<BR>[Calls]<UL><LI><a href="#[c0]">&gt;&gt;</a>&nbsp;&nbsp;&nbsp;GPIO_PinInit
<LI><a href="#[c1]">&gt;&gt;</a>&nbsp;&nbsp;&nbsp;PORT_SetPinMux
<LI><a href="#[bf]">&gt;&gt;</a>&nbsp;&nbsp;&nbsp;CLOCK_EnableClock
</UL>
<BR>[Called By]<UL><LI><a href="#[84]">&gt;&gt;</a>&nbsp;&nbsp;&nbsp;main
</UL>

<P><STRONG><a name="[a9]"></a>CAN0_DriverIRQHandler</STRONG> (Thumb, 86 bytes, Stack size 16 bytes, fsl_flexcan.o(.text.CAN0_DriverIRQHandler))
<BR><BR>[Stack]<UL><LI>Max Depth = 424<LI>Call Chain = CAN0_DriverIRQHandler &rArr; __aeabi_assert &rArr; DbgConsole_Printf &rArr; StrFormatPrintf &rArr; ConvertRadixNumToString
</UL>
<BR>[Calls]<UL><LI><a href="#[c2]">&gt;&gt;</a>&nbsp;&nbsp;&nbsp;__aeabi_assert
</UL>
<BR>[Address Reference Count : 1]<UL><LI> startup_mkv58f24.o(.text)
</UL>
<P><STRONG><a name="[aa]"></a>CAN1_DriverIRQHandler</STRONG> (Thumb, 86 bytes, Stack size 16 bytes, fsl_flexcan.o(.text.CAN1_DriverIRQHandler))
<BR><BR>[Stack]<UL><LI>Max Depth = 424<LI>Call Chain = CAN1_DriverIRQHandler &rArr; __aeabi_assert &rArr; DbgConsole_Printf &rArr; StrFormatPrintf &rArr; ConvertRadixNumToString
</UL>
<BR>[Calls]<UL><LI><a href="#[c2]">&gt;&gt;</a>&nbsp;&nbsp;&nbsp;__aeabi_assert
</UL>
<BR>[Address Reference Count : 1]<UL><LI> startup_mkv58f24.o(.text)
</UL>
<P><STRONG><a name="[af]"></a>CAN2_DriverIRQHandler</STRONG> (Thumb, 86 bytes, Stack size 16 bytes, fsl_flexcan.o(.text.CAN2_DriverIRQHandler))
<BR><BR>[Stack]<UL><LI>Max Depth = 424<LI>Call Chain = CAN2_DriverIRQHandler &rArr; __aeabi_assert &rArr; DbgConsole_Printf &rArr; StrFormatPrintf &rArr; ConvertRadixNumToString
</UL>
<BR>[Calls]<UL><LI><a href="#[c2]">&gt;&gt;</a>&nbsp;&nbsp;&nbsp;__aeabi_assert
</UL>
<BR>[Address Reference Count : 1]<UL><LI> startup_mkv58f24.o(.text)
</UL>
<P><STRONG><a name="[bc]"></a>CLOCK_BootToPeeMode</STRONG> (Thumb, 126 bytes, Stack size 24 bytes, fsl_clock.o(.text.CLOCK_BootToPeeMode))
<BR><BR>[Stack]<UL><LI>Max Depth = 456<LI>Call Chain = CLOCK_BootToPeeMode &rArr; CLOCK_SetPbeMode &rArr; CLOCK_EnablePll0 &rArr; __aeabi_assert &rArr; DbgConsole_Printf &rArr; StrFormatPrintf &rArr; ConvertRadixNumToString
</UL>
<BR>[Calls]<UL><LI><a href="#[c2]">&gt;&gt;</a>&nbsp;&nbsp;&nbsp;__aeabi_assert
<LI><a href="#[c4]">&gt;&gt;</a>&nbsp;&nbsp;&nbsp;CLOCK_SetPbeMode
<LI><a href="#[c3]">&gt;&gt;</a>&nbsp;&nbsp;&nbsp;CLOCK_SetExternalRefClkConfig
</UL>
<BR>[Called By]<UL><LI><a href="#[b7]">&gt;&gt;</a>&nbsp;&nbsp;&nbsp;BOARD_BootClockRUN
</UL>

<P><STRONG><a name="[c5]"></a>CLOCK_EnablePll0</STRONG> (Thumb, 142 bytes, Stack size 8 bytes, fsl_clock.o(.text.CLOCK_EnablePll0))
<BR><BR>[Stack]<UL><LI>Max Depth = 416<LI>Call Chain = CLOCK_EnablePll0 &rArr; __aeabi_assert &rArr; DbgConsole_Printf &rArr; StrFormatPrintf &rArr; ConvertRadixNumToString
</UL>
<BR>[Calls]<UL><LI><a href="#[c2]">&gt;&gt;</a>&nbsp;&nbsp;&nbsp;__aeabi_assert
</UL>
<BR>[Called By]<UL><LI><a href="#[c4]">&gt;&gt;</a>&nbsp;&nbsp;&nbsp;CLOCK_SetPbeMode
</UL>

<P><STRONG><a name="[c6]"></a>CLOCK_GetEr32kClkFreq</STRONG> (Thumb, 82 bytes, Stack size 16 bytes, fsl_clock.o(.text.CLOCK_GetEr32kClkFreq))
<BR><BR>[Stack]<UL><LI>Max Depth = 432<LI>Call Chain = CLOCK_GetEr32kClkFreq &rArr; CLOCK_GetOsc0ErClkUndivFreq &rArr; __aeabi_assert &rArr; DbgConsole_Printf &rArr; StrFormatPrintf &rArr; ConvertRadixNumToString
</UL>
<BR>[Calls]<UL><LI><a href="#[c7]">&gt;&gt;</a>&nbsp;&nbsp;&nbsp;CLOCK_GetOsc0ErClkUndivFreq
</UL>
<BR>[Called By]<UL><LI><a href="#[ce]">&gt;&gt;</a>&nbsp;&nbsp;&nbsp;CLOCK_GetFreq
</UL>

<P><STRONG><a name="[c8]"></a>CLOCK_GetFixedFreqClkFreq</STRONG> (Thumb, 54 bytes, Stack size 24 bytes, fsl_clock.o(.text.CLOCK_GetFixedFreqClkFreq))
<BR><BR>[Stack]<UL><LI>Max Depth = 520<LI>Call Chain = CLOCK_GetFixedFreqClkFreq &rArr; CLOCK_GetOutClkFreq &rArr; CLOCK_GetFllFreq &rArr; CLOCK_GetFllRefClkFreq &rArr; CLOCK_GetFllExtRefClkFreq &rArr; CLOCK_GetMcgExtClkFreq &rArr; __aeabi_assert &rArr; DbgConsole_Printf &rArr; StrFormatPrintf &rArr; ConvertRadixNumToString
</UL>
<BR>[Calls]<UL><LI><a href="#[ca]">&gt;&gt;</a>&nbsp;&nbsp;&nbsp;CLOCK_GetOutClkFreq
<LI><a href="#[c9]">&gt;&gt;</a>&nbsp;&nbsp;&nbsp;CLOCK_GetFllRefClkFreq
</UL>
<BR>[Called By]<UL><LI><a href="#[ce]">&gt;&gt;</a>&nbsp;&nbsp;&nbsp;CLOCK_GetFreq
</UL>

<P><STRONG><a name="[cd]"></a>CLOCK_GetFllFreq</STRONG> (Thumb, 132 bytes, Stack size 24 bytes, fsl_clock.o(.text.CLOCK_GetFllFreq))
<BR><BR>[Stack]<UL><LI>Max Depth = 472<LI>Call Chain = CLOCK_GetFllFreq &rArr; CLOCK_GetFllRefClkFreq &rArr; CLOCK_GetFllExtRefClkFreq &rArr; CLOCK_GetMcgExtClkFreq &rArr; __aeabi_assert &rArr; DbgConsole_Printf &rArr; StrFormatPrintf &rArr; ConvertRadixNumToString
</UL>
<BR>[Calls]<UL><LI><a href="#[c9]">&gt;&gt;</a>&nbsp;&nbsp;&nbsp;CLOCK_GetFllRefClkFreq
</UL>
<BR>[Called By]<UL><LI><a href="#[ce]">&gt;&gt;</a>&nbsp;&nbsp;&nbsp;CLOCK_GetFreq
<LI><a href="#[cf]">&gt;&gt;</a>&nbsp;&nbsp;&nbsp;CLOCK_GetPllFllSelClkFreq
<LI><a href="#[ca]">&gt;&gt;</a>&nbsp;&nbsp;&nbsp;CLOCK_GetOutClkFreq
</UL>

<P><STRONG><a name="[ce]"></a>CLOCK_GetFreq</STRONG> (Thumb, 258 bytes, Stack size 24 bytes, fsl_clock.o(.text.CLOCK_GetFreq))
<BR><BR>[Stack]<UL><LI>Max Depth = 544<LI>Call Chain = CLOCK_GetFreq &rArr; CLOCK_GetFixedFreqClkFreq &rArr; CLOCK_GetOutClkFreq &rArr; CLOCK_GetFllFreq &rArr; CLOCK_GetFllRefClkFreq &rArr; CLOCK_GetFllExtRefClkFreq &rArr; CLOCK_GetMcgExtClkFreq &rArr; __aeabi_assert &rArr; DbgConsole_Printf &rArr; StrFormatPrintf &rArr; ConvertRadixNumToString
</UL>
<BR>[Calls]<UL><LI><a href="#[cf]">&gt;&gt;</a>&nbsp;&nbsp;&nbsp;CLOCK_GetPllFllSelClkFreq
<LI><a href="#[d1]">&gt;&gt;</a>&nbsp;&nbsp;&nbsp;CLOCK_GetPll0Freq
<LI><a href="#[ca]">&gt;&gt;</a>&nbsp;&nbsp;&nbsp;CLOCK_GetOutClkFreq
<LI><a href="#[c7]">&gt;&gt;</a>&nbsp;&nbsp;&nbsp;CLOCK_GetOsc0ErClkUndivFreq
<LI><a href="#[d2]">&gt;&gt;</a>&nbsp;&nbsp;&nbsp;CLOCK_GetOsc0ErClkDivFreq
<LI><a href="#[d0]">&gt;&gt;</a>&nbsp;&nbsp;&nbsp;CLOCK_GetInternalRefClkFreq
<LI><a href="#[cd]">&gt;&gt;</a>&nbsp;&nbsp;&nbsp;CLOCK_GetFllFreq
<LI><a href="#[c8]">&gt;&gt;</a>&nbsp;&nbsp;&nbsp;CLOCK_GetFixedFreqClkFreq
<LI><a href="#[c6]">&gt;&gt;</a>&nbsp;&nbsp;&nbsp;CLOCK_GetEr32kClkFreq
</UL>
<BR>[Called By]<UL><LI><a href="#[84]">&gt;&gt;</a>&nbsp;&nbsp;&nbsp;main
</UL>

<P><STRONG><a name="[d0]"></a>CLOCK_GetInternalRefClkFreq</STRONG> (Thumb, 42 bytes, Stack size 16 bytes, fsl_clock.o(.text.CLOCK_GetInternalRefClkFreq))
<BR><BR>[Stack]<UL><LI>Max Depth = 20<LI>Call Chain = CLOCK_GetInternalRefClkFreq &rArr; CLOCK_GetInternalRefClkSelectFreq
</UL>
<BR>[Calls]<UL><LI><a href="#[d3]">&gt;&gt;</a>&nbsp;&nbsp;&nbsp;CLOCK_GetInternalRefClkSelectFreq
</UL>
<BR>[Called By]<UL><LI><a href="#[ce]">&gt;&gt;</a>&nbsp;&nbsp;&nbsp;CLOCK_GetFreq
</UL>

<P><STRONG><a name="[d2]"></a>CLOCK_GetOsc0ErClkDivFreq</STRONG> (Thumb, 114 bytes, Stack size 8 bytes, fsl_clock.o(.text.CLOCK_GetOsc0ErClkDivFreq))
<BR><BR>[Stack]<UL><LI>Max Depth = 416<LI>Call Chain = CLOCK_GetOsc0ErClkDivFreq &rArr; __aeabi_assert &rArr; DbgConsole_Printf &rArr; StrFormatPrintf &rArr; ConvertRadixNumToString
</UL>
<BR>[Calls]<UL><LI><a href="#[c2]">&gt;&gt;</a>&nbsp;&nbsp;&nbsp;__aeabi_assert
</UL>
<BR>[Called By]<UL><LI><a href="#[ce]">&gt;&gt;</a>&nbsp;&nbsp;&nbsp;CLOCK_GetFreq
</UL>

<P><STRONG><a name="[c7]"></a>CLOCK_GetOsc0ErClkUndivFreq</STRONG> (Thumb, 88 bytes, Stack size 8 bytes, fsl_clock.o(.text.CLOCK_GetOsc0ErClkUndivFreq))
<BR><BR>[Stack]<UL><LI>Max Depth = 416<LI>Call Chain = CLOCK_GetOsc0ErClkUndivFreq &rArr; __aeabi_assert &rArr; DbgConsole_Printf &rArr; StrFormatPrintf &rArr; ConvertRadixNumToString
</UL>
<BR>[Calls]<UL><LI><a href="#[c2]">&gt;&gt;</a>&nbsp;&nbsp;&nbsp;__aeabi_assert
</UL>
<BR>[Called By]<UL><LI><a href="#[ce]">&gt;&gt;</a>&nbsp;&nbsp;&nbsp;CLOCK_GetFreq
<LI><a href="#[c6]">&gt;&gt;</a>&nbsp;&nbsp;&nbsp;CLOCK_GetEr32kClkFreq
</UL>

<P><STRONG><a name="[ca]"></a>CLOCK_GetOutClkFreq</STRONG> (Thumb, 82 bytes, Stack size 24 bytes, fsl_clock.o(.text.CLOCK_GetOutClkFreq))
<BR><BR>[Stack]<UL><LI>Max Depth = 496<LI>Call Chain = CLOCK_GetOutClkFreq &rArr; CLOCK_GetFllFreq &rArr; CLOCK_GetFllRefClkFreq &rArr; CLOCK_GetFllExtRefClkFreq &rArr; CLOCK_GetMcgExtClkFreq &rArr; __aeabi_assert &rArr; DbgConsole_Printf &rArr; StrFormatPrintf &rArr; ConvertRadixNumToString
</UL>
<BR>[Calls]<UL><LI><a href="#[d1]">&gt;&gt;</a>&nbsp;&nbsp;&nbsp;CLOCK_GetPll0Freq
<LI><a href="#[cd]">&gt;&gt;</a>&nbsp;&nbsp;&nbsp;CLOCK_GetFllFreq
<LI><a href="#[cc]">&gt;&gt;</a>&nbsp;&nbsp;&nbsp;CLOCK_GetMcgExtClkFreq
<LI><a href="#[d3]">&gt;&gt;</a>&nbsp;&nbsp;&nbsp;CLOCK_GetInternalRefClkSelectFreq
</UL>
<BR>[Called By]<UL><LI><a href="#[ce]">&gt;&gt;</a>&nbsp;&nbsp;&nbsp;CLOCK_GetFreq
<LI><a href="#[c8]">&gt;&gt;</a>&nbsp;&nbsp;&nbsp;CLOCK_GetFixedFreqClkFreq
</UL>

<P><STRONG><a name="[d1]"></a>CLOCK_GetPll0Freq</STRONG> (Thumb, 148 bytes, Stack size 24 bytes, fsl_clock.o(.text.CLOCK_GetPll0Freq))
<BR><BR>[Stack]<UL><LI>Max Depth = 440<LI>Call Chain = CLOCK_GetPll0Freq &rArr; CLOCK_GetPll0RefFreq &rArr; CLOCK_GetMcgExtClkFreq &rArr; __aeabi_assert &rArr; DbgConsole_Printf &rArr; StrFormatPrintf &rArr; ConvertRadixNumToString
</UL>
<BR>[Calls]<UL><LI><a href="#[c2]">&gt;&gt;</a>&nbsp;&nbsp;&nbsp;__aeabi_assert
<LI><a href="#[d4]">&gt;&gt;</a>&nbsp;&nbsp;&nbsp;CLOCK_GetPll0RefFreq
</UL>
<BR>[Called By]<UL><LI><a href="#[ce]">&gt;&gt;</a>&nbsp;&nbsp;&nbsp;CLOCK_GetFreq
<LI><a href="#[cf]">&gt;&gt;</a>&nbsp;&nbsp;&nbsp;CLOCK_GetPllFllSelClkFreq
<LI><a href="#[ca]">&gt;&gt;</a>&nbsp;&nbsp;&nbsp;CLOCK_GetOutClkFreq
</UL>

<P><STRONG><a name="[cf]"></a>CLOCK_GetPllFllSelClkFreq</STRONG> (Thumb, 70 bytes, Stack size 16 bytes, fsl_clock.o(.text.CLOCK_GetPllFllSelClkFreq))
<BR><BR>[Stack]<UL><LI>Max Depth = 488<LI>Call Chain = CLOCK_GetPllFllSelClkFreq &rArr; CLOCK_GetFllFreq &rArr; CLOCK_GetFllRefClkFreq &rArr; CLOCK_GetFllExtRefClkFreq &rArr; CLOCK_GetMcgExtClkFreq &rArr; __aeabi_assert &rArr; DbgConsole_Printf &rArr; StrFormatPrintf &rArr; ConvertRadixNumToString
</UL>
<BR>[Calls]<UL><LI><a href="#[d1]">&gt;&gt;</a>&nbsp;&nbsp;&nbsp;CLOCK_GetPll0Freq
<LI><a href="#[cd]">&gt;&gt;</a>&nbsp;&nbsp;&nbsp;CLOCK_GetFllFreq
</UL>
<BR>[Called By]<UL><LI><a href="#[ce]">&gt;&gt;</a>&nbsp;&nbsp;&nbsp;CLOCK_GetFreq
</UL>

<P><STRONG><a name="[b9]"></a>CLOCK_InitOsc0</STRONG> (Thumb, 136 bytes, Stack size 24 bytes, fsl_clock.o(.text.CLOCK_InitOsc0))
<BR><BR>[Stack]<UL><LI>Max Depth = 36<LI>Call Chain = CLOCK_InitOsc0 &rArr; OSC_SetExtRefClkConfig
</UL>
<BR>[Calls]<UL><LI><a href="#[d7]">&gt;&gt;</a>&nbsp;&nbsp;&nbsp;OSC_SetExtRefClkConfig
<LI><a href="#[d6]">&gt;&gt;</a>&nbsp;&nbsp;&nbsp;OSC_SetCapLoad
<LI><a href="#[d5]">&gt;&gt;</a>&nbsp;&nbsp;&nbsp;CLOCK_GetOscRangeFromFreq
</UL>
<BR>[Called By]<UL><LI><a href="#[b7]">&gt;&gt;</a>&nbsp;&nbsp;&nbsp;BOARD_BootClockRUN
</UL>

<P><STRONG><a name="[c3]"></a>CLOCK_SetExternalRefClkConfig</STRONG> (Thumb, 14 bytes, Stack size 4 bytes, fsl_clock.o(.text.CLOCK_SetExternalRefClkConfig))
<BR><BR>[Stack]<UL><LI>Max Depth = 4<LI>Call Chain = CLOCK_SetExternalRefClkConfig
</UL>
<BR>[Called By]<UL><LI><a href="#[bc]">&gt;&gt;</a>&nbsp;&nbsp;&nbsp;CLOCK_BootToPeeMode
</UL>

<P><STRONG><a name="[c4]"></a>CLOCK_SetPbeMode</STRONG> (Thumb, 192 bytes, Stack size 16 bytes, fsl_clock.o(.text.CLOCK_SetPbeMode))
<BR><BR>[Stack]<UL><LI>Max Depth = 432<LI>Call Chain = CLOCK_SetPbeMode &rArr; CLOCK_EnablePll0 &rArr; __aeabi_assert &rArr; DbgConsole_Printf &rArr; StrFormatPrintf &rArr; ConvertRadixNumToString
</UL>
<BR>[Calls]<UL><LI><a href="#[c2]">&gt;&gt;</a>&nbsp;&nbsp;&nbsp;__aeabi_assert
<LI><a href="#[c5]">&gt;&gt;</a>&nbsp;&nbsp;&nbsp;CLOCK_EnablePll0
</UL>
<BR>[Called By]<UL><LI><a href="#[bc]">&gt;&gt;</a>&nbsp;&nbsp;&nbsp;CLOCK_BootToPeeMode
</UL>

<P><STRONG><a name="[bd]"></a>CLOCK_SetSimConfig</STRONG> (Thumb, 40 bytes, Stack size 16 bytes, fsl_clock.o(.text.CLOCK_SetSimConfig))
<BR><BR>[Stack]<UL><LI>Max Depth = 20<LI>Call Chain = CLOCK_SetSimConfig &rArr; CLOCK_SetPllFllSelClock
</UL>
<BR>[Calls]<UL><LI><a href="#[d8]">&gt;&gt;</a>&nbsp;&nbsp;&nbsp;CLOCK_SetPllFllSelClock
<LI><a href="#[d9]">&gt;&gt;</a>&nbsp;&nbsp;&nbsp;CLOCK_SetEr32kClock
</UL>
<BR>[Called By]<UL><LI><a href="#[b7]">&gt;&gt;</a>&nbsp;&nbsp;&nbsp;BOARD_BootClockRUN
</UL>

<P><STRONG><a name="[87]"></a>DMA0_DMA16_DriverIRQHandler</STRONG> (Thumb, 80 bytes, Stack size 8 bytes, fsl_edma.o(.text.DMA0_DMA16_DriverIRQHandler))
<BR><BR>[Stack]<UL><LI>Max Depth = 464<LI>Call Chain = DMA0_DMA16_DriverIRQHandler &rArr; EDMA_HandleIRQ &rArr; __aeabi_assert &rArr; DbgConsole_Printf &rArr; StrFormatPrintf &rArr; ConvertRadixNumToString
</UL>
<BR>[Calls]<UL><LI><a href="#[db]">&gt;&gt;</a>&nbsp;&nbsp;&nbsp;EDMA_HandleIRQ
<LI><a href="#[da]">&gt;&gt;</a>&nbsp;&nbsp;&nbsp;EDMA_GetChannelStatusFlags
</UL>
<BR>[Address Reference Count : 1]<UL><LI> startup_mkv58f24.o(.text)
</UL>
<P><STRONG><a name="[91]"></a>DMA10_DMA26_DriverIRQHandler</STRONG> (Thumb, 80 bytes, Stack size 8 bytes, fsl_edma.o(.text.DMA10_DMA26_DriverIRQHandler))
<BR><BR>[Stack]<UL><LI>Max Depth = 464<LI>Call Chain = DMA10_DMA26_DriverIRQHandler &rArr; EDMA_HandleIRQ &rArr; __aeabi_assert &rArr; DbgConsole_Printf &rArr; StrFormatPrintf &rArr; ConvertRadixNumToString
</UL>
<BR>[Calls]<UL><LI><a href="#[db]">&gt;&gt;</a>&nbsp;&nbsp;&nbsp;EDMA_HandleIRQ
<LI><a href="#[da]">&gt;&gt;</a>&nbsp;&nbsp;&nbsp;EDMA_GetChannelStatusFlags
</UL>
<BR>[Address Reference Count : 1]<UL><LI> startup_mkv58f24.o(.text)
</UL>
<P><STRONG><a name="[92]"></a>DMA11_DMA27_DriverIRQHandler</STRONG> (Thumb, 80 bytes, Stack size 8 bytes, fsl_edma.o(.text.DMA11_DMA27_DriverIRQHandler))
<BR><BR>[Stack]<UL><LI>Max Depth = 464<LI>Call Chain = DMA11_DMA27_DriverIRQHandler &rArr; EDMA_HandleIRQ &rArr; __aeabi_assert &rArr; DbgConsole_Printf &rArr; StrFormatPrintf &rArr; ConvertRadixNumToString
</UL>
<BR>[Calls]<UL><LI><a href="#[db]">&gt;&gt;</a>&nbsp;&nbsp;&nbsp;EDMA_HandleIRQ
<LI><a href="#[da]">&gt;&gt;</a>&nbsp;&nbsp;&nbsp;EDMA_GetChannelStatusFlags
</UL>
<BR>[Address Reference Count : 1]<UL><LI> startup_mkv58f24.o(.text)
</UL>
<P><STRONG><a name="[93]"></a>DMA12_DMA28_DriverIRQHandler</STRONG> (Thumb, 80 bytes, Stack size 8 bytes, fsl_edma.o(.text.DMA12_DMA28_DriverIRQHandler))
<BR><BR>[Stack]<UL><LI>Max Depth = 464<LI>Call Chain = DMA12_DMA28_DriverIRQHandler &rArr; EDMA_HandleIRQ &rArr; __aeabi_assert &rArr; DbgConsole_Printf &rArr; StrFormatPrintf &rArr; ConvertRadixNumToString
</UL>
<BR>[Calls]<UL><LI><a href="#[db]">&gt;&gt;</a>&nbsp;&nbsp;&nbsp;EDMA_HandleIRQ
<LI><a href="#[da]">&gt;&gt;</a>&nbsp;&nbsp;&nbsp;EDMA_GetChannelStatusFlags
</UL>
<BR>[Address Reference Count : 1]<UL><LI> startup_mkv58f24.o(.text)
</UL>
[...]
</UL>
<BR>[Calls]<UL><LI><a href="#[f5]">&gt;&gt;</a>&nbsp;&nbsp;&nbsp;UART0_DriverIRQHandler
</UL>
<BR>[Address Reference Count : 1]<UL><LI> startup_mkv58f24.o(.text)
</UL>
<P><STRONG><a name="[f6]"></a>UART1_DriverIRQHandler</STRONG> (Thumb, 44 bytes, Stack size 16 bytes, fsl_uart.o(.text.UART1_DriverIRQHandler))
<BR><BR>[Stack]<UL><LI>Max Depth = 16<LI>Call Chain = UART1_DriverIRQHandler
</UL>
<BR>[Called By]<UL><LI><a href="#[a0]">&gt;&gt;</a>&nbsp;&nbsp;&nbsp;UART1_RX_TX_DriverIRQHandler
</UL>

<P><STRONG><a name="[a0]"></a>UART1_RX_TX_DriverIRQHandler</STRONG> (Thumb, 8 bytes, Stack size 8 bytes, fsl_uart.o(.text.UART1_RX_TX_DriverIRQHandler))
<BR><BR>[Stack]<UL><LI>Max Depth = 24<LI>Call Chain = UART1_RX_TX_DriverIRQHandler &rArr; UART1_DriverIRQHandler
</UL>
<BR>[Calls]<UL><LI><a href="#[f6]">&gt;&gt;</a>&nbsp;&nbsp;&nbsp;UART1_DriverIRQHandler
</UL>
<BR>[Address Reference Count : 1]<UL><LI> startup_mkv58f24.o(.text)
</UL>
<P><STRONG><a name="[f7]"></a>UART2_DriverIRQHandler</STRONG> (Thumb, 44 bytes, Stack size 16 bytes, fsl_uart.o(.text.UART2_DriverIRQHandler))
<BR><BR>[Stack]<UL><LI>Max Depth = 16<LI>Call Chain = UART2_DriverIRQHandler
</UL>
<BR>[Called By]<UL><LI><a href="#[a2]">&gt;&gt;</a>&nbsp;&nbsp;&nbsp;UART2_RX_TX_DriverIRQHandler
</UL>

<P><STRONG><a name="[a2]"></a>UART2_RX_TX_DriverIRQHandler</STRONG> (Thumb, 8 bytes, Stack size 8 bytes, fsl_uart.o(.text.UART2_RX_TX_DriverIRQHandler))
<BR><BR>[Stack]<UL><LI>Max Depth = 24<LI>Call Chain = UART2_RX_TX_DriverIRQHandler &rArr; UART2_DriverIRQHandler
</UL>
<BR>[Calls]<UL><LI><a href="#[f7]">&gt;&gt;</a>&nbsp;&nbsp;&nbsp;UART2_DriverIRQHandler
</UL>
<BR>[Address Reference Count : 1]<UL><LI> startup_mkv58f24.o(.text)
</UL>
<P><STRONG><a name="[f8]"></a>UART3_DriverIRQHandler</STRONG> (Thumb, 44 bytes, Stack size 16 bytes, fsl_uart.o(.text.UART3_DriverIRQHandler))
<BR><BR>[Stack]<UL><LI>Max Depth = 16<LI>Call Chain = UART3_DriverIRQHandler
</UL>
<BR>[Called By]<UL><LI><a href="#[a4]">&gt;&gt;</a>&nbsp;&nbsp;&nbsp;UART3_RX_TX_DriverIRQHandler
</UL>

<P><STRONG><a name="[a4]"></a>UART3_RX_TX_DriverIRQHandler</STRONG> (Thumb, 8 bytes, Stack size 8 bytes, fsl_uart.o(.text.UART3_RX_TX_DriverIRQHandler))
<BR><BR>[Stack]<UL><LI>Max Depth = 24<LI>Call Chain = UART3_RX_TX_DriverIRQHandler &rArr; UART3_DriverIRQHandler
</UL>
<BR>[Calls]<UL><LI><a href="#[f8]">&gt;&gt;</a>&nbsp;&nbsp;&nbsp;UART3_DriverIRQHandler
</UL>
<BR>[Address Reference Count : 1]<UL><LI> startup_mkv58f24.o(.text)
</UL>
<P><STRONG><a name="[f9]"></a>UART4_DriverIRQHandler</STRONG> (Thumb, 44 bytes, Stack size 16 bytes, fsl_uart.o(.text.UART4_DriverIRQHandler))
<BR><BR>[Stack]<UL><LI>Max Depth = 16<LI>Call Chain = UART4_DriverIRQHandler
</UL>
<BR>[Called By]<UL><LI><a href="#[a6]">&gt;&gt;</a>&nbsp;&nbsp;&nbsp;UART4_RX_TX_DriverIRQHandler
</UL>

<P><STRONG><a name="[a6]"></a>UART4_RX_TX_DriverIRQHandler</STRONG> (Thumb, 8 bytes, Stack size 8 bytes, fsl_uart.o(.text.UART4_RX_TX_DriverIRQHandler))
<BR><BR>[Stack]<UL><LI>Max Depth = 24<LI>Call Chain = UART4_RX_TX_DriverIRQHandler &rArr; UART4_DriverIRQHandler
</UL>
<BR>[Calls]<UL><LI><a href="#[f9]">&gt;&gt;</a>&nbsp;&nbsp;&nbsp;UART4_DriverIRQHandler
</UL>
<BR>[Address Reference Count : 1]<UL><LI> startup_mkv58f24.o(.text)
</UL>
<P><STRONG><a name="[fa]"></a>UART5_DriverIRQHandler</STRONG> (Thumb, 44 bytes, Stack size 16 bytes, fsl_uart.o(.text.UART5_DriverIRQHandler))
<BR><BR>[Stack]<UL><LI>Max Depth = 16<LI>Call Chain = UART5_DriverIRQHandler
</UL>
<BR>[Called By]<UL><LI><a href="#[9c]">&gt;&gt;</a>&nbsp;&nbsp;&nbsp;UART5_RX_TX_DriverIRQHandler
</UL>

<P><STRONG><a name="[9c]"></a>UART5_RX_TX_DriverIRQHandler</STRONG> (Thumb, 8 bytes, Stack size 8 bytes, fsl_uart.o(.text.UART5_RX_TX_DriverIRQHandler))
<BR><BR>[Stack]<UL><LI>Max Depth = 24<LI>Call Chain = UART5_RX_TX_DriverIRQHandler &rArr; UART5_DriverIRQHandler
</UL>
<BR>[Calls]<UL><LI><a href="#[fa]">&gt;&gt;</a>&nbsp;&nbsp;&nbsp;UART5_DriverIRQHandler
</UL>
<BR>[Address Reference Count : 1]<UL><LI> startup_mkv58f24.o(.text)
</UL>
<P><STRONG><a name="[ed]"></a>UART_WriteBlocking</STRONG> (Thumb, 72 bytes, Stack size 12 bytes, fsl_uart.o(.text.UART_WriteBlocking))
<BR><BR>[Stack]<UL><LI>Max Depth = 12<LI>Call Chain = UART_WriteBlocking
</UL>
<BR>[Called By]<UL><LI><a href="#[ec]">&gt;&gt;</a>&nbsp;&nbsp;&nbsp;HAL_UartSendBlocking
</UL>

<P><STRONG><a name="[c2]"></a>__aeabi_assert</STRONG> (Thumb, 32 bytes, Stack size 16 bytes, fsl_assert.o(.text.__aeabi_assert))
<BR><BR>[Stack]<UL><LI>Max Depth = 408<LI>Call Chain = __aeabi_assert &rArr; DbgConsole_Printf &rArr; StrFormatPrintf &rArr; ConvertRadixNumToString
</UL>
<BR>[Calls]<UL><LI><a href="#[df]">&gt;&gt;</a>&nbsp;&nbsp;&nbsp;DbgConsole_Printf
</UL>
<BR>[Called By]<UL><LI><a href="#[de]">&gt;&gt;</a>&nbsp;&nbsp;&nbsp;DbgConsole_SendDataReliable
<LI><a href="#[c0]">&gt;&gt;</a>&nbsp;&nbsp;&nbsp;GPIO_PinInit
<LI><a href="#[bc]">&gt;&gt;</a>&nbsp;&nbsp;&nbsp;CLOCK_BootToPeeMode
<LI><a href="#[e8]">&gt;&gt;</a>&nbsp;&nbsp;&nbsp;FTM_SetupPwm
<LI><a href="#[e4]">&gt;&gt;</a>&nbsp;&nbsp;&nbsp;FTM_Init
<LI><a href="#[e2]">&gt;&gt;</a>&nbsp;&nbsp;&nbsp;FTM_GetDefaultConfig
<LI><a href="#[f0]">&gt;&gt;</a>&nbsp;&nbsp;&nbsp;Serial_UartWrite
<LI><a href="#[f1]">&gt;&gt;</a>&nbsp;&nbsp;&nbsp;SerialManager_Write
<LI><a href="#[ec]">&gt;&gt;</a>&nbsp;&nbsp;&nbsp;HAL_UartSendBlocking
<LI><a href="#[a8]">&gt;&gt;</a>&nbsp;&nbsp;&nbsp;SPI2_DriverIRQHandler
<LI><a href="#[9b]">&gt;&gt;</a>&nbsp;&nbsp;&nbsp;SPI1_DriverIRQHandler
<LI><a href="#[9a]">&gt;&gt;</a>&nbsp;&nbsp;&nbsp;SPI0_DriverIRQHandler
<LI><a href="#[c4]">&gt;&gt;</a>&nbsp;&nbsp;&nbsp;CLOCK_SetPbeMode
<LI><a href="#[d1]">&gt;&gt;</a>&nbsp;&nbsp;&nbsp;CLOCK_GetPll0Freq
<LI><a href="#[c7]">&gt;&gt;</a>&nbsp;&nbsp;&nbsp;CLOCK_GetOsc0ErClkUndivFreq
<LI><a href="#[d2]">&gt;&gt;</a>&nbsp;&nbsp;&nbsp;CLOCK_GetOsc0ErClkDivFreq
<LI><a href="#[c5]">&gt;&gt;</a>&nbsp;&nbsp;&nbsp;CLOCK_EnablePll0
<LI><a href="#[cc]">&gt;&gt;</a>&nbsp;&nbsp;&nbsp;CLOCK_GetMcgExtClkFreq
<LI><a href="#[db]">&gt;&gt;</a>&nbsp;&nbsp;&nbsp;EDMA_HandleIRQ
<LI><a href="#[da]">&gt;&gt;</a>&nbsp;&nbsp;&nbsp;EDMA_GetChannelStatusFlags
<LI><a href="#[af]">&gt;&gt;</a>&nbsp;&nbsp;&nbsp;CAN2_DriverIRQHandler
<LI><a href="#[aa]">&gt;&gt;</a>&nbsp;&nbsp;&nbsp;CAN1_DriverIRQHandler
<LI><a href="#[a9]">&gt;&gt;</a>&nbsp;&nbsp;&nbsp;CAN0_DriverIRQHandler
<LI><a href="#[e7]">&gt;&gt;</a>&nbsp;&nbsp;&nbsp;FTM_SetReloadPoints
<LI><a href="#[e6]">&gt;&gt;</a>&nbsp;&nbsp;&nbsp;FTM_SetPwmSync
<LI><a href="#[e3]">&gt;&gt;</a>&nbsp;&nbsp;&nbsp;FTM_GetInstance
</UL>

<P><STRONG><a name="[84]"></a>main</STRONG> (Thumb, 150 bytes, Stack size 72 bytes, main.o(.text.main))
<BR><BR>[Stack]<UL><LI>Max Depth = 648<LI>Call Chain = main &rArr; BOARD_InitPins &rArr; GPIO_PinInit &rArr; __aeabi_assert &rArr; DbgConsole_Printf &rArr; StrFormatPrintf &rArr; ConvertRadixNumToString
</UL>
<BR>[Calls]<UL><LI><a href="#[e8]">&gt;&gt;</a>&nbsp;&nbsp;&nbsp;FTM_SetupPwm
<LI><a href="#[e4]">&gt;&gt;</a>&nbsp;&nbsp;&nbsp;FTM_Init
<LI><a href="#[e2]">&gt;&gt;</a>&nbsp;&nbsp;&nbsp;FTM_GetDefaultConfig
<LI><a href="#[ce]">&gt;&gt;</a>&nbsp;&nbsp;&nbsp;CLOCK_GetFreq
<LI><a href="#[be]">&gt;&gt;</a>&nbsp;&nbsp;&nbsp;BOARD_InitPins
<LI><a href="#[b7]">&gt;&gt;</a>&nbsp;&nbsp;&nbsp;BOARD_BootClockRUN
<LI><a href="#[fb]">&gt;&gt;</a>&nbsp;&nbsp;&nbsp;FTM_StartTimer
</UL>
<BR>[Address Reference Count : 1]<UL><LI> entry9a.o(.ARM.Collect$$$$0000000B)
</UL>
<P><STRONG><a name="[107]"></a>__scatterload_copy</STRONG> (Thumb, 14 bytes, Stack size unknown bytes, handlers.o(i.__scatterload_copy), UNUSED)

<P><STRONG><a name="[108]"></a>__scatterload_null</STRONG> (Thumb, 2 bytes, Stack size unknown bytes, handlers.o(i.__scatterload_null), UNUSED)

<P><STRONG><a name="[109]"></a>__scatterload_zeroinit</STRONG> (Thumb, 14 bytes, Stack size unknown bytes, handlers.o(i.__scatterload_zeroinit), UNUSED)
<P>
<H3>
Local Symbols
</H3>
<P><STRONG><a name="[fb]"></a>FTM_StartTimer</STRONG> (Thumb, 50 bytes, Stack size 12 bytes, main.o(.text.FTM_StartTimer))
<BR><BR>[Stack]<UL><LI>Max Depth = 12<LI>Call Chain = FTM_StartTimer
</UL>
<BR>[Called By]<UL><LI><a href="#[84]">&gt;&gt;</a>&nbsp;&nbsp;&nbsp;main
</UL>

<P><STRONG><a name="[bb]"></a>CLOCK_CONFIG_SetFllExtRefDiv</STRONG> (Thumb, 40 bytes, Stack size 4 bytes, clock_config.o(.text.CLOCK_CONFIG_SetFllExtRefDiv))
<BR><BR>[Stack]<UL><LI>Max Depth = 4<LI>Call Chain = CLOCK_CONFIG_SetFllExtRefDiv
</UL>
<BR>[Called By]<UL><LI><a href="#[b7]">&gt;&gt;</a>&nbsp;&nbsp;&nbsp;BOARD_BootClockRUN
</UL>

<P><STRONG><a name="[b8]"></a>CLOCK_CONFIG_SetSimSafeDivs</STRONG> (Thumb, 18 bytes, Stack size 0 bytes, clock_config.o(.text.CLOCK_CONFIG_SetSimSafeDivs))
<BR><BR>[Called By]<UL><LI><a href="#[b7]">&gt;&gt;</a>&nbsp;&nbsp;&nbsp;BOARD_BootClockRUN
</UL>

<P><STRONG><a name="[ba]"></a>CLOCK_SetXtal0Freq</STRONG> (Thumb, 20 bytes, Stack size 4 bytes, clock_config.o(.text.CLOCK_SetXtal0Freq))
<BR><BR>[Stack]<UL><LI>Max Depth = 4<LI>Call Chain = CLOCK_SetXtal0Freq
</UL>
<BR>[Called By]<UL><LI><a href="#[b7]">&gt;&gt;</a>&nbsp;&nbsp;&nbsp;BOARD_BootClockRUN
</UL>

<P><STRONG><a name="[bf]"></a>CLOCK_EnableClock</STRONG> (Thumb, 42 bytes, Stack size 8 bytes, pin_mux.o(.text.CLOCK_EnableClock))
<BR><BR>[Stack]<UL><LI>Max Depth = 8<LI>Call Chain = CLOCK_EnableClock
</UL>
<BR>[Called By]<UL><LI><a href="#[be]">&gt;&gt;</a>&nbsp;&nbsp;&nbsp;BOARD_InitPins
</UL>

<P><STRONG><a name="[c1]"></a>PORT_SetPinMux</STRONG> (Thumb, 40 bytes, Stack size 12 bytes, pin_mux.o(.text.PORT_SetPinMux))
<BR><BR>[Stack]<UL><LI>Max Depth = 12<LI>Call Chain = PORT_SetPinMux
</UL>
<BR>[Called By]<UL><LI><a href="#[be]">&gt;&gt;</a>&nbsp;&nbsp;&nbsp;BOARD_InitPins
</UL>

<P><STRONG><a name="[f2]"></a>ConvertRadixNumToString</STRONG> (Thumb, 304 bytes, Stack size 56 bytes, fsl_str.o(.text.ConvertRadixNumToString))
<BR><BR>[Stack]<UL><LI>Max Depth = 56<LI>Call Chain = ConvertRadixNumToString
</UL>
<BR>[Called By]<UL><LI><a href="#[e0]">&gt;&gt;</a>&nbsp;&nbsp;&nbsp;StrFormatPrintf
</UL>

<P><STRONG><a name="[b0]"></a>DbgConsole_PrintCallback</STRONG> (Thumb, 96 bytes, Stack size 32 bytes, fsl_debug_console.o(.text.DbgConsole_PrintCallback))
<BR><BR>[Stack]<UL><LI>Max Depth = 212<LI>Call Chain = DbgConsole_PrintCallback &rArr; DbgConsole_SendDataReliable &rArr;  __aeabi_assert (Cycle)
</UL>
<BR>[Calls]<UL><LI><a href="#[de]">&gt;&gt;</a>&nbsp;&nbsp;&nbsp;DbgConsole_SendDataReliable
</UL>
<BR>[Address Reference Count : 1]<UL><LI> fsl_debug_console.o(.text.DbgConsole_Printf)
</UL>
<P><STRONG><a name="[ef]"></a>SerialManager_StartWriting</STRONG> (Thumb, 76 bytes, Stack size 32 bytes, serial_manager.o(.text.SerialManager_StartWriting))
<BR><BR>[Stack]<UL><LI>Max Depth = 92<LI>Call Chain = SerialManager_StartWriting &rArr; Serial_UartWrite &rArr;  __aeabi_assert (Cycle)
</UL>
<BR>[Calls]<UL><LI><a href="#[f0]">&gt;&gt;</a>&nbsp;&nbsp;&nbsp;Serial_UartWrite
</UL>
<BR>[Called By]<UL><LI><a href="#[f1]">&gt;&gt;</a>&nbsp;&nbsp;&nbsp;SerialManager_Write
</UL>

<P><STRONG><a name="[f1]"></a>SerialManager_Write</STRONG> (Thumb, 172 bytes, Stack size 32 bytes, serial_manager.o(.text.SerialManager_Write))
<BR><BR>[Stack]<UL><LI>Max Depth = 124 + In Cycle
<LI>Call Chain = SerialManager_Write &rArr;  __aeabi_assert (Cycle)
</UL>
<BR>[Calls]<UL><LI><a href="#[c2]">&gt;&gt;</a>&nbsp;&nbsp;&nbsp;__aeabi_assert
<LI><a href="#[ef]">&gt;&gt;</a>&nbsp;&nbsp;&nbsp;SerialManager_StartWriting
</UL>
<BR>[Called By]<UL><LI><a href="#[e1]">&gt;&gt;</a>&nbsp;&nbsp;&nbsp;SerialManager_WriteBlocking
</UL>

<P><STRONG><a name="[cb]"></a>CLOCK_GetFllExtRefClkFreq</STRONG> (Thumb, 160 bytes, Stack size 24 bytes, fsl_clock.o(.text.CLOCK_GetFllExtRefClkFreq))
<BR><BR>[Stack]<UL><LI>Max Depth = 432<LI>Call Chain = CLOCK_GetFllExtRefClkFreq &rArr; CLOCK_GetMcgExtClkFreq &rArr; __aeabi_assert &rArr; DbgConsole_Printf &rArr; StrFormatPrintf &rArr; ConvertRadixNumToString
</UL>
<BR>[Calls]<UL><LI><a href="#[cc]">&gt;&gt;</a>&nbsp;&nbsp;&nbsp;CLOCK_GetMcgExtClkFreq
</UL>
<BR>[Called By]<UL><LI><a href="#[c9]">&gt;&gt;</a>&nbsp;&nbsp;&nbsp;CLOCK_GetFllRefClkFreq
</UL>

<P><STRONG><a name="[c9]"></a>CLOCK_GetFllRefClkFreq</STRONG> (Thumb, 56 bytes, Stack size 16 bytes, fsl_clock.o(.text.CLOCK_GetFllRefClkFreq))
<BR><BR>[Stack]<UL><LI>Max Depth = 448<LI>Call Chain = CLOCK_GetFllRefClkFreq &rArr; CLOCK_GetFllExtRefClkFreq &rArr; CLOCK_GetMcgExtClkFreq &rArr; __aeabi_assert &rArr; DbgConsole_Printf &rArr; StrFormatPrintf &rArr; ConvertRadixNumToString
</UL>
<BR>[Calls]<UL><LI><a href="#[cb]">&gt;&gt;</a>&nbsp;&nbsp;&nbsp;CLOCK_GetFllExtRefClkFreq
</UL>
<BR>[Called By]<UL><LI><a href="#[cd]">&gt;&gt;</a>&nbsp;&nbsp;&nbsp;CLOCK_GetFllFreq
<LI><a href="#[c8]">&gt;&gt;</a>&nbsp;&nbsp;&nbsp;CLOCK_GetFixedFreqClkFreq
</UL>

<P><STRONG><a name="[d3]"></a>CLOCK_GetInternalRefClkSelectFreq</STRONG> (Thumb, 70 bytes, Stack size 4 bytes, fsl_clock.o(.text.CLOCK_GetInternalRefClkSelectFreq))
<BR><BR>[Stack]<UL><LI>Max Depth = 4<LI>Call Chain = CLOCK_GetInternalRefClkSelectFreq
</UL>
<BR>[Called By]<UL><LI><a href="#[ca]">&gt;&gt;</a>&nbsp;&nbsp;&nbsp;CLOCK_GetOutClkFreq
<LI><a href="#[d0]">&gt;&gt;</a>&nbsp;&nbsp;&nbsp;CLOCK_GetInternalRefClkFreq
</UL>

<P><STRONG><a name="[cc]"></a>CLOCK_GetMcgExtClkFreq</STRONG> (Thumb, 52 bytes, Stack size 0 bytes, fsl_clock.o(.text.CLOCK_GetMcgExtClkFreq))
<BR><BR>[Stack]<UL><LI>Max Depth = 408<LI>Call Chain = CLOCK_GetMcgExtClkFreq &rArr; __aeabi_assert &rArr; DbgConsole_Printf &rArr; StrFormatPrintf &rArr; ConvertRadixNumToString
</UL>
<BR>[Calls]<UL><LI><a href="#[c2]">&gt;&gt;</a>&nbsp;&nbsp;&nbsp;__aeabi_assert
</UL>
<BR>[Called By]<UL><LI><a href="#[ca]">&gt;&gt;</a>&nbsp;&nbsp;&nbsp;CLOCK_GetOutClkFreq
<LI><a href="#[d4]">&gt;&gt;</a>&nbsp;&nbsp;&nbsp;CLOCK_GetPll0RefFreq
<LI><a href="#[cb]">&gt;&gt;</a>&nbsp;&nbsp;&nbsp;CLOCK_GetFllExtRefClkFreq
</UL>

<P><STRONG><a name="[d5]"></a>CLOCK_GetOscRangeFromFreq</STRONG> (Thumb, 66 bytes, Stack size 8 bytes, fsl_clock.o(.text.CLOCK_GetOscRangeFromFreq))
<BR><BR>[Stack]<UL><LI>Max Depth = 8<LI>Call Chain = CLOCK_GetOscRangeFromFreq
</UL>
<BR>[Called By]<UL><LI><a href="#[b9]">&gt;&gt;</a>&nbsp;&nbsp;&nbsp;CLOCK_InitOsc0
</UL>

<P><STRONG><a name="[d4]"></a>CLOCK_GetPll0RefFreq</STRONG> (Thumb, 8 bytes, Stack size 8 bytes, fsl_clock.o(.text.CLOCK_GetPll0RefFreq))
<BR><BR>[Stack]<UL><LI>Max Depth = 416<LI>Call Chain = CLOCK_GetPll0RefFreq &rArr; CLOCK_GetMcgExtClkFreq &rArr; __aeabi_assert &rArr; DbgConsole_Printf &rArr; StrFormatPrintf &rArr; ConvertRadixNumToString
</UL>
<BR>[Calls]<UL><LI><a href="#[cc]">&gt;&gt;</a>&nbsp;&nbsp;&nbsp;CLOCK_GetMcgExtClkFreq
</UL>
<BR>[Called By]<UL><LI><a href="#[d1]">&gt;&gt;</a>&nbsp;&nbsp;&nbsp;CLOCK_GetPll0Freq
</UL>

<P><STRONG><a name="[d9]"></a>CLOCK_SetEr32kClock</STRONG> (Thumb, 26 bytes, Stack size 4 bytes, fsl_clock.o(.text.CLOCK_SetEr32kClock))
<BR><BR>[Stack]<UL><LI>Max Depth = 4<LI>Call Chain = CLOCK_SetEr32kClock
</UL>
<BR>[Called By]<UL><LI><a href="#[bd]">&gt;&gt;</a>&nbsp;&nbsp;&nbsp;CLOCK_SetSimConfig
</UL>

<P><STRONG><a name="[d8]"></a>CLOCK_SetPllFllSelClock</STRONG> (Thumb, 26 bytes, Stack size 4 bytes, fsl_clock.o(.text.CLOCK_SetPllFllSelClock))
<BR><BR>[Stack]<UL><LI>Max Depth = 4<LI>Call Chain = CLOCK_SetPllFllSelClock
</UL>
<BR>[Called By]<UL><LI><a href="#[bd]">&gt;&gt;</a>&nbsp;&nbsp;&nbsp;CLOCK_SetSimConfig
</UL>

<P><STRONG><a name="[d6]"></a>OSC_SetCapLoad</STRONG> (Thumb, 56 bytes, Stack size 8 bytes, fsl_clock.o(.text.OSC_SetCapLoad))
<BR><BR>[Stack]<UL><LI>Max Depth = 8<LI>Call Chain = OSC_SetCapLoad
</UL>
<BR>[Called By]<UL><LI><a href="#[b9]">&gt;&gt;</a>&nbsp;&nbsp;&nbsp;CLOCK_InitOsc0
</UL>

<P><STRONG><a name="[d7]"></a>OSC_SetExtRefClkConfig</STRONG> (Thumb, 62 bytes, Stack size 12 bytes, fsl_clock.o(.text.OSC_SetExtRefClkConfig))
<BR><BR>[Stack]<UL><LI>Max Depth = 12<LI>Call Chain = OSC_SetExtRefClkConfig
</UL>
<BR>[Called By]<UL><LI><a href="#[b9]">&gt;&gt;</a>&nbsp;&nbsp;&nbsp;CLOCK_InitOsc0
</UL>

<P><STRONG><a name="[dc]"></a>DSPI_CommonIRQHandler</STRONG> (Thumb, 76 bytes, Stack size 24 bytes, fsl_dspi.o(.text.DSPI_CommonIRQHandler))
<BR><BR>[Stack]<UL><LI>Max Depth = 32<LI>Call Chain = DSPI_CommonIRQHandler &rArr; DSPI_IsMaster
</UL>
<BR>[Calls]<UL><LI><a href="#[dd]">&gt;&gt;</a>&nbsp;&nbsp;&nbsp;DSPI_IsMaster
</UL>
<BR>[Called By]<UL><LI><a href="#[a8]">&gt;&gt;</a>&nbsp;&nbsp;&nbsp;SPI2_DriverIRQHandler
<LI><a href="#[9b]">&gt;&gt;</a>&nbsp;&nbsp;&nbsp;SPI1_DriverIRQHandler
<LI><a href="#[9a]">&gt;&gt;</a>&nbsp;&nbsp;&nbsp;SPI0_DriverIRQHandler
</UL>

<P><STRONG><a name="[dd]"></a>DSPI_IsMaster</STRONG> (Thumb, 42 bytes, Stack size 8 bytes, fsl_dspi.o(.text.DSPI_IsMaster))
<BR><BR>[Stack]<UL><LI>Max Depth = 8<LI>Call Chain = DSPI_IsMaster
</UL>
<BR>[Called By]<UL><LI><a href="#[dc]">&gt;&gt;</a>&nbsp;&nbsp;&nbsp;DSPI_CommonIRQHandler
</UL>

<P><STRONG><a name="[e5]"></a>CLOCK_EnableClock</STRONG> (Thumb, 42 bytes, Stack size 8 bytes, fsl_ftm.o(.text.CLOCK_EnableClock))
<BR><BR>[Stack]<UL><LI>Max Depth = 8<LI>Call Chain = CLOCK_EnableClock
</UL>
<BR>[Called By]<UL><LI><a href="#[e4]">&gt;&gt;</a>&nbsp;&nbsp;&nbsp;FTM_Init
</UL>

<P><STRONG><a name="[e3]"></a>FTM_GetInstance</STRONG> (Thumb, 98 bytes, Stack size 16 bytes, fsl_ftm.o(.text.FTM_GetInstance))
<BR><BR>[Stack]<UL><LI>Max Depth = 424<LI>Call Chain = FTM_GetInstance &rArr; __aeabi_assert &rArr; DbgConsole_Printf &rArr; StrFormatPrintf &rArr; ConvertRadixNumToString
</UL>
<BR>[Calls]<UL><LI><a href="#[c2]">&gt;&gt;</a>&nbsp;&nbsp;&nbsp;__aeabi_assert
</UL>
<BR>[Called By]<UL><LI><a href="#[e4]">&gt;&gt;</a>&nbsp;&nbsp;&nbsp;FTM_Init
</UL>

<P><STRONG><a name="[e9]"></a>FTM_SetComplementaryEnable</STRONG> (Thumb, 82 bytes, Stack size 8 bytes, fsl_ftm.o(.text.FTM_SetComplementaryEnable))
<BR><BR>[Stack]<UL><LI>Max Depth = 8<LI>Call Chain = FTM_SetComplementaryEnable
</UL>
<BR>[Called By]<UL><LI><a href="#[e8]">&gt;&gt;</a>&nbsp;&nbsp;&nbsp;FTM_SetupPwm
</UL>

<P><STRONG><a name="[ea]"></a>FTM_SetDeadTimeEnable</STRONG> (Thumb, 82 bytes, Stack size 8 bytes, fsl_ftm.o(.text.FTM_SetDeadTimeEnable))
<BR><BR>[Stack]<UL><LI>Max Depth = 8<LI>Call Chain = FTM_SetDeadTimeEnable
</UL>
<BR>[Called By]<UL><LI><a href="#[e8]">&gt;&gt;</a>&nbsp;&nbsp;&nbsp;FTM_SetupPwm
</UL>

<P><STRONG><a name="[e6]"></a>FTM_SetPwmSync</STRONG> (Thumb, 590 bytes, Stack size 64 bytes, fsl_ftm.o(.text.FTM_SetPwmSync))
<BR><BR>[Stack]<UL><LI>Max Depth = 472<LI>Call Chain = FTM_SetPwmSync &rArr; __aeabi_assert &rArr; DbgConsole_Printf &rArr; StrFormatPrintf &rArr; ConvertRadixNumToString
</UL>
<BR>[Calls]<UL><LI><a href="#[c2]">&gt;&gt;</a>&nbsp;&nbsp;&nbsp;__aeabi_assert
</UL>
<BR>[Called By]<UL><LI><a href="#[e4]">&gt;&gt;</a>&nbsp;&nbsp;&nbsp;FTM_Init
</UL>

<P><STRONG><a name="[e7]"></a>FTM_SetReloadPoints</STRONG> (Thumb, 362 bytes, Stack size 32 bytes, fsl_ftm.o(.text.FTM_SetReloadPoints))
<BR><BR>[Stack]<UL><LI>Max Depth = 440<LI>Call Chain = FTM_SetReloadPoints &rArr; __aeabi_assert &rArr; DbgConsole_Printf &rArr; StrFormatPrintf &rArr; ConvertRadixNumToString
</UL>
<BR>[Calls]<UL><LI><a href="#[c2]">&gt;&gt;</a>&nbsp;&nbsp;&nbsp;__aeabi_assert
</UL>
<BR>[Called By]<UL><LI><a href="#[e4]">&gt;&gt;</a>&nbsp;&nbsp;&nbsp;FTM_Init
</UL>

<P><STRONG><a name="[eb]"></a>GPIO_PinWrite</STRONG> (Thumb, 54 bytes, Stack size 16 bytes, fsl_gpio.o(.text.GPIO_PinWrite))
<BR><BR>[Stack]<UL><LI>Max Depth = 16<LI>Call Chain = GPIO_PinWrite
</UL>
<BR>[Called By]<UL><LI><a href="#[c0]">&gt;&gt;</a>&nbsp;&nbsp;&nbsp;GPIO_PinInit
</UL>

<P><STRONG><a name="[ee]"></a>I2C_TransferCommonIRQHandler</STRONG> (Thumb, 108 bytes, Stack size 32 bytes, fsl_i2c.o(.text.I2C_TransferCommonIRQHandler))
<BR><BR>[Stack]<UL><LI>Max Depth = 32<LI>Call Chain = I2C_TransferCommonIRQHandler
</UL>
<BR>[Called By]<UL><LI><a href="#[99]">&gt;&gt;</a>&nbsp;&nbsp;&nbsp;I2C1_DriverIRQHandler
<LI><a href="#[98]">&gt;&gt;</a>&nbsp;&nbsp;&nbsp;I2C0_DriverIRQHandler
</UL>
<P>
<H3>
Undefined Global Symbols
</H3><HR></body></html>
