<html>
<body>
<pre>
<h1>µVision Build Log</h1>
<h2>Tool Versions:</h2>
IDE-Version: µVision V5.32.0.0
Copyright (C) 2020 ARM Ltd and ARM Germany GmbH. All rights reserved.
License Information: hamza naeem, taraz, LIC=RC93N-YLIXD-BS4YX-HJRFG-K6DJY-X2QVL
 
Tool Versions:
Toolchain:       MDK-ARM Plus  Version: 5.32.0.0
Toolchain Path:  C:\Keil_v5\ARM\ARMCLANG\Bin
C Compiler:      ArmClang.exe V6.14.1
Assembler:       Armasm.exe V6.14.1
Linker/Locator:  ArmLink.exe V6.14.1
Library Manager: ArmAr.exe V6.14.1
Hex Converter:   FromElf.exe V6.14.1
CPU DLL:         SARMCM3.DLL V5.32.0.0
Dialog DLL:      DCM.DLL V1.17.3.0
Target DLL:      Segger\JL2CM3.dll V2.99.38.0
Dialog DLL:      TCM.DLL V1.46.0.0
 
<h2>Project:</h2>
C:\TarazServer\07 Research and Development\02 PE Modules\03 SPM Power Modules\05 Testing\FBTestProject\app\FullBridge.uvprojx
Project File Date:  01/06/2021

<h2>Output:</h2>
*** Using Compiler 'V6.14.1', folder: 'C:\Keil_v5\ARM\ARMCLANG\Bin'
Build target 'Target 1'
compiling main.c...
linking...
..\devices\MKV58F24\arm\MKV58F1M0xxx24_flash.scf(22): warning: L6314W: No section matches pattern *(NonCacheable.init).
..\devices\MKV58F24\arm\MKV58F1M0xxx24_flash.scf(23): warning: L6314W: No section matches pattern *(*NonCacheable).
..\devices\MKV58F24\arm\MKV58F1M0xxx24_flash.scf(25): warning: L6314W: No section matches pattern *(RamFuction).
Program Size: Code=12952 RO-data=2160 RW-data=20 ZI-data=2344  
Finished: 0 information, 3 warning and 0 error messages.
".\Objects\test project.axf" - 0 Error(s), 3 Warning(s).

<h2>Software Packages used:</h2>

Package Vendor: NXP
                http://mcuxpresso.nxp.com/cmsis_pack/repo/NXP.MKV58F24_DFP.12.1.0.pack
                NXP.MKV58F24_DFP.12.1.0
                Device Family Pack for MKV58F24

<h2>Collection of Component include folders:</h2>
  C:\Users\Taraz Tech1\AppData\Local\Arm\Packs\NXP\MKV58F24_DFP\12.1.0

<h2>Collection of Component Files used:</h2>
Build Time Elapsed:  00:00:01
</pre>
</body>
</html>
