Component: ARM Compiler 6.14.1 Tool: armlink [5db06d00]

==============================================================================

Section Cross References

    main.o(.text.main) refers to pin_mux.o(.text.BOARD_InitPins) for BOARD_InitPins
    main.o(.text.main) refers to clock_config.o(.text.BOARD_BootClockRUN) for BOARD_BootClockRUN
    main.o(.text.main) refers to main.o(.bss.ftmParam) for ftmParam
    main.o(.text.main) refers to main.o(.bss.ftmInfo) for ftmInfo
    main.o(.text.main) refers to fsl_ftm.o(.text.FTM_GetDefaultConfig) for FTM_GetDefaultConfig
    main.o(.text.main) refers to fsl_ftm.o(.text.FTM_Init) for FTM_Init
    main.o(.text.main) refers to fsl_clock.o(.text.CLOCK_GetFreq) for CLOCK_GetFreq
    main.o(.text.main) refers to fsl_ftm.o(.text.FTM_SetupPwm) for FTM_SetupPwm
    main.o(.text.main) refers to main.o(.text.FTM_StartTimer) for FTM_StartTimer
    main.o(.ARM.exidx.text.main) refers to main.o(.text.main) for [Anonymous Symbol]
    main.o(.ARM.exidx.text.FTM_StartTimer) refers to main.o(.text.FTM_StartTimer) for [Anonymous Symbol]
    clock_config.o(.text.BOARD_InitBootClocks) refers to clock_config.o(.text.BOARD_BootClockRUN) for BOARD_BootClockRUN
    clock_config.o(.ARM.exidx.text.BOARD_InitBootClocks) refers to clock_config.o(.text.BOARD_InitBootClocks) for [Anonymous Symbol]
    clock_config.o(.text.BOARD_BootClockRUN) refers to clock_config.o(.text.CLOCK_CONFIG_SetSimSafeDivs) for CLOCK_CONFIG_SetSimSafeDivs
    clock_config.o(.text.BOARD_BootClockRUN) refers to clock_config.o(.rodata.oscConfig_BOARD_BootClockRUN) for oscConfig_BOARD_BootClockRUN
    clock_config.o(.text.BOARD_BootClockRUN) refers to fsl_clock.o(.text.CLOCK_InitOsc0) for CLOCK_InitOsc0
    clock_config.o(.text.BOARD_BootClockRUN) refers to clock_config.o(.text.CLOCK_SetXtal0Freq) for CLOCK_SetXtal0Freq
    clock_config.o(.text.BOARD_BootClockRUN) refers to clock_config.o(.rodata.mcgConfig_BOARD_BootClockRUN) for mcgConfig_BOARD_BootClockRUN
    clock_config.o(.text.BOARD_BootClockRUN) refers to clock_config.o(.text.CLOCK_CONFIG_SetFllExtRefDiv) for CLOCK_CONFIG_SetFllExtRefDiv
    clock_config.o(.text.BOARD_BootClockRUN) refers to fsl_clock.o(.text.CLOCK_BootToPeeMode) for CLOCK_BootToPeeMode
    clock_config.o(.text.BOARD_BootClockRUN) refers to clock_config.o(.rodata.simConfig_BOARD_BootClockRUN) for simConfig_BOARD_BootClockRUN
    clock_config.o(.text.BOARD_BootClockRUN) refers to fsl_clock.o(.text.CLOCK_SetSimConfig) for CLOCK_SetSimConfig
    clock_config.o(.text.BOARD_BootClockRUN) refers to system_mkv58f24.o(.data.SystemCoreClock) for SystemCoreClock
    clock_config.o(.ARM.exidx.text.BOARD_BootClockRUN) refers to clock_config.o(.text.BOARD_BootClockRUN) for [Anonymous Symbol]
    clock_config.o(.ARM.exidx.text.CLOCK_CONFIG_SetSimSafeDivs) refers to clock_config.o(.text.CLOCK_CONFIG_SetSimSafeDivs) for [Anonymous Symbol]
    clock_config.o(.text.CLOCK_SetXtal0Freq) refers to fsl_clock.o(.bss.g_xtal0Freq) for g_xtal0Freq
    clock_config.o(.ARM.exidx.text.CLOCK_SetXtal0Freq) refers to clock_config.o(.text.CLOCK_SetXtal0Freq) for [Anonymous Symbol]
    clock_config.o(.ARM.exidx.text.CLOCK_CONFIG_SetFllExtRefDiv) refers to clock_config.o(.text.CLOCK_CONFIG_SetFllExtRefDiv) for [Anonymous Symbol]
    pin_mux.o(.text.BOARD_InitBootPins) refers to pin_mux.o(.text.BOARD_InitPins) for BOARD_InitPins
    pin_mux.o(.ARM.exidx.text.BOARD_InitBootPins) refers to pin_mux.o(.text.BOARD_InitBootPins) for [Anonymous Symbol]
    pin_mux.o(.text.BOARD_InitPins) refers to pin_mux.o(.text.CLOCK_EnableClock) for CLOCK_EnableClock
    pin_mux.o(.text.BOARD_InitPins) refers to pin_mux.o(.rodata..L__const.BOARD_InitPins.a1_config) for .L__const.BOARD_InitPins.a1_config
    pin_mux.o(.text.BOARD_InitPins) refers to fsl_gpio.o(.text.GPIO_PinInit) for GPIO_PinInit
    pin_mux.o(.text.BOARD_InitPins) refers to pin_mux.o(.rodata..L__const.BOARD_InitPins.a2_config) for .L__const.BOARD_InitPins.a2_config
    pin_mux.o(.text.BOARD_InitPins) refers to pin_mux.o(.rodata..L__const.BOARD_InitPins.BST_CHNL_0_config) for .L__const.BOARD_InitPins.BST_CHNL_0_config
    pin_mux.o(.text.BOARD_InitPins) refers to pin_mux.o(.rodata..L__const.BOARD_InitPins.BST_CHNL_1_config) for .L__const.BOARD_InitPins.BST_CHNL_1_config
    pin_mux.o(.text.BOARD_InitPins) refers to pin_mux.o(.rodata..L__const.BOARD_InitPins.test_pin_config) for .L__const.BOARD_InitPins.test_pin_config
    pin_mux.o(.text.BOARD_InitPins) refers to pin_mux.o(.text.PORT_SetPinMux) for PORT_SetPinMux
    pin_mux.o(.ARM.exidx.text.BOARD_InitPins) refers to pin_mux.o(.text.BOARD_InitPins) for [Anonymous Symbol]
    pin_mux.o(.ARM.exidx.text.CLOCK_EnableClock) refers to pin_mux.o(.text.CLOCK_EnableClock) for [Anonymous Symbol]
    pin_mux.o(.ARM.exidx.text.PORT_SetPinMux) refers to pin_mux.o(.text.PORT_SetPinMux) for [Anonymous Symbol]
    system_mkv58f24.o(.text.SystemInit) refers to system_mkv58f24.o(.text.SystemInitHook) for SystemInitHook
[...]
    fsl_sim.c                                0x00000000   Number         0  fsl_sim.o ABSOLUTE
    fsl_smc.c                                0x00000000   Number         0  fsl_smc.o ABSOLUTE
    fsl_str.c                                0x00000000   Number         0  fsl_str.o ABSOLUTE
    fsl_sysmpu.c                             0x00000000   Number         0  fsl_sysmpu.o ABSOLUTE
    fsl_trng.c                               0x00000000   Number         0  fsl_trng.o ABSOLUTE
    fsl_uart.c                               0x00000000   Number         0  fsl_uart.o ABSOLUTE
    fsl_uart_edma.c                          0x00000000   Number         0  fsl_uart_edma.o ABSOLUTE
    fsl_wdog.c                               0x00000000   Number         0  fsl_wdog.o ABSOLUTE
    fsl_xbara.c                              0x00000000   Number         0  fsl_xbara.o ABSOLUTE
    fsl_xbarb.c                              0x00000000   Number         0  fsl_xbarb.o ABSOLUTE
    generic_list.c                           0x00000000   Number         0  generic_list.o ABSOLUTE
    handlers.s                               0x00000000   Number         0  handlers.o ABSOLUTE
    init.s                                   0x00000000   Number         0  init.o ABSOLUTE
    main.c                                   0x00000000   Number         0  main.o ABSOLUTE
    pin_mux.c                                0x00000000   Number         0  pin_mux.o ABSOLUTE
    serial_manager.c                         0x00000000   Number         0  serial_manager.o ABSOLUTE
    serial_port_uart.c                       0x00000000   Number         0  serial_port_uart.o ABSOLUTE
    system_MKV58F24.c                        0x00000000   Number         0  system_mkv58f24.o ABSOLUTE
    uart_adapter.c                           0x00000000   Number         0  uart_adapter.o ABSOLUTE
    CPU_MKV58F1M0VLQ24                       0x00000001   Number         0  startup_mkv58f24.o ABSOLUTE
    DEBUG                                    0x00000001   Number         0  startup_mkv58f24.o ABSOLUTE
    __MICROLIB                               0x00000001   Number         0  startup_mkv58f24.o ABSOLUTE
    __STARTUP_INITIALIZE_NONCACHEDATA        0x00000001   Number         0  startup_mkv58f24.o ABSOLUTE
    __UVISION_VERSION                        0x00000214   Number         0  startup_mkv58f24.o ABSOLUTE
    [Anonymous Symbol]                       0x10000000   Section        0  startup_mkv58f24.o(.isr_vector)
    .ARM.Collect$$$$00000000                 0x10000410   Section        0  entry.o(.ARM.Collect$$$$00000000)
    .ARM.Collect$$$$00000003                 0x10000410   Section        4  entry4.o(.ARM.Collect$$$$00000003)
    .ARM.Collect$$$$00000004                 0x10000414   Section        4  entry5.o(.ARM.Collect$$$$00000004)
    .ARM.Collect$$$$00000008                 0x10000418   Section        0  entry7b.o(.ARM.Collect$$$$00000008)
    .ARM.Collect$$$$0000000A                 0x10000418   Section        0  entry8b.o(.ARM.Collect$$$$0000000A)
    .ARM.Collect$$$$0000000B                 0x10000418   Section        8  entry9a.o(.ARM.Collect$$$$0000000B)
    __lit__00000000                          0x10000420   Data           4  entry4.o(.ARM.Collect$$$$00002714)
    .ARM.Collect$$$$0000000D                 0x10000420   Section        0  entry10a.o(.ARM.Collect$$$$0000000D)
    .ARM.Collect$$$$0000000F                 0x10000420   Section        0  entry11a.o(.ARM.Collect$$$$0000000F)
    .ARM.Collect$$$$00002714                 0x10000420   Section        4  entry4.o(.ARM.Collect$$$$00002714)
    [Anonymous Symbol]                       0x10000424   Section        0  startup_mkv58f24.o(.text)
    .text                                    0x10000638   Section        0  memseta.o(.text)
    .text                                    0x1000065c   Section        0  strlen.o(.text)
    .text                                    0x1000066c   Section       36  init.o(.text)
    [Anonymous Symbol]                       0x10000690   Section        0  clock_config.o(.text.BOARD_BootClockRUN)
    [Anonymous Symbol]                       0x100006f8   Section        0  pin_mux.o(.text.BOARD_InitPins)
    [Anonymous Symbol]                       0x100009e8   Section        0  fsl_flexcan.o(.text.CAN0_DriverIRQHandler)
    [Anonymous Symbol]                       0x10000a40   Section        0  fsl_flexcan.o(.text.CAN1_DriverIRQHandler)
    [Anonymous Symbol]                       0x10000a98   Section        0  fsl_flexcan.o(.text.CAN2_DriverIRQHandler)
    [Anonymous Symbol]                       0x10000af0   Section        0  fsl_clock.o(.text.CLOCK_BootToPeeMode)
    CLOCK_CONFIG_SetFllExtRefDiv             0x10000b71   Thumb Code    40  clock_config.o(.text.CLOCK_CONFIG_SetFllExtRefDiv)
    [Anonymous Symbol]                       0x10000b70   Section        0  clock_config.o(.text.CLOCK_CONFIG_SetFllExtRefDiv)
    CLOCK_CONFIG_SetSimSafeDivs              0x10000b99   Thumb Code    18  clock_config.o(.text.CLOCK_CONFIG_SetSimSafeDivs)
    [Anonymous Symbol]                       0x10000b98   Section        0  clock_config.o(.text.CLOCK_CONFIG_SetSimSafeDivs)
    CLOCK_EnableClock                        0x10000bb1   Thumb Code    42  pin_mux.o(.text.CLOCK_EnableClock)
    [Anonymous Symbol]                       0x10000bb0   Section        0  pin_mux.o(.text.CLOCK_EnableClock)
    CLOCK_EnableClock                        0x10000be1   Thumb Code    42  fsl_ftm.o(.text.CLOCK_EnableClock)
    [Anonymous Symbol]                       0x10000be0   Section        0  fsl_ftm.o(.text.CLOCK_EnableClock)
    [Anonymous Symbol]                       0x10000c10   Section        0  fsl_clock.o(.text.CLOCK_EnablePll0)
    [Anonymous Symbol]                       0x10000ca0   Section        0  fsl_clock.o(.text.CLOCK_GetEr32kClkFreq)
    [Anonymous Symbol]                       0x10000cf8   Section        0  fsl_clock.o(.text.CLOCK_GetFixedFreqClkFreq)
    CLOCK_GetFllExtRefClkFreq                0x10000d31   Thumb Code   160  fsl_clock.o(.text.CLOCK_GetFllExtRefClkFreq)
    [Anonymous Symbol]                       0x10000d30   Section        0  fsl_clock.o(.text.CLOCK_GetFllExtRefClkFreq)
    [Anonymous Symbol]                       0x10000dd0   Section        0  fsl_clock.o(.text.CLOCK_GetFllFreq)
    CLOCK_GetFllRefClkFreq                   0x10000e59   Thumb Code    56  fsl_clock.o(.text.CLOCK_GetFllRefClkFreq)
    [Anonymous Symbol]                       0x10000e58   Section        0  fsl_clock.o(.text.CLOCK_GetFllRefClkFreq)
    [Anonymous Symbol]                       0x10000e90   Section        0  fsl_clock.o(.text.CLOCK_GetFreq)
    [Anonymous Symbol]                       0x10000f98   Section        0  fsl_clock.o(.text.CLOCK_GetInternalRefClkFreq)
    CLOCK_GetInternalRefClkSelectFreq        0x10000fc9   Thumb Code    70  fsl_clock.o(.text.CLOCK_GetInternalRefClkSelectFreq)
    [Anonymous Symbol]                       0x10000fc8   Section        0  fsl_clock.o(.text.CLOCK_GetInternalRefClkSelectFreq)
    CLOCK_GetMcgExtClkFreq                   0x10001011   Thumb Code    52  fsl_clock.o(.text.CLOCK_GetMcgExtClkFreq)
    [Anonymous Symbol]                       0x10001010   Section        0  fsl_clock.o(.text.CLOCK_GetMcgExtClkFreq)
    [Anonymous Symbol]                       0x10001048   Section        0  fsl_clock.o(.text.CLOCK_GetOsc0ErClkDivFreq)
    [Anonymous Symbol]                       0x100010c0   Section        0  fsl_clock.o(.text.CLOCK_GetOsc0ErClkUndivFreq)
    CLOCK_GetOscRangeFromFreq                0x10001119   Thumb Code    66  fsl_clock.o(.text.CLOCK_GetOscRangeFromFreq)
    [Anonymous Symbol]                       0x10001118   Section        0  fsl_clock.o(.text.CLOCK_GetOscRangeFromFreq)
    [Anonymous Symbol]                       0x10001160   Section        0  fsl_clock.o(.text.CLOCK_GetOutClkFreq)
    [Anonymous Symbol]                       0x100011b8   Section        0  fsl_clock.o(.text.CLOCK_GetPll0Freq)
    CLOCK_GetPll0RefFreq                     0x10001251   Thumb Code     8  fsl_clock.o(.text.CLOCK_GetPll0RefFreq)
    [Anonymous Symbol]                       0x10001250   Section        0  fsl_clock.o(.text.CLOCK_GetPll0RefFreq)
    [Anonymous Symbol]                       0x10001258   Section        0  fsl_clock.o(.text.CLOCK_GetPllFllSelClkFreq)
    [Anonymous Symbol]                       0x100012a0   Section        0  fsl_clock.o(.text.CLOCK_InitOsc0)
    CLOCK_SetEr32kClock                      0x10001329   Thumb Code    26  fsl_clock.o(.text.CLOCK_SetEr32kClock)
    [Anonymous Symbol]                       0x10001328   Section        0  fsl_clock.o(.text.CLOCK_SetEr32kClock)
    [Anonymous Symbol]                       0x10001348   Section        0  fsl_clock.o(.text.CLOCK_SetExternalRefClkConfig)
    [Anonymous Symbol]                       0x10001358   Section        0  fsl_clock.o(.text.CLOCK_SetPbeMode)
    CLOCK_SetPllFllSelClock                  0x10001419   Thumb Code    26  fsl_clock.o(.text.CLOCK_SetPllFllSelClock)
    [Anonymous Symbol]                       0x10001418   Section        0  fsl_clock.o(.text.CLOCK_SetPllFllSelClock)
    [Anonymous Symbol]                       0x10001438   Section        0  fsl_clock.o(.text.CLOCK_SetSimConfig)
    CLOCK_SetXtal0Freq                       0x10001461   Thumb Code    20  clock_config.o(.text.CLOCK_SetXtal0Freq)
    [Anonymous Symbol]                       0x10001460   Section        0  clock_config.o(.text.CLOCK_SetXtal0Freq)
    ConvertRadixNumToString                  0x10001479   Thumb Code   304  fsl_str.o(.text.ConvertRadixNumToString)
    [Anonymous Symbol]                       0x10001478   Section        0  fsl_str.o(.text.ConvertRadixNumToString)
    [Anonymous Symbol]                       0x100015a8   Section        0  fsl_edma.o(.text.DMA0_DMA16_DriverIRQHandler)
    [Anonymous Symbol]                       0x100015f8   Section        0  fsl_edma.o(.text.DMA10_DMA26_DriverIRQHandler)
    [Anonymous Symbol]                       0x10001648   Section        0  fsl_edma.o(.text.DMA11_DMA27_DriverIRQHandler)
    [Anonymous Symbol]                       0x10001698   Section        0  fsl_edma.o(.text.DMA12_DMA28_DriverIRQHandler)
    [Anonymous Symbol]                       0x100016e8   Section        0  fsl_edma.o(.text.DMA13_DMA29_DriverIRQHandler)
    [Anonymous Symbol]                       0x10001738   Section        0  fsl_edma.o(.text.DMA14_DMA30_DriverIRQHandler)
    [Anonymous Symbol]                       0x10001788   Section        0  fsl_edma.o(.text.DMA15_DMA31_DriverIRQHandler)
    [Anonymous Symbol]                       0x100017d8   Section        0  fsl_edma.o(.text.DMA1_DMA17_DriverIRQHandler)
    [Anonymous Symbol]                       0x10001828   Section        0  fsl_edma.o(.text.DMA2_DMA18_DriverIRQHandler)
    [Anonymous Symbol]                       0x10001878   Section        0  fsl_edma.o(.text.DMA3_DMA19_DriverIRQHandler)
    [Anonymous Symbol]                       0x100018c8   Section        0  fsl_edma.o(.text.DMA4_DMA20_DriverIRQHandler)
    [Anonymous Symbol]                       0x10001918   Section        0  fsl_edma.o(.text.DMA5_DMA21_DriverIRQHandler)
    [Anonymous Symbol]                       0x10001968   Section        0  fsl_edma.o(.text.DMA6_DMA22_DriverIRQHandler)
    [Anonymous Symbol]                       0x100019b8   Section        0  fsl_edma.o(.text.DMA7_DMA23_DriverIRQHandler)
    [Anonymous Symbol]                       0x10001a08   Section        0  fsl_edma.o(.text.DMA8_DMA24_DriverIRQHandler)
    [Anonymous Symbol]                       0x10001a58   Section        0  fsl_edma.o(.text.DMA9_DMA25_DriverIRQHandler)
    DSPI_CommonIRQHandler                    0x10001aa9   Thumb Code    76  fsl_dspi.o(.text.DSPI_CommonIRQHandler)
    [Anonymous Symbol]                       0x10001aa8   Section        0  fsl_dspi.o(.text.DSPI_CommonIRQHandler)
    DSPI_IsMaster                            0x10001af9   Thumb Code    42  fsl_dspi.o(.text.DSPI_IsMaster)
    [Anonymous Symbol]                       0x10001af8   Section        0  fsl_dspi.o(.text.DSPI_IsMaster)
    DbgConsole_PrintCallback                 0x10001b29   Thumb Code    96  fsl_debug_console.o(.text.DbgConsole_PrintCallback)
    [Anonymous Symbol]                       0x10001b28   Section        0  fsl_debug_console.o(.text.DbgConsole_PrintCallback)
    [Anonymous Symbol]                       0x10001b88   Section        0  fsl_debug_console.o(.text.DbgConsole_Printf)
    [Anonymous Symbol]                       0x10001bf0   Section        0  fsl_debug_console.o(.text.DbgConsole_SendDataReliable)
    [Anonymous Symbol]                       0x10001c90   Section        0  fsl_edma.o(.text.EDMA_GetChannelStatusFlags)
    [Anonymous Symbol]                       0x10001d08   Section        0  fsl_edma.o(.text.EDMA_HandleIRQ)
    [Anonymous Symbol]                       0x10001ea0   Section        0  fsl_enet.o(.text.ENET_1588_Timer_IRQHandler)
    [Anonymous Symbol]                       0x10001ed0   Section        0  fsl_enet.o(.text.ENET_Error_IRQHandler)
    [Anonymous Symbol]                       0x10001f00   Section        0  fsl_enet.o(.text.ENET_Receive_IRQHandler)
    [Anonymous Symbol]                       0x10001f30   Section        0  fsl_enet.o(.text.ENET_Transmit_IRQHandler)
    [Anonymous Symbol]                       0x10001f60   Section        0  fsl_ftm.o(.text.FTM_GetDefaultConfig)
    FTM_GetInstance                          0x10001fd1   Thumb Code    98  fsl_ftm.o(.text.FTM_GetInstance)
    [Anonymous Symbol]                       0x10001fd0   Section        0  fsl_ftm.o(.text.FTM_GetInstance)
    [Anonymous Symbol]                       0x10002038   Section        0  fsl_ftm.o(.text.FTM_Init)
    FTM_SetComplementaryEnable               0x10002129   Thumb Code    82  fsl_ftm.o(.text.FTM_SetComplementaryEnable)
    [Anonymous Symbol]                       0x10002128   Section        0  fsl_ftm.o(.text.FTM_SetComplementaryEnable)
    FTM_SetDeadTimeEnable                    0x10002181   Thumb Code    82  fsl_ftm.o(.text.FTM_SetDeadTimeEnable)
    [Anonymous Symbol]                       0x10002180   Section        0  fsl_ftm.o(.text.FTM_SetDeadTimeEnable)
    FTM_SetPwmSync                           0x100021d9   Thumb Code   590  fsl_ftm.o(.text.FTM_SetPwmSync)
    [Anonymous Symbol]                       0x100021d8   Section        0  fsl_ftm.o(.text.FTM_SetPwmSync)
    FTM_SetReloadPoints                      0x10002429   Thumb Code   362  fsl_ftm.o(.text.FTM_SetReloadPoints)
    [Anonymous Symbol]                       0x10002428   Section        0  fsl_ftm.o(.text.FTM_SetReloadPoints)
    [Anonymous Symbol]                       0x10002598   Section        0  fsl_ftm.o(.text.FTM_SetupPwm)
    FTM_StartTimer                           0x10002a29   Thumb Code    50  main.o(.text.FTM_StartTimer)
    [Anonymous Symbol]                       0x10002a28   Section        0  main.o(.text.FTM_StartTimer)
    [Anonymous Symbol]                       0x10002a60   Section        0  fsl_gpio.o(.text.GPIO_PinInit)
    GPIO_PinWrite                            0x10002ad1   Thumb Code    54  fsl_gpio.o(.text.GPIO_PinWrite)
    [Anonymous Symbol]                       0x10002ad0   Section        0  fsl_gpio.o(.text.GPIO_PinWrite)
    [Anonymous Symbol]                       0x10002b08   Section        0  uart_adapter.o(.text.HAL_UartSendBlocking)
    [Anonymous Symbol]                       0x10002ba0   Section        0  fsl_i2c.o(.text.I2C0_DriverIRQHandler)
    [Anonymous Symbol]                       0x10002bc0   Section        0  fsl_i2c.o(.text.I2C1_DriverIRQHandler)
    I2C_TransferCommonIRQHandler             0x10002be1   Thumb Code   108  fsl_i2c.o(.text.I2C_TransferCommonIRQHandler)
    [Anonymous Symbol]                       0x10002be0   Section        0  fsl_i2c.o(.text.I2C_TransferCommonIRQHandler)
    OSC_SetCapLoad                           0x10002c51   Thumb Code    56  fsl_clock.o(.text.OSC_SetCapLoad)
    [Anonymous Symbol]                       0x10002c50   Section        0  fsl_clock.o(.text.OSC_SetCapLoad)
    OSC_SetExtRefClkConfig                   0x10002c89   Thumb Code    62  fsl_clock.o(.text.OSC_SetExtRefClkConfig)
    [Anonymous Symbol]                       0x10002c88   Section        0  fsl_clock.o(.text.OSC_SetExtRefClkConfig)
    PORT_SetPinMux                           0x10002cc9   Thumb Code    40  pin_mux.o(.text.PORT_SetPinMux)
    [Anonymous Symbol]                       0x10002cc8   Section        0  pin_mux.o(.text.PORT_SetPinMux)
    [Anonymous Symbol]                       0x10002cf0   Section        0  fsl_dspi.o(.text.SPI0_DriverIRQHandler)
    [Anonymous Symbol]                       0x10002d38   Section        0  fsl_dspi.o(.text.SPI1_DriverIRQHandler)
    [Anonymous Symbol]                       0x10002d80   Section        0  fsl_dspi.o(.text.SPI2_DriverIRQHandler)
    SerialManager_StartWriting               0x10002dc9   Thumb Code    76  serial_manager.o(.text.SerialManager_StartWriting)
    [Anonymous Symbol]                       0x10002dc8   Section        0  serial_manager.o(.text.SerialManager_StartWriting)
    SerialManager_Write                      0x10002e19   Thumb Code   172  serial_manager.o(.text.SerialManager_Write)
    [Anonymous Symbol]                       0x10002e18   Section        0  serial_manager.o(.text.SerialManager_Write)
    [Anonymous Symbol]                       0x10002ec8   Section        0  serial_manager.o(.text.SerialManager_WriteBlocking)
    [Anonymous Symbol]                       0x10002ee0   Section        0  serial_port_uart.o(.text.Serial_UartWrite)
    [Anonymous Symbol]                       0x10002f68   Section        0  fsl_str.o(.text.StrFormatPrintf)
    [Anonymous Symbol]                       0x10003320   Section        0  system_mkv58f24.o(.text.SystemInit)
    [Anonymous Symbol]                       0x10003438   Section        0  system_mkv58f24.o(.text.SystemInitHook)
    [Anonymous Symbol]                       0x10003440   Section        0  fsl_uart.o(.text.UART0_DriverIRQHandler)
    [Anonymous Symbol]                       0x10003470   Section        0  fsl_uart.o(.text.UART0_RX_TX_DriverIRQHandler)
    [Anonymous Symbol]                       0x10003478   Section        0  fsl_uart.o(.text.UART1_DriverIRQHandler)
    [Anonymous Symbol]                       0x100034a8   Section        0  fsl_uart.o(.text.UART1_RX_TX_DriverIRQHandler)
    [Anonymous Symbol]                       0x100034b0   Section        0  fsl_uart.o(.text.UART2_DriverIRQHandler)
    [Anonymous Symbol]                       0x100034e0   Section        0  fsl_uart.o(.text.UART2_RX_TX_DriverIRQHandler)
    [Anonymous Symbol]                       0x100034e8   Section        0  fsl_uart.o(.text.UART3_DriverIRQHandler)
    [Anonymous Symbol]                       0x10003518   Section        0  fsl_uart.o(.text.UART3_RX_TX_DriverIRQHandler)
    [Anonymous Symbol]                       0x10003520   Section        0  fsl_uart.o(.text.UART4_DriverIRQHandler)
    [Anonymous Symbol]                       0x10003550   Section        0  fsl_uart.o(.text.UART4_RX_TX_DriverIRQHandler)
    [Anonymous Symbol]                       0x10003558   Section        0  fsl_uart.o(.text.UART5_DriverIRQHandler)
    [Anonymous Symbol]                       0x10003588   Section        0  fsl_uart.o(.text.UART5_RX_TX_DriverIRQHandler)
    [Anonymous Symbol]                       0x10003590   Section        0  fsl_uart.o(.text.UART_WriteBlocking)
    [Anonymous Symbol]                       0x100035d8   Section        0  fsl_assert.o(.text.__aeabi_assert)
    [Anonymous Symbol]                       0x100035f8   Section        0  main.o(.text.main)
    i.__scatterload_copy                     0x1000368a   Section       14  handlers.o(i.__scatterload_copy)
    i.__scatterload_null                     0x10003698   Section        2  handlers.o(i.__scatterload_null)
    i.__scatterload_zeroinit                 0x1000369a   Section       14  handlers.o(i.__scatterload_zeroinit)
    .L__const.BOARD_InitPins.BST_CHNL_0_config 0x100036a8   Data           2  pin_mux.o(.rodata..L__const.BOARD_InitPins.BST_CHNL_0_config)
    .L__const.BOARD_InitPins.BST_CHNL_1_config 0x100036aa   Data           2  pin_mux.o(.rodata..L__const.BOARD_InitPins.BST_CHNL_1_config)
    .L__const.BOARD_InitPins.a1_config       0x100036ac   Data           2  pin_mux.o(.rodata..L__const.BOARD_InitPins.a1_config)
    .L__const.BOARD_InitPins.a2_config       0x100036ae   Data           2  pin_mux.o(.rodata..L__const.BOARD_InitPins.a2_config)
    .L__const.BOARD_InitPins.test_pin_config 0x100036b0   Data           2  pin_mux.o(.rodata..L__const.BOARD_InitPins.test_pin_config)
    CLOCK_GetFllFreq.fllFactorTable          0x100036b2   Data          16  fsl_clock.o(.rodata.CLOCK_GetFllFreq.fllFactorTable)
    [Anonymous Symbol]                       0x100036b2   Section        0  fsl_clock.o(.rodata.CLOCK_GetFllFreq.fllFactorTable)
    s_UartAdapterBase                        0x100036d4   Data          24  uart_adapter.o(.rodata.s_UartAdapterBase)
    [Anonymous Symbol]                       0x100036d4   Section        0  uart_adapter.o(.rodata.s_UartAdapterBase)
    s_ftmBases                               0x100036ec   Data          16  fsl_ftm.o(.rodata.s_ftmBases)
    [Anonymous Symbol]                       0x100036ec   Section        0  fsl_ftm.o(.rodata.s_ftmBases)
    s_ftmClocks                              0x100036fc   Data          16  fsl_ftm.o(.rodata.s_ftmClocks)
    [Anonymous Symbol]                       0x100036fc   Section        0  fsl_ftm.o(.rodata.s_ftmClocks)
    .L.str                                   0x10003714   Data          43  fsl_assert.o(.rodata.str1.1)
    [Anonymous Symbol]                       0x10003714   Section        0  fsl_assert.o(.rodata.str1.1)
    .L.str.1                                 0x1000373f   Data          64  fsl_debug_console.o(.rodata.str1.1)
    [Anonymous Symbol]                       0x1000373f   Section        0  fsl_debug_console.o(.rodata.str1.1)
    .L.str.2                                 0x1000377f   Data          10  fsl_debug_console.o(.rodata.str1.1)
    .L.str                                   0x10003789   Data          11  fsl_debug_console.o(.rodata.str1.1)
    .L.str.3                                 0x10003794   Data          12  fsl_debug_console.o(.rodata.str1.1)
    .L.str.5                                 0x10003794   Data           5  uart_adapter.o(.rodata.str1.1)
    [Anonymous Symbol]                       0x10003794   Section        0  uart_adapter.o(.rodata.str1.1)
    .L.str.1                                 0x10003799   Data          34  uart_adapter.o(.rodata.str1.1)
    .L.str.4                                 0x100037a0   Data           3  fsl_debug_console.o(.rodata.str1.1)
    .L.str.5                                 0x100037a3   Data          40  fsl_debug_console.o(.rodata.str1.1)
    .L.str                                   0x100037bb   Data           7  uart_adapter.o(.rodata.str1.1)
    .L.str.4                                 0x100037bb   Data           7  uart_adapter.o(.rodata.str1.1)
    .L.str.2                                 0x100037bd   Data           7  uart_adapter.o(.rodata.str1.1)
    .L.str.4                                 0x100037c2   Data           7  uart_adapter.o(.rodata.str1.1)
    .L.str.6                                 0x100037c2   Data           7  uart_adapter.o(.rodata.str1.1)
    .L.str.8                                 0x100037c2   Data           7  uart_adapter.o(.rodata.str1.1)
    .L.str.3                                 0x100037c4   Data          69  uart_adapter.o(.rodata.str1.1)
    .L.str                                   0x100037c9   Data           7  serial_manager.o(.rodata.str1.1)
    .L.str.1                                 0x100037c9   Data          46  serial_manager.o(.rodata.str1.1)
    [Anonymous Symbol]                       0x100037c9   Section        0  serial_manager.o(.rodata.str1.1)
    .L.str.3                                 0x100037f7   Data          12  serial_manager.o(.rodata.str1.1)
    .L.str.2                                 0x100037fe   Data          13  serial_manager.o(.rodata.str1.1)
    .L.str.3                                 0x10003803   Data           7  serial_manager.o(.rodata.str1.1)
    .L.str.7                                 0x10003803   Data           7  serial_manager.o(.rodata.str1.1)
    .L.str.4                                 0x10003809   Data          36  uart_adapter.o(.rodata.str1.1)
    .L.str                                   0x1000380a   Data          13  serial_port_uart.o(.rodata.str1.1)
    .L.str.1                                 0x1000380a   Data          48  serial_port_uart.o(.rodata.str1.1)
    [Anonymous Symbol]                       0x1000380a   Section        0  serial_port_uart.o(.rodata.str1.1)
    .L.str.5                                 0x1000381e   Data          11  serial_manager.o(.rodata.str1.1)
    .L.str.6                                 0x10003829   Data          61  serial_manager.o(.rodata.str1.1)
    .L.str.2                                 0x1000383a   Data          13  serial_port_uart.o(.rodata.str1.1)
    .L.str.1                                 0x10003847   Data          40  fsl_clock.o(.rodata.str1.1)
    [Anonymous Symbol]                       0x10003847   Section        0  fsl_clock.o(.rodata.str1.1)
    .L.str.2                                 0x1000386f   Data          11  fsl_clock.o(.rodata.str1.1)
    .L.str.5                                 0x1000387a   Data          18  fsl_clock.o(.rodata.str1.1)
    .L.str                                   0x10003880   Data          12  fsl_clock.o(.rodata.str1.1)
    .L.str                                   0x1000388c   Data          35  fsl_dspi.o(.rodata.str1.1)
    .L.str.9                                 0x1000388c   Data          24  fsl_dspi.o(.rodata.str1.1)
    [Anonymous Symbol]                       0x1000388c   Section        0  fsl_dspi.o(.rodata.str1.1)
    .L.str.4                                 0x1000388d   Data           6  fsl_clock.o(.rodata.str1.1)
    .L.str.10                                0x100038a4   Data          24  fsl_dspi.o(.rodata.str1.1)
    .L.str.11                                0x100038bc   Data          24  fsl_dspi.o(.rodata.str1.1)
    .L.str.1                                 0x100038d4   Data          39  fsl_dspi.o(.rodata.str1.1)
    .L.str.2                                 0x100038d6   Data          21  fsl_dspi.o(.rodata.str1.1)
    .L.str.3                                 0x100038eb   Data           6  fsl_dspi.o(.rodata.str1.1)
    .L.str.4                                 0x100038f1   Data          20  fsl_dspi.o(.rodata.str1.1)
    .L.str                                   0x100038fb   Data          52  fsl_edma.o(.rodata.str1.1)
    [Anonymous Symbol]                       0x100038fb   Section        0  fsl_edma.o(.rodata.str1.1)
    .L.str.5                                 0x10003905   Data          16  fsl_dspi.o(.rodata.str1.1)
    .L.str.6                                 0x10003915   Data          15  fsl_dspi.o(.rodata.str1.1)
    .L.str.7                                 0x10003924   Data          17  fsl_dspi.o(.rodata.str1.1)
    .L.str.7                                 0x1000392f   Data          15  fsl_edma.o(.rodata.str1.1)
    .L.str.8                                 0x10003935   Data          13  fsl_dspi.o(.rodata.str1.1)
    .L.str.1                                 0x1000393e   Data          39  fsl_edma.o(.rodata.str1.1)
    .L.str.2                                 0x10003956   Data          12  fsl_edma.o(.rodata.str1.1)
    .L.str.3                                 0x10003962   Data          30  fsl_edma.o(.rodata.str1.1)
    .L.str                                   0x10003965   Data          38  fsl_flexcan.o(.rodata.str1.1)
    .L.str.21                                0x10003965   Data          27  fsl_flexcan.o(.rodata.str1.1)
    [Anonymous Symbol]                       0x10003965   Section        0  fsl_flexcan.o(.rodata.str1.1)
    .L.str.22                                0x10003980   Data          27  fsl_flexcan.o(.rodata.str1.1)
    .L.str.4                                 0x10003980   Data          15  fsl_edma.o(.rodata.str1.1)
    .L.str.5                                 0x1000398f   Data          34  fsl_edma.o(.rodata.str1.1)
    .L.str.23                                0x1000399b   Data          27  fsl_flexcan.o(.rodata.str1.1)
    .L.str.6                                 0x100039b1   Data          58  fsl_edma.o(.rodata.str1.1)
    .L.str.2                                 0x100039b5   Data          16  fsl_flexcan.o(.rodata.str1.1)
    .L.str.1                                 0x100039b6   Data          42  fsl_flexcan.o(.rodata.str1.1)
    .L.str.3                                 0x100039c5   Data         117  fsl_flexcan.o(.rodata.str1.1)
    .L.str.7                                 0x100039e0   Data          43  fsl_ftm.o(.rodata.str1.1)
    [Anonymous Symbol]                       0x100039e0   Section        0  fsl_ftm.o(.rodata.str1.1)
    .L.str.8                                 0x100039fa   Data          34  fsl_edma.o(.rodata.str1.1)
    .L.str.2                                 0x10003a0b   Data          15  fsl_ftm.o(.rodata.str1.1)
    .L.str.1                                 0x10003a1a   Data          38  fsl_ftm.o(.rodata.str1.1)
    .L.str.9                                 0x10003a1c   Data          16  fsl_edma.o(.rodata.str1.1)
    .L.str.10                                0x10003a2c   Data          17  fsl_edma.o(.rodata.str1.1)
    .L.str.4                                 0x10003a3a   Data          44  fsl_flexcan.o(.rodata.str1.1)
    .L.str.11                                0x10003a3d   Data         119  fsl_edma.o(.rodata.str1.1)
    .L.str.6                                 0x10003a40   Data          17  fsl_ftm.o(.rodata.str1.1)
    .L.str.3                                 0x10003a51   Data          19  fsl_ftm.o(.rodata.str1.1)
    .L.str.17                                0x10003a64   Data          16  fsl_ftm.o(.rodata.str1.1)
    .L.str.5                                 0x10003a66   Data          42  fsl_flexcan.o(.rodata.str1.1)
    .L.str.16                                0x10003a74   Data          25  fsl_ftm.o(.rodata.str1.1)
    .L.str.4                                 0x10003a8d   Data          18  fsl_ftm.o(.rodata.str1.1)
    .L.str.8                                 0x10003a8e   Data          19  fsl_ftm.o(.rodata.str1.1)
    .L.str.6                                 0x10003a90   Data          35  fsl_flexcan.o(.rodata.str1.1)
    .L.str.5                                 0x10003a9f   Data          17  fsl_ftm.o(.rodata.str1.1)
    .L.str.9                                 0x10003aa1   Data          17  fsl_ftm.o(.rodata.str1.1)
    .L.str.1                                 0x10003ab0   Data          39  fsl_gpio.o(.rodata.str1.1)
    [Anonymous Symbol]                       0x10003ab0   Section        0  fsl_gpio.o(.rodata.str1.1)
    .L.str.10                                0x10003ab2   Data           6  fsl_ftm.o(.rodata.str1.1)
    .L.str.7                                 0x10003ab3   Data          29  fsl_flexcan.o(.rodata.str1.1)
    .L.str.12                                0x10003ab4   Data         125  fsl_edma.o(.rodata.str1.1)
    .L.str.11                                0x10003ab8   Data          10  fsl_ftm.o(.rodata.str1.1)
    .L.str.12                                0x10003ac2   Data          21  fsl_ftm.o(.rodata.str1.1)
    .L.str.8                                 0x10003ad0   Data          45  fsl_flexcan.o(.rodata.str1.1)
    .L.str                                   0x10003ad7   Data          15  fsl_gpio.o(.rodata.str1.1)
    .L.str.13                                0x10003ad7   Data          21  fsl_ftm.o(.rodata.str1.1)
    .L.str                                   0x10003adf   Data           7  fsl_gpio.o(.rodata.str1.1)
    .L.str.3                                 0x10003adf   Data           7  fsl_gpio.o(.rodata.str1.1)
    .L.str.2                                 0x10003ae6   Data          35  fsl_gpio.o(.rodata.str1.1)
    .L.str.14                                0x10003aec   Data          20  fsl_ftm.o(.rodata.str1.1)
    .L.str.9                                 0x10003afd   Data          45  fsl_flexcan.o(.rodata.str1.1)
    .L.str.15                                0x10003b00   Data          16  fsl_ftm.o(.rodata.str1.1)
    .L.str.10                                0x10003b2a   Data          35  fsl_flexcan.o(.rodata.str1.1)
    .L.str.13                                0x10003b31   Data          41  fsl_edma.o(.rodata.str1.1)
    .L.str.11                                0x10003b4d   Data          37  fsl_flexcan.o(.rodata.str1.1)
    .L.str.14                                0x10003b5a   Data           6  fsl_edma.o(.rodata.str1.1)
    .L.str.15                                0x10003b60   Data          35  fsl_edma.o(.rodata.str1.1)
    .L.str.12                                0x10003b72   Data           6  fsl_flexcan.o(.rodata.str1.1)
    .L.str.13                                0x10003b78   Data          17  fsl_flexcan.o(.rodata.str1.1)
    .L.str.16                                0x10003b83   Data          29  fsl_edma.o(.rodata.str1.1)
    .L.str.14                                0x10003b89   Data          23  fsl_flexcan.o(.rodata.str1.1)
    .L.str.15                                0x10003ba0   Data          17  fsl_flexcan.o(.rodata.str1.1)
    .L.str.16                                0x10003bb1   Data          15  fsl_flexcan.o(.rodata.str1.1)
    .L.str.17                                0x10003bc0   Data          16  fsl_flexcan.o(.rodata.str1.1)
    .L.str.18                                0x10003bd0   Data          51  fsl_flexcan.o(.rodata.str1.1)
    .L.str.19                                0x10003c03   Data          44  fsl_flexcan.o(.rodata.str1.1)
    .L.str.20                                0x10003c2f   Data          18  fsl_flexcan.o(.rodata.str1.1)
    .L.str.24                                0x10003c92   Data          38  fsl_flexcan.o(.rodata.str1.1)
    .L.str.25                                0x10003cb8   Data          25  fsl_flexcan.o(.rodata.str1.1)
    .L.str.26                                0x10003cd1   Data          25  fsl_flexcan.o(.rodata.str1.1)
    .L.str.27                                0x10003cea   Data          38  fsl_flexcan.o(.rodata.str1.1)
    .L.str.28                                0x10003d10   Data          74  fsl_flexcan.o(.rodata.str1.1)
    s_fastIrcFreq                            0x20000004   Data           4  fsl_clock.o(.data.s_fastIrcFreq)
    [Anonymous Symbol]                       0x20000004   Section        0  fsl_clock.o(.data.s_fastIrcFreq)
    s_flexcanIsr                             0x20000008   Data           4  fsl_flexcan.o(.data.s_flexcanIsr)
    [Anonymous Symbol]                       0x20000008   Section        0  fsl_flexcan.o(.data.s_flexcanIsr)
    s_slowIrcFreq                            0x2000000c   Data           4  fsl_clock.o(.data.s_slowIrcFreq)
    [Anonymous Symbol]                       0x2000000c   Section        0  fsl_clock.o(.data.s_slowIrcFreq)
    s_uartIsr                                0x20000010   Data           4  fsl_uart.o(.data.s_uartIsr)
    [Anonymous Symbol]                       0x20000010   Section        0  fsl_uart.o(.data.s_uartIsr)
    g_dspiHandle                             0x2000003c   Data          12  fsl_dspi.o(.bss.g_dspiHandle)
    [Anonymous Symbol]                       0x2000003c   Section        0  fsl_dspi.o(.bss.g_dspiHandle)
    s_EDMAHandle                             0x20000050   Data         128  fsl_edma.o(.bss.s_EDMAHandle)
    [Anonymous Symbol]                       0x20000050   Section        0  fsl_edma.o(.bss.s_EDMAHandle)
    s_ENETHandle                             0x200000d0   Data           4  fsl_enet.o(.bss.s_ENETHandle)
    [Anonymous Symbol]                       0x200000d0   Section        0  fsl_enet.o(.bss.s_ENETHandle)
    s_debugConsoleState                      0x200000d4   Data          28  fsl_debug_console.o(.bss.s_debugConsoleState)
    [Anonymous Symbol]                       0x200000d4   Section        0  fsl_debug_console.o(.bss.s_debugConsoleState)
    s_dspiMasterIsr                          0x200000f0   Data           4  fsl_dspi.o(.bss.s_dspiMasterIsr)
    [Anonymous Symbol]                       0x200000f0   Section        0  fsl_dspi.o(.bss.s_dspiMasterIsr)
    s_dspiSlaveIsr                           0x200000f4   Data           4  fsl_dspi.o(.bss.s_dspiSlaveIsr)
    [Anonymous Symbol]                       0x200000f4   Section        0  fsl_dspi.o(.bss.s_dspiSlaveIsr)
    s_enetErrIsr                             0x200000f8   Data           4  fsl_enet.o(.bss.s_enetErrIsr)
    [Anonymous Symbol]                       0x200000f8   Section        0  fsl_enet.o(.bss.s_enetErrIsr)
    s_enetRxIsr                              0x200000fc   Data           4  fsl_enet.o(.bss.s_enetRxIsr)
    [Anonymous Symbol]                       0x200000fc   Section        0  fsl_enet.o(.bss.s_enetRxIsr)
    s_enetTsIsr                              0x20000100   Data           4  fsl_enet.o(.bss.s_enetTsIsr)
    [Anonymous Symbol]                       0x20000100   Section        0  fsl_enet.o(.bss.s_enetTsIsr)
    s_enetTxIsr                              0x20000104   Data           4  fsl_enet.o(.bss.s_enetTxIsr)
    [Anonymous Symbol]                       0x20000104   Section        0  fsl_enet.o(.bss.s_enetTxIsr)
    s_flexcanHandle                          0x20000108   Data          12  fsl_flexcan.o(.bss.s_flexcanHandle)
    [Anonymous Symbol]                       0x20000108   Section        0  fsl_flexcan.o(.bss.s_flexcanHandle)
    s_i2cHandle                              0x20000114   Data           8  fsl_i2c.o(.bss.s_i2cHandle)
    [Anonymous Symbol]                       0x20000114   Section        0  fsl_i2c.o(.bss.s_i2cHandle)
    s_i2cMasterIsr                           0x2000011c   Data           4  fsl_i2c.o(.bss.s_i2cMasterIsr)
    [Anonymous Symbol]                       0x2000011c   Section        0  fsl_i2c.o(.bss.s_i2cMasterIsr)
    s_i2cSlaveIsr                            0x20000120   Data           4  fsl_i2c.o(.bss.s_i2cSlaveIsr)
    [Anonymous Symbol]                       0x20000120   Section        0  fsl_i2c.o(.bss.s_i2cSlaveIsr)
    s_uartHandle                             0x20000124   Data          24  fsl_uart.o(.bss.s_uartHandle)
    [Anonymous Symbol]                       0x20000124   Section        0  fsl_uart.o(.bss.s_uartHandle)
    VTOR                                     0xe000ed08   Number         0  startup_mkv58f24.o ABSOLUTE

    Global Symbols

    Symbol Name                              Value     Ov Type        Size  Object(Section)

    BuildAttributes$$THM_ISAv4$E$P$D$K$B$S$7EM$VFPi5$EXTD16$VFPS$VFMA$PE$PLD8$A:L22UL41UL21$X:L11$S22US41US21$IEEE1$IW$USESV6$~STKCKD$USESV7$~SHL$OSPACE$EBA8$MICROLIB$REQ8$PRES8$EABIv2 0x00000000   Number         0  anon$$obj.o ABSOLUTE
    __cpp_initialize__aeabi_                  - Undefined Weak Reference
    __cxa_finalize                            - Undefined Weak Reference
    __decompress                              - Undefined Weak Reference
    _clock_init                               - Undefined Weak Reference
    _microlib_exit                            - Undefined Weak Reference
    __Vectors                                0x10000000   Number      1024  startup_mkv58f24.o(.isr_vector)
    __main                                   0x10000411   Thumb Code     0  entry.o(.ARM.Collect$$$$00000000)
    _main_stk                                0x10000411   Thumb Code     0  entry4.o(.ARM.Collect$$$$00000003)
    _main_scatterload                        0x10000415   Thumb Code     0  entry5.o(.ARM.Collect$$$$00000004)
    __main_after_scatterload                 0x10000419   Thumb Code     0  entry5.o(.ARM.Collect$$$$00000004)
    _main_clock                              0x10000419   Thumb Code     0  entry7b.o(.ARM.Collect$$$$00000008)
    _main_cpp_init                           0x10000419   Thumb Code     0  entry8b.o(.ARM.Collect$$$$0000000A)
    _main_init                               0x10000419   Thumb Code     0  entry9a.o(.ARM.Collect$$$$0000000B)
    __rt_final_cpp                           0x10000421   Thumb Code     0  entry10a.o(.ARM.Collect$$$$0000000D)
    __rt_final_exit                          0x10000421   Thumb Code     0  entry11a.o(.ARM.Collect$$$$0000000F)
    Reset_Handler                            0x10000425   Thumb Code    40  startup_mkv58f24.o(.text)
    ADC0_IRQHandler                          0x1000044d   Thumb Code     4  startup_mkv58f24.o(.text)
    BusFault_Handler                         0x1000044d   Thumb Code     4  startup_mkv58f24.o(.text)
    CMP0_IRQHandler                          0x1000044d   Thumb Code     4  startup_mkv58f24.o(.text)
    CMP1_IRQHandler                          0x1000044d   Thumb Code     4  startup_mkv58f24.o(.text)
    CMP2_IRQHandler                          0x1000044d   Thumb Code     4  startup_mkv58f24.o(.text)
    CMP3_IRQHandler                          0x1000044d   Thumb Code     4  startup_mkv58f24.o(.text)
    DAC0_IRQHandler                          0x1000044d   Thumb Code     4  startup_mkv58f24.o(.text)
    DMA_Error_DriverIRQHandler               0x1000044d   Thumb Code     4  startup_mkv58f24.o(.text)
    DebugMon_Handler                         0x1000044d   Thumb Code     4  startup_mkv58f24.o(.text)
    DefaultISR                               0x1000044d   Thumb Code     4  startup_mkv58f24.o(.text)
    ENC_COMPARE_IRQHandler                   0x1000044d   Thumb Code     4  startup_mkv58f24.o(.text)
    ENC_HOME_IRQHandler                      0x1000044d   Thumb Code     4  startup_mkv58f24.o(.text)
    ENC_INDEX_IRQHandler                     0x1000044d   Thumb Code     4  startup_mkv58f24.o(.text)
    ENC_WDOG_SAB_IRQHandler                  0x1000044d   Thumb Code     4  startup_mkv58f24.o(.text)
    ENET_1588_Timer_DriverIRQHandler         0x1000044d   Thumb Code     4  startup_mkv58f24.o(.text)
    ENET_Error_DriverIRQHandler              0x1000044d   Thumb Code     4  startup_mkv58f24.o(.text)
    ENET_Receive_DriverIRQHandler            0x1000044d   Thumb Code     4  startup_mkv58f24.o(.text)
    ENET_Transmit_DriverIRQHandler           0x1000044d   Thumb Code     4  startup_mkv58f24.o(.text)
    FTFE_IRQHandler                          0x1000044d   Thumb Code     4  startup_mkv58f24.o(.text)
    FTM0_IRQHandler                          0x1000044d   Thumb Code     4  startup_mkv58f24.o(.text)
    FTM1_IRQHandler                          0x1000044d   Thumb Code     4  startup_mkv58f24.o(.text)
    FTM2_IRQHandler                          0x1000044d   Thumb Code     4  startup_mkv58f24.o(.text)
    FTM3_IRQHandler                          0x1000044d   Thumb Code     4  startup_mkv58f24.o(.text)
    HSADC0_CCA_IRQHandler                    0x1000044d   Thumb Code     4  startup_mkv58f24.o(.text)
    HSADC0_CCB_IRQHandler                    0x1000044d   Thumb Code     4  startup_mkv58f24.o(.text)
    HSADC1_CCA_IRQHandler                    0x1000044d   Thumb Code     4  startup_mkv58f24.o(.text)
    HSADC1_CCB_IRQHandler                    0x1000044d   Thumb Code     4  startup_mkv58f24.o(.text)
    HSADC_ERR_IRQHandler                     0x1000044d   Thumb Code     4  startup_mkv58f24.o(.text)
    LLWU_IRQHandler                          0x1000044d   Thumb Code     4  startup_mkv58f24.o(.text)
    LPTMR0_IRQHandler                        0x1000044d   Thumb Code     4  startup_mkv58f24.o(.text)
    MCG_IRQHandler                           0x1000044d   Thumb Code     4  startup_mkv58f24.o(.text)
    MCM_IRQHandler                           0x1000044d   Thumb Code     4  startup_mkv58f24.o(.text)
    MemManage_Handler                        0x1000044d   Thumb Code     4  startup_mkv58f24.o(.text)
    PDB0_IRQHandler                          0x1000044d   Thumb Code     4  startup_mkv58f24.o(.text)
    PDB1_IRQHandler                          0x1000044d   Thumb Code     4  startup_mkv58f24.o(.text)
    PIT0_IRQHandler                          0x1000044d   Thumb Code     4  startup_mkv58f24.o(.text)
    PIT1_IRQHandler                          0x1000044d   Thumb Code     4  startup_mkv58f24.o(.text)
    PIT2_IRQHandler                          0x1000044d   Thumb Code     4  startup_mkv58f24.o(.text)
    PIT3_IRQHandler                          0x1000044d   Thumb Code     4  startup_mkv58f24.o(.text)
    PMC_IRQHandler                           0x1000044d   Thumb Code     4  startup_mkv58f24.o(.text)
    PORTA_IRQHandler                         0x1000044d   Thumb Code     4  startup_mkv58f24.o(.text)
    PORTB_IRQHandler                         0x1000044d   Thumb Code     4  startup_mkv58f24.o(.text)
    PORTC_IRQHandler                         0x1000044d   Thumb Code     4  startup_mkv58f24.o(.text)
    PORTD_IRQHandler                         0x1000044d   Thumb Code     4  startup_mkv58f24.o(.text)
    PORTE_IRQHandler                         0x1000044d   Thumb Code     4  startup_mkv58f24.o(.text)
    PWM0_CAP_IRQHandler                      0x1000044d   Thumb Code     4  startup_mkv58f24.o(.text)
    PWM0_CMP0_IRQHandler                     0x1000044d   Thumb Code     4  startup_mkv58f24.o(.text)
    PWM0_CMP1_IRQHandler                     0x1000044d   Thumb Code     4  startup_mkv58f24.o(.text)
    PWM0_CMP2_IRQHandler                     0x1000044d   Thumb Code     4  startup_mkv58f24.o(.text)
    PWM0_CMP3_IRQHandler                     0x1000044d   Thumb Code     4  startup_mkv58f24.o(.text)
    PWM0_FAULT_IRQHandler                    0x1000044d   Thumb Code     4  startup_mkv58f24.o(.text)
    PWM0_RELOAD0_IRQHandler                  0x1000044d   Thumb Code     4  startup_mkv58f24.o(.text)
    PWM0_RELOAD1_IRQHandler                  0x1000044d   Thumb Code     4  startup_mkv58f24.o(.text)
    PWM0_RELOAD2_IRQHandler                  0x1000044d   Thumb Code     4  startup_mkv58f24.o(.text)
    PWM0_RELOAD3_IRQHandler                  0x1000044d   Thumb Code     4  startup_mkv58f24.o(.text)
    PWM0_RERR_IRQHandler                     0x1000044d   Thumb Code     4  startup_mkv58f24.o(.text)
    PWM1_CAP_IRQHandler                      0x1000044d   Thumb Code     4  startup_mkv58f24.o(.text)
    PWM1_CMP0_IRQHandler                     0x1000044d   Thumb Code     4  startup_mkv58f24.o(.text)
    PWM1_CMP1_IRQHandler                     0x1000044d   Thumb Code     4  startup_mkv58f24.o(.text)
    PWM1_CMP2_IRQHandler                     0x1000044d   Thumb Code     4  startup_mkv58f24.o(.text)
    PWM1_CMP3_IRQHandler                     0x1000044d   Thumb Code     4  startup_mkv58f24.o(.text)
    PWM1_FAULT_IRQHandler                    0x1000044d   Thumb Code     4  startup_mkv58f24.o(.text)
    PWM1_RELOAD0_IRQHandler                  0x1000044d   Thumb Code     4  startup_mkv58f24.o(.text)
    PWM1_RELOAD1_IRQHandler                  0x1000044d   Thumb Code     4  startup_mkv58f24.o(.text)
    PWM1_RELOAD2_IRQHandler                  0x1000044d   Thumb Code     4  startup_mkv58f24.o(.text)
    PWM1_RELOAD3_IRQHandler                  0x1000044d   Thumb Code     4  startup_mkv58f24.o(.text)
    PWM1_RERR_IRQHandler                     0x1000044d   Thumb Code     4  startup_mkv58f24.o(.text)
    Read_Collision_IRQHandler                0x1000044d   Thumb Code     4  startup_mkv58f24.o(.text)
    Reserved46_IRQHandler                    0x1000044d   Thumb Code     4  startup_mkv58f24.o(.text)
    Reserved88_IRQHandler                    0x1000044d   Thumb Code     4  startup_mkv58f24.o(.text)
    SWI_IRQHandler                           0x1000044d   Thumb Code     4  startup_mkv58f24.o(.text)
    TRNG0_IRQHandler                         0x1000044d   Thumb Code     4  startup_mkv58f24.o(.text)
    UART0_ERR_DriverIRQHandler               0x1000044d   Thumb Code     4  startup_mkv58f24.o(.text)
    UART1_ERR_DriverIRQHandler               0x1000044d   Thumb Code     4  startup_mkv58f24.o(.text)
    UART2_ERR_DriverIRQHandler               0x1000044d   Thumb Code     4  startup_mkv58f24.o(.text)
    UART3_ERR_DriverIRQHandler               0x1000044d   Thumb Code     4  startup_mkv58f24.o(.text)
    UART4_ERR_DriverIRQHandler               0x1000044d   Thumb Code     4  startup_mkv58f24.o(.text)
    UART5_ERR_DriverIRQHandler               0x1000044d   Thumb Code     4  startup_mkv58f24.o(.text)
    UsageFault_Handler                       0x1000044d   Thumb Code     4  startup_mkv58f24.o(.text)
    WDOG_EWM_IRQHandler                      0x1000044d   Thumb Code     4  startup_mkv58f24.o(.text)
    XBARA_IRQHandler                         0x1000044d   Thumb Code     4  startup_mkv58f24.o(.text)
    NMI_Handler                              0x10000451   Thumb Code     4  startup_mkv58f24.o(.text)
    HardFault_Handler                        0x10000455   Thumb Code     4  startup_mkv58f24.o(.text)
    SVC_Handler                              0x10000459   Thumb Code     4  startup_mkv58f24.o(.text)
    PendSV_Handler                           0x1000045d   Thumb Code     4  startup_mkv58f24.o(.text)
    SysTick_Handler                          0x10000461   Thumb Code     4  startup_mkv58f24.o(.text)
    DMA0_DMA16_IRQHandler                    0x10000465   Thumb Code     4  startup_mkv58f24.o(.text)
    DMA1_DMA17_IRQHandler                    0x10000469   Thumb Code     4  startup_mkv58f24.o(.text)
    DMA2_DMA18_IRQHandler                    0x1000046d   Thumb Code     4  startup_mkv58f24.o(.text)
    DMA3_DMA19_IRQHandler                    0x10000471   Thumb Code     4  startup_mkv58f24.o(.text)
    DMA4_DMA20_IRQHandler                    0x10000475   Thumb Code     4  startup_mkv58f24.o(.text)
    DMA5_DMA21_IRQHandler                    0x10000479   Thumb Code     4  startup_mkv58f24.o(.text)
    DMA6_DMA22_IRQHandler                    0x1000047d   Thumb Code     4  startup_mkv58f24.o(.text)
    DMA7_DMA23_IRQHandler                    0x10000481   Thumb Code     4  startup_mkv58f24.o(.text)
    DMA8_DMA24_IRQHandler                    0x10000485   Thumb Code     4  startup_mkv58f24.o(.text)
    DMA9_DMA25_IRQHandler                    0x10000489   Thumb Code     4  startup_mkv58f24.o(.text)
    DMA10_DMA26_IRQHandler                   0x1000048d   Thumb Code     4  startup_mkv58f24.o(.text)
    DMA11_DMA27_IRQHandler                   0x10000491   Thumb Code     4  startup_mkv58f24.o(.text)
    DMA12_DMA28_IRQHandler                   0x10000495   Thumb Code     4  startup_mkv58f24.o(.text)
    DMA13_DMA29_IRQHandler                   0x10000499   Thumb Code     4  startup_mkv58f24.o(.text)
    DMA14_DMA30_IRQHandler                   0x1000049d   Thumb Code     4  startup_mkv58f24.o(.text)
    DMA15_DMA31_IRQHandler                   0x100004a1   Thumb Code     4  startup_mkv58f24.o(.text)
    DMA_Error_IRQHandler                     0x100004a5   Thumb Code     4  startup_mkv58f24.o(.text)
    I2C0_IRQHandler                          0x100004a9   Thumb Code     4  startup_mkv58f24.o(.text)
    I2C1_IRQHandler                          0x100004ad   Thumb Code     4  startup_mkv58f24.o(.text)
    SPI0_IRQHandler                          0x100004b1   Thumb Code     4  startup_mkv58f24.o(.text)
    SPI1_IRQHandler                          0x100004b5   Thumb Code     4  startup_mkv58f24.o(.text)
    UART5_RX_TX_IRQHandler                   0x100004b9   Thumb Code     4  startup_mkv58f24.o(.text)
    UART5_ERR_IRQHandler                     0x100004bd   Thumb Code     4  startup_mkv58f24.o(.text)
    UART0_RX_TX_IRQHandler                   0x100004c1   Thumb Code     4  startup_mkv58f24.o(.text)
    UART0_ERR_IRQHandler                     0x100004c5   Thumb Code     4  startup_mkv58f24.o(.text)
    UART1_RX_TX_IRQHandler                   0x100004c9   Thumb Code     4  startup_mkv58f24.o(.text)
    UART1_ERR_IRQHandler                     0x100004cd   Thumb Code     4  startup_mkv58f24.o(.text)
    UART2_RX_TX_IRQHandler                   0x100004d1   Thumb Code     4  startup_mkv58f24.o(.text)
    UART2_ERR_IRQHandler                     0x100004d5   Thumb Code     4  startup_mkv58f24.o(.text)
    UART3_RX_TX_IRQHandler                   0x100004d9   Thumb Code     4  startup_mkv58f24.o(.text)
    UART3_ERR_IRQHandler                     0x100004dd   Thumb Code     4  startup_mkv58f24.o(.text)
    UART4_RX_TX_IRQHandler                   0x100004e1   Thumb Code     4  startup_mkv58f24.o(.text)
    UART4_ERR_IRQHandler                     0x100004e5   Thumb Code     4  startup_mkv58f24.o(.text)
    SPI2_IRQHandler                          0x100004e9   Thumb Code     4  startup_mkv58f24.o(.text)
    CAN0_ORed_Message_buffer_IRQHandler      0x100004ed   Thumb Code     4  startup_mkv58f24.o(.text)
    CAN0_Bus_Off_IRQHandler                  0x100004f1   Thumb Code     4  startup_mkv58f24.o(.text)
    CAN0_Error_IRQHandler                    0x100004f5   Thumb Code     4  startup_mkv58f24.o(.text)
    CAN0_Tx_Warning_IRQHandler               0x100004f9   Thumb Code     4  startup_mkv58f24.o(.text)
    CAN0_Rx_Warning_IRQHandler               0x100004fd   Thumb Code     4  startup_mkv58f24.o(.text)
    CAN0_Wake_Up_IRQHandler                  0x10000501   Thumb Code     4  startup_mkv58f24.o(.text)
    CAN1_ORed_Message_buffer_IRQHandler      0x10000505   Thumb Code     4  startup_mkv58f24.o(.text)
    CAN1_Bus_Off_IRQHandler                  0x10000509   Thumb Code     4  startup_mkv58f24.o(.text)
    CAN1_Error_IRQHandler                    0x1000050d   Thumb Code     4  startup_mkv58f24.o(.text)
    CAN1_Tx_Warning_IRQHandler               0x10000511   Thumb Code     4  startup_mkv58f24.o(.text)
    CAN1_Rx_Warning_IRQHandler               0x10000515   Thumb Code     4  startup_mkv58f24.o(.text)
    CAN1_Wake_Up_IRQHandler                  0x10000519   Thumb Code     4  startup_mkv58f24.o(.text)
    CAN2_ORed_Message_buffer_IRQHandler      0x1000052d   Thumb Code     4  startup_mkv58f24.o(.text)
    CAN2_Bus_Off_IRQHandler                  0x10000531   Thumb Code     4  startup_mkv58f24.o(.text)
    CAN2_Error_IRQHandler                    0x10000535   Thumb Code     4  startup_mkv58f24.o(.text)
    CAN2_Tx_Warning_IRQHandler               0x10000539   Thumb Code     4  startup_mkv58f24.o(.text)
    CAN2_Rx_Warning_IRQHandler               0x1000053d   Thumb Code     4  startup_mkv58f24.o(.text)
    CAN2_Wake_Up_IRQHandler                  0x10000541   Thumb Code     4  startup_mkv58f24.o(.text)
    __aeabi_memset                           0x10000639   Thumb Code    14  memseta.o(.text)
    __aeabi_memset4                          0x10000639   Thumb Code     0  memseta.o(.text)
    __aeabi_memset8                          0x10000639   Thumb Code     0  memseta.o(.text)
    __aeabi_memclr                           0x10000647   Thumb Code     4  memseta.o(.text)
    __aeabi_memclr4                          0x10000647   Thumb Code     0  memseta.o(.text)
    __aeabi_memclr8                          0x10000647   Thumb Code     0  memseta.o(.text)
    _memset$wrapper                          0x1000064b   Thumb Code    18  memseta.o(.text)
    strlen                                   0x1000065d   Thumb Code    14  strlen.o(.text)
    __scatterload                            0x1000066d   Thumb Code    28  init.o(.text)
    __scatterload_rt2                        0x1000066d   Thumb Code     0  init.o(.text)
    BOARD_BootClockRUN                       0x10000691   Thumb Code    98  clock_config.o(.text.BOARD_BootClockRUN)
    BOARD_InitPins                           0x100006f9   Thumb Code   752  pin_mux.o(.text.BOARD_InitPins)
    CAN0_DriverIRQHandler                    0x100009e9   Thumb Code    86  fsl_flexcan.o(.text.CAN0_DriverIRQHandler)
    CAN1_DriverIRQHandler                    0x10000a41   Thumb Code    86  fsl_flexcan.o(.text.CAN1_DriverIRQHandler)
    CAN2_DriverIRQHandler                    0x10000a99   Thumb Code    86  fsl_flexcan.o(.text.CAN2_DriverIRQHandler)
    CLOCK_BootToPeeMode                      0x10000af1   Thumb Code   126  fsl_clock.o(.text.CLOCK_BootToPeeMode)
    CLOCK_EnablePll0                         0x10000c11   Thumb Code   142  fsl_clock.o(.text.CLOCK_EnablePll0)
    CLOCK_GetEr32kClkFreq                    0x10000ca1   Thumb Code    82  fsl_clock.o(.text.CLOCK_GetEr32kClkFreq)
    CLOCK_GetFixedFreqClkFreq                0x10000cf9   Thumb Code    54  fsl_clock.o(.text.CLOCK_GetFixedFreqClkFreq)
    CLOCK_GetFllFreq                         0x10000dd1   Thumb Code   132  fsl_clock.o(.text.CLOCK_GetFllFreq)
    CLOCK_GetFreq                            0x10000e91   Thumb Code   258  fsl_clock.o(.text.CLOCK_GetFreq)
    CLOCK_GetInternalRefClkFreq              0x10000f99   Thumb Code    42  fsl_clock.o(.text.CLOCK_GetInternalRefClkFreq)
    CLOCK_GetOsc0ErClkDivFreq                0x10001049   Thumb Code   114  fsl_clock.o(.text.CLOCK_GetOsc0ErClkDivFreq)
    CLOCK_GetOsc0ErClkUndivFreq              0x100010c1   Thumb Code    88  fsl_clock.o(.text.CLOCK_GetOsc0ErClkUndivFreq)
    CLOCK_GetOutClkFreq                      0x10001161   Thumb Code    82  fsl_clock.o(.text.CLOCK_GetOutClkFreq)
    CLOCK_GetPll0Freq                        0x100011b9   Thumb Code   148  fsl_clock.o(.text.CLOCK_GetPll0Freq)
    CLOCK_GetPllFllSelClkFreq                0x10001259   Thumb Code    70  fsl_clock.o(.text.CLOCK_GetPllFllSelClkFreq)
    CLOCK_InitOsc0                           0x100012a1   Thumb Code   136  fsl_clock.o(.text.CLOCK_InitOsc0)
    CLOCK_SetExternalRefClkConfig            0x10001349   Thumb Code    14  fsl_clock.o(.text.CLOCK_SetExternalRefClkConfig)
    CLOCK_SetPbeMode                         0x10001359   Thumb Code   192  fsl_clock.o(.text.CLOCK_SetPbeMode)
    CLOCK_SetSimConfig                       0x10001439   Thumb Code    40  fsl_clock.o(.text.CLOCK_SetSimConfig)
    DMA0_DMA16_DriverIRQHandler              0x100015a9   Thumb Code    80  fsl_edma.o(.text.DMA0_DMA16_DriverIRQHandler)
    DMA10_DMA26_DriverIRQHandler             0x100015f9   Thumb Code    80  fsl_edma.o(.text.DMA10_DMA26_DriverIRQHandler)
    DMA11_DMA27_DriverIRQHandler             0x10001649   Thumb Code    80  fsl_edma.o(.text.DMA11_DMA27_DriverIRQHandler)
    DMA12_DMA28_DriverIRQHandler             0x10001699   Thumb Code    80  fsl_edma.o(.text.DMA12_DMA28_DriverIRQHandler)
    DMA13_DMA29_DriverIRQHandler             0x100016e9   Thumb Code    80  fsl_edma.o(.text.DMA13_DMA29_DriverIRQHandler)
    DMA14_DMA30_DriverIRQHandler             0x10001739   Thumb Code    80  fsl_edma.o(.text.DMA14_DMA30_DriverIRQHandler)
    DMA15_DMA31_DriverIRQHandler             0x10001789   Thumb Code    80  fsl_edma.o(.text.DMA15_DMA31_DriverIRQHandler)
    DMA1_DMA17_DriverIRQHandler              0x100017d9   Thumb Code    80  fsl_edma.o(.text.DMA1_DMA17_DriverIRQHandler)
    DMA2_DMA18_DriverIRQHandler              0x10001829   Thumb Code    80  fsl_edma.o(.text.DMA2_DMA18_DriverIRQHandler)
    DMA3_DMA19_DriverIRQHandler              0x10001879   Thumb Code    80  fsl_edma.o(.text.DMA3_DMA19_DriverIRQHandler)
    DMA4_DMA20_DriverIRQHandler              0x100018c9   Thumb Code    80  fsl_edma.o(.text.DMA4_DMA20_DriverIRQHandler)
    DMA5_DMA21_DriverIRQHandler              0x10001919   Thumb Code    80  fsl_edma.o(.text.DMA5_DMA21_DriverIRQHandler)
    DMA6_DMA22_DriverIRQHandler              0x10001969   Thumb Code    80  fsl_edma.o(.text.DMA6_DMA22_DriverIRQHandler)
    DMA7_DMA23_DriverIRQHandler              0x100019b9   Thumb Code    80  fsl_edma.o(.text.DMA7_DMA23_DriverIRQHandler)
    DMA8_DMA24_DriverIRQHandler              0x10001a09   Thumb Code    80  fsl_edma.o(.text.DMA8_DMA24_DriverIRQHandler)
    DMA9_DMA25_DriverIRQHandler              0x10001a59   Thumb Code    80  fsl_edma.o(.text.DMA9_DMA25_DriverIRQHandler)
    DbgConsole_Printf                        0x10001b89   Thumb Code   104  fsl_debug_console.o(.text.DbgConsole_Printf)
    DbgConsole_SendDataReliable              0x10001bf1   Thumb Code   158  fsl_debug_console.o(.text.DbgConsole_SendDataReliable)
    EDMA_GetChannelStatusFlags               0x10001c91   Thumb Code   114  fsl_edma.o(.text.EDMA_GetChannelStatusFlags)
    EDMA_HandleIRQ                           0x10001d09   Thumb Code   406  fsl_edma.o(.text.EDMA_HandleIRQ)
    ENET_1588_Timer_IRQHandler               0x10001ea1   Thumb Code    42  fsl_enet.o(.text.ENET_1588_Timer_IRQHandler)
    ENET_Error_IRQHandler                    0x10001ed1   Thumb Code    42  fsl_enet.o(.text.ENET_Error_IRQHandler)
    ENET_Receive_IRQHandler                  0x10001f01   Thumb Code    42  fsl_enet.o(.text.ENET_Receive_IRQHandler)
    ENET_Transmit_IRQHandler                 0x10001f31   Thumb Code    42  fsl_enet.o(.text.ENET_Transmit_IRQHandler)
    FTM_GetDefaultConfig                     0x10001f61   Thumb Code   112  fsl_ftm.o(.text.FTM_GetDefaultConfig)
    FTM_Init                                 0x10002039   Thumb Code   238  fsl_ftm.o(.text.FTM_Init)
    FTM_SetupPwm                             0x10002599   Thumb Code  1168  fsl_ftm.o(.text.FTM_SetupPwm)
    GPIO_PinInit                             0x10002a61   Thumb Code   106  fsl_gpio.o(.text.GPIO_PinInit)
    HAL_UartSendBlocking                     0x10002b09   Thumb Code   146  uart_adapter.o(.text.HAL_UartSendBlocking)
    I2C0_DriverIRQHandler                    0x10002ba1   Thumb Code    26  fsl_i2c.o(.text.I2C0_DriverIRQHandler)
    I2C1_DriverIRQHandler                    0x10002bc1   Thumb Code    26  fsl_i2c.o(.text.I2C1_DriverIRQHandler)
    SPI0_DriverIRQHandler                    0x10002cf1   Thumb Code    68  fsl_dspi.o(.text.SPI0_DriverIRQHandler)
    SPI1_DriverIRQHandler                    0x10002d39   Thumb Code    68  fsl_dspi.o(.text.SPI1_DriverIRQHandler)
    SPI2_DriverIRQHandler                    0x10002d81   Thumb Code    68  fsl_dspi.o(.text.SPI2_DriverIRQHandler)
    SerialManager_WriteBlocking              0x10002ec9   Thumb Code    24  serial_manager.o(.text.SerialManager_WriteBlocking)
    Serial_UartWrite                         0x10002ee1   Thumb Code   130  serial_port_uart.o(.text.Serial_UartWrite)
    StrFormatPrintf                          0x10002f69   Thumb Code   950  fsl_str.o(.text.StrFormatPrintf)
    SystemInit                               0x10003321   Thumb Code   278  system_mkv58f24.o(.text.SystemInit)
    SystemInitHook                           0x10003439   Thumb Code     2  system_mkv58f24.o(.text.SystemInitHook)
    UART0_DriverIRQHandler                   0x10003441   Thumb Code    44  fsl_uart.o(.text.UART0_DriverIRQHandler)
    UART0_RX_TX_DriverIRQHandler             0x10003471   Thumb Code     8  fsl_uart.o(.text.UART0_RX_TX_DriverIRQHandler)
    UART1_DriverIRQHandler                   0x10003479   Thumb Code    44  fsl_uart.o(.text.UART1_DriverIRQHandler)
    UART1_RX_TX_DriverIRQHandler             0x100034a9   Thumb Code     8  fsl_uart.o(.text.UART1_RX_TX_DriverIRQHandler)
    UART2_DriverIRQHandler                   0x100034b1   Thumb Code    44  fsl_uart.o(.text.UART2_DriverIRQHandler)
    UART2_RX_TX_DriverIRQHandler             0x100034e1   Thumb Code     8  fsl_uart.o(.text.UART2_RX_TX_DriverIRQHandler)
    UART3_DriverIRQHandler                   0x100034e9   Thumb Code    44  fsl_uart.o(.text.UART3_DriverIRQHandler)
    UART3_RX_TX_DriverIRQHandler             0x10003519   Thumb Code     8  fsl_uart.o(.text.UART3_RX_TX_DriverIRQHandler)
    UART4_DriverIRQHandler                   0x10003521   Thumb Code    44  fsl_uart.o(.text.UART4_DriverIRQHandler)
    UART4_RX_TX_DriverIRQHandler             0x10003551   Thumb Code     8  fsl_uart.o(.text.UART4_RX_TX_DriverIRQHandler)
    UART5_DriverIRQHandler                   0x10003559   Thumb Code    44  fsl_uart.o(.text.UART5_DriverIRQHandler)
    UART5_RX_TX_DriverIRQHandler             0x10003589   Thumb Code     8  fsl_uart.o(.text.UART5_RX_TX_DriverIRQHandler)
    UART_WriteBlocking                       0x10003591   Thumb Code    72  fsl_uart.o(.text.UART_WriteBlocking)
    __aeabi_assert                           0x100035d9   Thumb Code    32  fsl_assert.o(.text.__aeabi_assert)
    main                                     0x100035f9   Thumb Code   146  main.o(.text.main)
    __scatterload_copy                       0x1000368b   Thumb Code    14  handlers.o(i.__scatterload_copy)
    __scatterload_null                       0x10003699   Thumb Code     2  handlers.o(i.__scatterload_null)
    __scatterload_zeroinit                   0x1000369b   Thumb Code    14  handlers.o(i.__scatterload_zeroinit)
    mcgConfig_BOARD_BootClockRUN             0x100036c2   Data          10  clock_config.o(.rodata.mcgConfig_BOARD_BootClockRUN)
    oscConfig_BOARD_BootClockRUN             0x100036cc   Data           8  clock_config.o(.rodata.oscConfig_BOARD_BootClockRUN)
    simConfig_BOARD_BootClockRUN             0x1000370c   Data           8  clock_config.o(.rodata.simConfig_BOARD_BootClockRUN)
    Region$$Table$$Base                      0x10003ae8   Number         0  anon$$obj.o(Region$$Table)
    Region$$Table$$Limit                     0x10003b08   Number         0  anon$$obj.o(Region$$Table)
    SystemCoreClock                          0x20000000   Data           4  system_mkv58f24.o(.data.SystemCoreClock)
    ftmInfo                                  0x20000014   Data          28  main.o(.bss.ftmInfo)
    ftmParam                                 0x20000030   Data          10  main.o(.bss.ftmParam)
    g_serialHandle                           0x20000048   Data           4  fsl_debug_console.o(.bss.g_serialHandle)
    g_xtal0Freq                              0x2000004c   Data           4  fsl_clock.o(.bss.g_xtal0Freq)
    Image$$ARM_LIB_HEAP$$ZI$$Base            0x2000013c   Number         0  anon$$obj.o ABSOLUTE
    Image$$ARM_LIB_HEAP$$ZI$$Limit           0x2000053c   Number         0  anon$$obj.o ABSOLUTE
    Image$$ARM_LIB_STACK$$ZI$$Limit          0x20020000   Number         0  anon$$obj.o ABSOLUTE



==============================================================================

Memory Map of the image

  Image Entry point : 0x10000411

  Load Region LR_m_text (Base: 0x10000000, Size: 0x00003b1c, Max: 0x00100000, ABSOLUTE)

    Execution Region RW_m_data (Exec base: 0x00000040, Load base: 0x10003b08, Size: 0x00000000, Max: 0x0000ffc0, ABSOLUTE)

    **** No section assigned to this execution region ****


    Execution Region VECTOR_ROM (Exec base: 0x10000000, Load base: 0x10000000, Size: 0x00000400, Max: 0x00000400, ABSOLUTE)

    Exec Addr    Load Addr    Size         Type   Attr      Idx    E Section Name        Object

    0x10000000   0x10000000   0x00000400   Data   RO          253    .isr_vector         startup_mkv58f24.o


    Execution Region ER_m_flash_config (Exec base: 0x10000400, Load base: 0x10000400, Size: 0x00000010, Max: 0x00000010, ABSOLUTE, FIXED)

    Exec Addr    Load Addr    Size         Type   Attr      Idx    E Section Name        Object

    0x10000400   0x10000400   0x00000010   Data   RO          254    .FlashConfig        startup_mkv58f24.o


    Execution Region ER_m_text (Exec base: 0x10000410, Load base: 0x10000410, Size: 0x000036f8, Max: 0x000ffbf0, ABSOLUTE)

    Exec Addr    Load Addr    Size         Type   Attr      Idx    E Section Name        Object

    0x10000410   0x10000410   0x00000000   Code   RO         2139  * .ARM.Collect$$$$00000000  mc_w.l(entry.o)
    0x10000410   0x10000410   0x00000004   Code   RO         2180    .ARM.Collect$$$$00000003  mc_w.l(entry4.o)
    0x10000414   0x10000414   0x00000004   Code   RO         2183    .ARM.Collect$$$$00000004  mc_w.l(entry5.o)
    0x10000418   0x10000418   0x00000000   Code   RO         2185    .ARM.Collect$$$$00000008  mc_w.l(entry7b.o)
    0x10000418   0x10000418   0x00000000   Code   RO         2187    .ARM.Collect$$$$0000000A  mc_w.l(entry8b.o)
    0x10000418   0x10000418   0x00000008   Code   RO         2188    .ARM.Collect$$$$0000000B  mc_w.l(entry9a.o)
    0x10000420   0x10000420   0x00000000   Code   RO         2190    .ARM.Collect$$$$0000000D  mc_w.l(entry10a.o)
    0x10000420   0x10000420   0x00000000   Code   RO         2192    .ARM.Collect$$$$0000000F  mc_w.l(entry11a.o)
    0x10000420   0x10000420   0x00000004   Code   RO         2181    .ARM.Collect$$$$00002714  mc_w.l(entry4.o)
    0x10000424   0x10000424   0x00000214   Code   RO          252    .text               startup_mkv58f24.o
    0x10000638   0x10000638   0x00000024   Code   RO         2146    .text               mc_w.l(memseta.o)
    0x1000065c   0x1000065c   0x0000000e   Code   RO         2148    .text               mc_w.l(strlen.o)
    0x1000066a   0x1000066a   0x00000002   PAD
    0x1000066c   0x1000066c   0x00000024   Code   RO         2200    .text               mc_w.l(init.o)
    0x10000690   0x10000690   0x00000062   Code   RO           19    .text.BOARD_BootClockRUN  clock_config.o
    0x100006f2   0x100006f2   0x00000006   PAD
    0x100006f8   0x100006f8   0x000002f0   Code   RO           39    .text.BOARD_InitPins  pin_mux.o
    0x100009e8   0x100009e8   0x00000056   Code   RO         1198    .text.CAN0_DriverIRQHandler  fsl_flexcan.o
    0x10000a3e   0x10000a3e   0x00000002   PAD
    0x10000a40   0x10000a40   0x00000056   Code   RO         1200    .text.CAN1_DriverIRQHandler  fsl_flexcan.o
    0x10000a96   0x10000a96   0x00000002   PAD
    0x10000a98   0x10000a98   0x00000056   Code   RO         1202    .text.CAN2_DriverIRQHandler  fsl_flexcan.o
    0x10000aee   0x10000aee   0x00000002   PAD
    0x10000af0   0x10000af0   0x0000007e   Code   RO          430    .text.CLOCK_BootToPeeMode  fsl_clock.o
    0x10000b6e   0x10000b6e   0x00000002   PAD
    0x10000b70   0x10000b70   0x00000028   Code   RO           25    .text.CLOCK_CONFIG_SetFllExtRefDiv  clock_config.o
    0x10000b98   0x10000b98   0x00000012   Code   RO           21    .text.CLOCK_CONFIG_SetSimSafeDivs  clock_config.o
    0x10000baa   0x10000baa   0x00000006   PAD
    0x10000bb0   0x10000bb0   0x0000002a   Code   RO           41    .text.CLOCK_EnableClock  pin_mux.o
    0x10000bda   0x10000bda   0x00000006   PAD
    0x10000be0   0x10000be0   0x0000002a   Code   RO         1386    .text.CLOCK_EnableClock  fsl_ftm.o
    0x10000c0a   0x10000c0a   0x00000006   PAD
    0x10000c10   0x10000c10   0x0000008e   Code   RO          374    .text.CLOCK_EnablePll0  fsl_clock.o
    0x10000c9e   0x10000c9e   0x00000002   PAD
    0x10000ca0   0x10000ca0   0x00000052   Code   RO          326    .text.CLOCK_GetEr32kClkFreq  fsl_clock.o
    0x10000cf2   0x10000cf2   0x00000006   PAD
    0x10000cf8   0x10000cf8   0x00000036   Code   RO          350    .text.CLOCK_GetFixedFreqClkFreq  fsl_clock.o
    0x10000d2e   0x10000d2e   0x00000002   PAD
    0x10000d30   0x10000d30   0x000000a0   Code   RO          436    .text.CLOCK_GetFllExtRefClkFreq  fsl_clock.o
    0x10000dd0   0x10000dd0   0x00000084   Code   RO          330    .text.CLOCK_GetFllFreq  fsl_clock.o
    0x10000e54   0x10000e54   0x00000004   PAD
    0x10000e58   0x10000e58   0x00000038   Code   RO          364    .text.CLOCK_GetFllRefClkFreq  fsl_clock.o
    0x10000e90   0x10000e90   0x00000102   Code   RO          348    .text.CLOCK_GetFreq  fsl_clock.o
    0x10000f92   0x10000f92   0x00000006   PAD
    0x10000f98   0x10000f98   0x0000002a   Code   RO          352    .text.CLOCK_GetInternalRefClkFreq  fsl_clock.o
    0x10000fc2   0x10000fc2   0x00000006   PAD
    0x10000fc8   0x10000fc8   0x00000046   Code   RO          360    .text.CLOCK_GetInternalRefClkSelectFreq  fsl_clock.o
    0x1000100e   0x1000100e   0x00000002   PAD
    0x10001010   0x10001010   0x00000034   Code   RO          362    .text.CLOCK_GetMcgExtClkFreq  fsl_clock.o
    0x10001044   0x10001044   0x00000004   PAD
    0x10001048   0x10001048   0x00000072   Code   RO          324    .text.CLOCK_GetOsc0ErClkDivFreq  fsl_clock.o
    0x100010ba   0x100010ba   0x00000006   PAD
    0x100010c0   0x100010c0   0x00000058   Code   RO          322    .text.CLOCK_GetOsc0ErClkUndivFreq  fsl_clock.o
    0x10001118   0x10001118   0x00000042   Code   RO          386    .text.CLOCK_GetOscRangeFromFreq  fsl_clock.o
    0x1000115a   0x1000115a   0x00000006   PAD
    0x10001160   0x10001160   0x00000052   Code   RO          338    .text.CLOCK_GetOutClkFreq  fsl_clock.o
    0x100011b2   0x100011b2   0x00000006   PAD
    0x100011b8   0x100011b8   0x00000094   Code   RO          332    .text.CLOCK_GetPll0Freq  fsl_clock.o
    0x1000124c   0x1000124c   0x00000004   PAD
    0x10001250   0x10001250   0x00000008   Code   RO          366    .text.CLOCK_GetPll0RefFreq  fsl_clock.o
    0x10001258   0x10001258   0x00000046   Code   RO          328    .text.CLOCK_GetPllFllSelClkFreq  fsl_clock.o
    0x1000129e   0x1000129e   0x00000002   PAD
    0x100012a0   0x100012a0   0x00000088   Code   RO          384    .text.CLOCK_InitOsc0  fsl_clock.o
    0x10001328   0x10001328   0x0000001a   Code   RO          358    .text.CLOCK_SetEr32kClock  fsl_clock.o
    0x10001342   0x10001342   0x00000006   PAD
    0x10001348   0x10001348   0x0000000e   Code   RO          368    .text.CLOCK_SetExternalRefClkConfig  fsl_clock.o
    0x10001356   0x10001356   0x00000002   PAD
    0x10001358   0x10001358   0x000000c0   Code   RO          414    .text.CLOCK_SetPbeMode  fsl_clock.o
    0x10001418   0x10001418   0x0000001a   Code   RO          356    .text.CLOCK_SetPllFllSelClock  fsl_clock.o
    0x10001432   0x10001432   0x00000006   PAD
    0x10001438   0x10001438   0x00000028   Code   RO          354    .text.CLOCK_SetSimConfig  fsl_clock.o
    0x10001460   0x10001460   0x00000014   Code   RO           23    .text.CLOCK_SetXtal0Freq  clock_config.o
    0x10001474   0x10001474   0x00000004   PAD
    0x10001478   0x10001478   0x00000130   Code   RO           82    .text.ConvertRadixNumToString  fsl_str.o
    0x100015a8   0x100015a8   0x00000050   Code   RO          865    .text.DMA0_DMA16_DriverIRQHandler  fsl_edma.o
    0x100015f8   0x100015f8   0x00000050   Code   RO          885    .text.DMA10_DMA26_DriverIRQHandler  fsl_edma.o
    0x10001648   0x10001648   0x00000050   Code   RO          887    .text.DMA11_DMA27_DriverIRQHandler  fsl_edma.o
    0x10001698   0x10001698   0x00000050   Code   RO          889    .text.DMA12_DMA28_DriverIRQHandler  fsl_edma.o
    0x100016e8   0x100016e8   0x00000050   Code   RO          891    .text.DMA13_DMA29_DriverIRQHandler  fsl_edma.o
    0x10001738   0x10001738   0x00000050   Code   RO          893    .text.DMA14_DMA30_DriverIRQHandler  fsl_edma.o
    0x10001788   0x10001788   0x00000050   Code   RO          895    .text.DMA15_DMA31_DriverIRQHandler  fsl_edma.o
    0x100017d8   0x100017d8   0x00000050   Code   RO          867    .text.DMA1_DMA17_DriverIRQHandler  fsl_edma.o
    0x10001828   0x10001828   0x00000050   Code   RO          869    .text.DMA2_DMA18_DriverIRQHandler  fsl_edma.o
    0x10001878   0x10001878   0x00000050   Code   RO          871    .text.DMA3_DMA19_DriverIRQHandler  fsl_edma.o
    0x100018c8   0x100018c8   0x00000050   Code   RO          873    .text.DMA4_DMA20_DriverIRQHandler  fsl_edma.o
    0x10001918   0x10001918   0x00000050   Code   RO          875    .text.DMA5_DMA21_DriverIRQHandler  fsl_edma.o
    0x10001968   0x10001968   0x00000050   Code   RO          877    .text.DMA6_DMA22_DriverIRQHandler  fsl_edma.o
    0x100019b8   0x100019b8   0x00000050   Code   RO          879    .text.DMA7_DMA23_DriverIRQHandler  fsl_edma.o
    0x10001a08   0x10001a08   0x00000050   Code   RO          881    .text.DMA8_DMA24_DriverIRQHandler  fsl_edma.o
    0x10001a58   0x10001a58   0x00000050   Code   RO          883    .text.DMA9_DMA25_DriverIRQHandler  fsl_edma.o
    0x10001aa8   0x10001aa8   0x0000004c   Code   RO          701    .text.DSPI_CommonIRQHandler  fsl_dspi.o
    0x10001af4   0x10001af4   0x00000004   PAD
    0x10001af8   0x10001af8   0x0000002a   Code   RO          633    .text.DSPI_IsMaster  fsl_dspi.o
    0x10001b22   0x10001b22   0x00000006   PAD
    0x10001b28   0x10001b28   0x00000060   Code   RO          113    .text.DbgConsole_PrintCallback  fsl_debug_console.o
    0x10001b88   0x10001b88   0x00000068   Code   RO          111    .text.DbgConsole_Printf  fsl_debug_console.o
    0x10001bf0   0x10001bf0   0x0000009e   Code   RO           99    .text.DbgConsole_SendDataReliable  fsl_debug_console.o
    0x10001c8e   0x10001c8e   0x00000002   PAD
    0x10001c90   0x10001c90   0x00000072   Code   RO          833    .text.EDMA_GetChannelStatusFlags  fsl_edma.o
    0x10001d02   0x10001d02   0x00000006   PAD
    0x10001d08   0x10001d08   0x00000196   Code   RO          863    .text.EDMA_HandleIRQ  fsl_edma.o
    0x10001e9e   0x10001e9e   0x00000002   PAD
    0x10001ea0   0x10001ea0   0x0000002a   Code   RO         1024    .text.ENET_1588_Timer_IRQHandler  fsl_enet.o
    0x10001eca   0x10001eca   0x00000006   PAD
    0x10001ed0   0x10001ed0   0x0000002a   Code   RO         1022    .text.ENET_Error_IRQHandler  fsl_enet.o
    0x10001efa   0x10001efa   0x00000006   PAD
    0x10001f00   0x10001f00   0x0000002a   Code   RO         1020    .text.ENET_Receive_IRQHandler  fsl_enet.o
    0x10001f2a   0x10001f2a   0x00000006   PAD
    0x10001f30   0x10001f30   0x0000002a   Code   RO         1018    .text.ENET_Transmit_IRQHandler  fsl_enet.o
    0x10001f5a   0x10001f5a   0x00000006   PAD
    0x10001f60   0x10001f60   0x00000070   Code   RO         1398    .text.FTM_GetDefaultConfig  fsl_ftm.o
    0x10001fd0   0x10001fd0   0x00000062   Code   RO         1388    .text.FTM_GetInstance  fsl_ftm.o
    0x10002032   0x10002032   0x00000006   PAD
    0x10002038   0x10002038   0x000000ee   Code   RO         1384    .text.FTM_Init      fsl_ftm.o
    0x10002126   0x10002126   0x00000002   PAD
    0x10002128   0x10002128   0x00000052   Code   RO         1402    .text.FTM_SetComplementaryEnable  fsl_ftm.o
    0x1000217a   0x1000217a   0x00000006   PAD
    0x10002180   0x10002180   0x00000052   Code   RO         1404    .text.FTM_SetDeadTimeEnable  fsl_ftm.o
    0x100021d2   0x100021d2   0x00000006   PAD
    0x100021d8   0x100021d8   0x0000024e   Code   RO         1390    .text.FTM_SetPwmSync  fsl_ftm.o
    0x10002426   0x10002426   0x00000002   PAD
    0x10002428   0x10002428   0x0000016a   Code   RO         1392    .text.FTM_SetReloadPoints  fsl_ftm.o
    0x10002592   0x10002592   0x00000006   PAD
    0x10002598   0x10002598   0x00000490   Code   RO         1400    .text.FTM_SetupPwm  fsl_ftm.o
    0x10002a28   0x10002a28   0x00000032   Code   RO            6    .text.FTM_StartTimer  main.o
    0x10002a5a   0x10002a5a   0x00000006   PAD
    0x10002a60   0x10002a60   0x0000006a   Code   RO         1442    .text.GPIO_PinInit  fsl_gpio.o
    0x10002aca   0x10002aca   0x00000006   PAD
    0x10002ad0   0x10002ad0   0x00000036   Code   RO         1444    .text.GPIO_PinWrite  fsl_gpio.o
    0x10002b06   0x10002b06   0x00000002   PAD
    0x10002b08   0x10002b08   0x00000092   Code   RO          141    .text.HAL_UartSendBlocking  uart_adapter.o
    0x10002b9a   0x10002b9a   0x00000006   PAD
    0x10002ba0   0x10002ba0   0x0000001a   Code   RO         1599    .text.I2C0_DriverIRQHandler  fsl_i2c.o
    0x10002bba   0x10002bba   0x00000006   PAD
    0x10002bc0   0x10002bc0   0x0000001a   Code   RO         1603    .text.I2C1_DriverIRQHandler  fsl_i2c.o
    0x10002bda   0x10002bda   0x00000006   PAD
    0x10002be0   0x10002be0   0x0000006c   Code   RO         1601    .text.I2C_TransferCommonIRQHandler  fsl_i2c.o
    0x10002c4c   0x10002c4c   0x00000004   PAD
    0x10002c50   0x10002c50   0x00000038   Code   RO          388    .text.OSC_SetCapLoad  fsl_clock.o
    0x10002c88   0x10002c88   0x0000003e   Code   RO          390    .text.OSC_SetExtRefClkConfig  fsl_clock.o
    0x10002cc6   0x10002cc6   0x00000002   PAD
    0x10002cc8   0x10002cc8   0x00000028   Code   RO           43    .text.PORT_SetPinMux  pin_mux.o
    0x10002cf0   0x10002cf0   0x00000044   Code   RO          699    .text.SPI0_DriverIRQHandler  fsl_dspi.o
    0x10002d34   0x10002d34   0x00000004   PAD
    0x10002d38   0x10002d38   0x00000044   Code   RO          703    .text.SPI1_DriverIRQHandler  fsl_dspi.o
    0x10002d7c   0x10002d7c   0x00000004   PAD
    0x10002d80   0x10002d80   0x00000044   Code   RO          705    .text.SPI2_DriverIRQHandler  fsl_dspi.o
    0x10002dc4   0x10002dc4   0x00000004   PAD
    0x10002dc8   0x10002dc8   0x0000004c   Code   RO          221    .text.SerialManager_StartWriting  serial_manager.o
    0x10002e14   0x10002e14   0x00000004   PAD
    0x10002e18   0x10002e18   0x000000ac   Code   RO          211    .text.SerialManager_Write  serial_manager.o
    0x10002ec4   0x10002ec4   0x00000004   PAD
    0x10002ec8   0x10002ec8   0x00000018   Code   RO          209    .text.SerialManager_WriteBlocking  serial_manager.o
    0x10002ee0   0x10002ee0   0x00000082   Code   RO          237    .text.Serial_UartWrite  serial_port_uart.o
    0x10002f62   0x10002f62   0x00000006   PAD
    0x10002f68   0x10002f68   0x000003b6   Code   RO           80    .text.StrFormatPrintf  fsl_str.o
    0x1000331e   0x1000331e   0x00000002   PAD
    0x10003320   0x10003320   0x00000116   Code   RO           57    .text.SystemInit    system_mkv58f24.o
    0x10003436   0x10003436   0x00000002   PAD
    0x10003438   0x10003438   0x00000002   Code   RO           59    .text.SystemInitHook  system_mkv58f24.o
    0x1000343a   0x1000343a   0x00000006   PAD
    0x10003440   0x10003440   0x0000002c   Code   RO         1986    .text.UART0_DriverIRQHandler  fsl_uart.o
    0x1000346c   0x1000346c   0x00000004   PAD
    0x10003470   0x10003470   0x00000008   Code   RO         1988    .text.UART0_RX_TX_DriverIRQHandler  fsl_uart.o
    0x10003478   0x10003478   0x0000002c   Code   RO         1990    .text.UART1_DriverIRQHandler  fsl_uart.o
    0x100034a4   0x100034a4   0x00000004   PAD
    0x100034a8   0x100034a8   0x00000008   Code   RO         1992    .text.UART1_RX_TX_DriverIRQHandler  fsl_uart.o
    0x100034b0   0x100034b0   0x0000002c   Code   RO         1994    .text.UART2_DriverIRQHandler  fsl_uart.o
    0x100034dc   0x100034dc   0x00000004   PAD
    0x100034e0   0x100034e0   0x00000008   Code   RO         1996    .text.UART2_RX_TX_DriverIRQHandler  fsl_uart.o
    0x100034e8   0x100034e8   0x0000002c   Code   RO         1998    .text.UART3_DriverIRQHandler  fsl_uart.o
    0x10003514   0x10003514   0x00000004   PAD
    0x10003518   0x10003518   0x00000008   Code   RO         2000    .text.UART3_RX_TX_DriverIRQHandler  fsl_uart.o
    0x10003520   0x10003520   0x0000002c   Code   RO         2002    .text.UART4_DriverIRQHandler  fsl_uart.o
    0x1000354c   0x1000354c   0x00000004   PAD
    0x10003550   0x10003550   0x00000008   Code   RO         2004    .text.UART4_RX_TX_DriverIRQHandler  fsl_uart.o
    0x10003558   0x10003558   0x0000002c   Code   RO         2006    .text.UART5_DriverIRQHandler  fsl_uart.o
    0x10003584   0x10003584   0x00000004   PAD
    0x10003588   0x10003588   0x00000008   Code   RO         2008    .text.UART5_RX_TX_DriverIRQHandler  fsl_uart.o
    0x10003590   0x10003590   0x00000048   Code   RO         1948    .text.UART_WriteBlocking  fsl_uart.o
    0x100035d8   0x100035d8   0x00000020   Code   RO           71    .text.__aeabi_assert  fsl_assert.o
    0x100035f8   0x100035f8   0x00000092   Code   RO            4    .text.main          main.o
    0x1000368a   0x1000368a   0x0000000e   Code   RO         2204    i.__scatterload_copy  mc_w.l(handlers.o)
    0x10003698   0x10003698   0x00000002   Code   RO         2205    i.__scatterload_null  mc_w.l(handlers.o)
    0x1000369a   0x1000369a   0x0000000e   Code   RO         2206    i.__scatterload_zeroinit  mc_w.l(handlers.o)
    0x100036a8   0x100036a8   0x00000002   Data   RO           47    .rodata..L__const.BOARD_InitPins.BST_CHNL_0_config  pin_mux.o
    0x100036aa   0x100036aa   0x00000002   Data   RO           48    .rodata..L__const.BOARD_InitPins.BST_CHNL_1_config  pin_mux.o
    0x100036ac   0x100036ac   0x00000002   Data   RO           45    .rodata..L__const.BOARD_InitPins.a1_config  pin_mux.o
    0x100036ae   0x100036ae   0x00000002   Data   RO           46    .rodata..L__const.BOARD_InitPins.a2_config  pin_mux.o
    0x100036b0   0x100036b0   0x00000002   Data   RO           49    .rodata..L__const.BOARD_InitPins.test_pin_config  pin_mux.o
    0x100036b2   0x100036b2   0x00000010   Data   RO          440    .rodata.CLOCK_GetFllFreq.fllFactorTable  fsl_clock.o
    0x100036c2   0x100036c2   0x0000000a   Data   RO           27    .rodata.mcgConfig_BOARD_BootClockRUN  clock_config.o
    0x100036cc   0x100036cc   0x00000008   Data   RO           29    .rodata.oscConfig_BOARD_BootClockRUN  clock_config.o
    0x100036d4   0x100036d4   0x00000018   Data   RO          148    .rodata.s_UartAdapterBase  uart_adapter.o
    0x100036ec   0x100036ec   0x00000010   Data   RO         1434    .rodata.s_ftmBases  fsl_ftm.o
    0x100036fc   0x100036fc   0x00000010   Data   RO         1433    .rodata.s_ftmClocks  fsl_ftm.o
    0x1000370c   0x1000370c   0x00000008   Data   RO           28    .rodata.simConfig_BOARD_BootClockRUN  clock_config.o
    0x10003714   0x10003714   0x0000002b   Data   RO           73    .rodata.str1.1      fsl_assert.o
    0x1000373f   0x1000373f   0x00000055   Data   RO          124    .rodata.str1.1      fsl_debug_console.o
    0x10003794   0x10003794   0x00000035   Data   RO          147    .rodata.str1.1      uart_adapter.o
    0x100037c9   0x100037c9   0x00000041   Data   RO          225    .rodata.str1.1      serial_manager.o
    0x1000380a   0x1000380a   0x0000003d   Data   RO          245    .rodata.str1.1      serial_port_uart.o
    0x10003847   0x10003847   0x00000045   Data   RO          439    .rodata.str1.1      fsl_clock.o
    0x1000388c   0x1000388c   0x0000006f   Data   RO          713    .rodata.str1.1      fsl_dspi.o
    0x100038fb   0x100038fb   0x0000006a   Data   RO          899    .rodata.str1.1      fsl_edma.o
    0x10003965   0x10003965   0x0000007b   Data   RO         1209    .rodata.str1.1      fsl_flexcan.o
    0x100039e0   0x100039e0   0x000000d0   Data   RO         1432    .rodata.str1.1      fsl_ftm.o
    0x10003ab0   0x10003ab0   0x00000036   Data   RO         1452    .rodata.str1.1      fsl_gpio.o
    0x10003ae6   0x10003ae6   0x00000002   PAD
    0x10003ae8   0x10003ae8   0x00000020   Data   RO         2203    Region$$Table       anon$$obj.o


    Execution Region RW_m_data_2 (Exec base: 0x20000000, Load base: 0x10003b08, Size: 0x0000013c, Max: 0x0001f800, ABSOLUTE)

    Exec Addr    Load Addr    Size         Type   Attr      Idx    E Section Name        Object

    0x20000000   0x10003b08   0x00000004   Data   RW           63    .data.SystemCoreClock  system_mkv58f24.o
    0x20000004   0x10003b0c   0x00000004   Data   RW          442    .data.s_fastIrcFreq  fsl_clock.o
    0x20000008   0x10003b10   0x00000004   Data   RW         1212    .data.s_flexcanIsr  fsl_flexcan.o
    0x2000000c   0x10003b14   0x00000004   Data   RW          441    .data.s_slowIrcFreq  fsl_clock.o
    0x20000010   0x10003b18   0x00000004   Data   RW         2016    .data.s_uartIsr     fsl_uart.o
    0x20000014        -       0x0000001c   Zero   RW            9    .bss.ftmInfo        main.o
    0x20000030        -       0x0000000a   Zero   RW            8    .bss.ftmParam       main.o
    0x2000003a   0x10003b1c   0x00000002   PAD
    0x2000003c        -       0x0000000c   Zero   RW          719    .bss.g_dspiHandle   fsl_dspi.o
    0x20000048        -       0x00000004   Zero   RW          125    .bss.g_serialHandle  fsl_debug_console.o
    0x2000004c        -       0x00000004   Zero   RW          438    .bss.g_xtal0Freq    fsl_clock.o
    0x20000050        -       0x00000080   Zero   RW          901    .bss.s_EDMAHandle   fsl_edma.o
    0x200000d0        -       0x00000004   Zero   RW         1040    .bss.s_ENETHandle   fsl_enet.o
    0x200000d4        -       0x0000001c   Zero   RW          123    .bss.s_debugConsoleState  fsl_debug_console.o
    0x200000f0        -       0x00000004   Zero   RW          721    .bss.s_dspiMasterIsr  fsl_dspi.o
    0x200000f4        -       0x00000004   Zero   RW          722    .bss.s_dspiSlaveIsr  fsl_dspi.o
    0x200000f8        -       0x00000004   Zero   RW         1043    .bss.s_enetErrIsr   fsl_enet.o
    0x200000fc        -       0x00000004   Zero   RW         1041    .bss.s_enetRxIsr    fsl_enet.o
    0x20000100        -       0x00000004   Zero   RW         1042    .bss.s_enetTsIsr    fsl_enet.o
    0x20000104        -       0x00000004   Zero   RW         1039    .bss.s_enetTxIsr    fsl_enet.o
    0x20000108        -       0x0000000c   Zero   RW         1211    .bss.s_flexcanHandle  fsl_flexcan.o
    0x20000114        -       0x00000008   Zero   RW         1611    .bss.s_i2cHandle    fsl_i2c.o
    0x2000011c        -       0x00000004   Zero   RW         1612    .bss.s_i2cMasterIsr  fsl_i2c.o
    0x20000120        -       0x00000004   Zero   RW         1614    .bss.s_i2cSlaveIsr  fsl_i2c.o
    0x20000124        -       0x00000018   Zero   RW         2015    .bss.s_uartHandle   fsl_uart.o


    Execution Region ARM_LIB_HEAP (Exec base: 0x2000013c, Load base: 0x10003b1c, Size: 0x00000400, Max: 0x00000400, ABSOLUTE)

    Exec Addr    Load Addr    Size         Type   Attr      Idx    E Section Name        Object

    0x2000013c        -       0x00000400   Zero   RW            1    ARM_LIB_HEAP.bss    anon$$obj.o


    Execution Region ARM_LIB_STACK (Exec base: 0x2001fc00, Load base: 0x10003b1c, Size: 0x00000400, Max: 0x00000400, ABSOLUTE)

    Exec Addr    Load Addr    Size         Type   Attr      Idx    E Section Name        Object

    0x2001fc00        -       0x00000400   Zero   RW            2    ARM_LIB_STACK.bss   anon$$obj.o


==============================================================================

Image component sizes


      Code (inc. data)   RO Data    RW Data    ZI Data      Debug   Object Name

       176          0         26          0          0       4121   clock_config.o
        32          0         43          0          0        610   fsl_assert.o
      2302         24         85          8          4      18605   fsl_clock.o
       358          0         85          0         32       6315   fsl_debug_console.o
       322          0        111          0         20      28206   fsl_dspi.o
      1800          0        106          0        128      24266   fsl_edma.o
       168          0          0          0         20      23977   fsl_enet.o
       258          0        123          4         12      25392   fsl_flexcan.o
      2774          0        240          0          0      15653   fsl_ftm.o
       160          0         54          0          0       2576   fsl_gpio.o
       160          0          0          0         16      22303   fsl_i2c.o
      1254          0          0          0          0       5234   fsl_str.o
       384          0          0          4         24      21433   fsl_uart.o
       196          0          0          0         38       4960   main.o
       834          0         10          0          0       5132   pin_mux.o
       272          0         65          0          0       5878   serial_manager.o
       130          0         61          0          0       3937   serial_port_uart.o
       532        260       1040          0          0       2907   startup_mkv58f24.o
       280          0          0          4          0       4514   system_mkv58f24.o
       146          0         77          0          0       5237   uart_adapter.o

    ----------------------------------------------------------------------
     12814        284       2160         20       2344     231256   Object Totals
         0          0         32          0       2048          0   (incl. Generated)
       276          0          2          0          2          0   (incl. Padding)

    ----------------------------------------------------------------------

      Code (inc. data)   RO Data    RW Data    ZI Data      Debug   Library Member Name

         0          0          0          0          0          0   entry.o
         0          0          0          0          0          0   entry10a.o
         0          0          0          0          0          0   entry11a.o
         8          4          0          0          0          0   entry4.o
         4          0          0          0          0          0   entry5.o
         0          0          0          0          0          0   entry7b.o
         0          0          0          0          0          0   entry8b.o
         8          4          0          0          0          0   entry9a.o
        30          0          0          0          0          0   handlers.o
        36          8          0          0          0         68   init.o
        36          0          0          0          0        108   memseta.o
        14          0          0          0          0         68   strlen.o

    ----------------------------------------------------------------------
       138         16          0          0          0        244   Library Totals
         2          0          0          0          0          0   (incl. Padding)

    ----------------------------------------------------------------------

      Code (inc. data)   RO Data    RW Data    ZI Data      Debug   Library Name

       136         16          0          0          0        244   mc_w.l

    ----------------------------------------------------------------------
       138         16          0          0          0        244   Library Totals

    ----------------------------------------------------------------------

==============================================================================


      Code (inc. data)   RO Data    RW Data    ZI Data      Debug   

     12952        300       2160         20       2344     231416   Grand Totals
     12952        300       2160         20       2344     231416   ELF Image Totals
     12952        300       2160         20          0          0   ROM Totals

==============================================================================

    Total RO  Size (Code + RO Data)                15112 (  14.76kB)
    Total RW  Size (RW Data + ZI Data)              2364 (   2.31kB)
    Total ROM Size (Code + RO Data + RW Data)      15132 (  14.78kB)

==============================================================================

